To : debian-boot@lists.debian.org
Subject : Re: Armel: Debian installer freeezes (GuruPlug Server plus)
From : Kari Tanninen <otmen@elisanet.fi>
Date : Thu, 01 Mar 2018 13:36:00 +0200
Message-id : ef5a585488615858fc915f0dbf1327af@be508.mail.saunalahti.fi
In-reply-to : <[ðŸ”Ž]Â 7d2b5cd2b76322278749f6358709f811@be508.mail.saunalahti.fi>
References : <[ðŸ”Ž]Â 7d2b5cd2b76322278749f6358709f811@be508.mail.saunalahti.fi>


Log:
Initializing Modem
Welcome to minicom 2.3
Port /dev/ttyUSB0 Press CTRL-A Z for help on special keys
U-Boot 2016.11+dfsg1-4 (Mar 27 2017 - 18:39:51 +0000)
Marvell-GuruPlug
SoC:   Kirkwood 88F6281_A0
DRAM:  512 MiB
WARNING: Caches not enabled
NAND:  512 MiB
In:    serial
Out:   serial
Err:   serial
Net:   egiga0, egiga1
88E1121 Initialized on egiga0
88E1121 Initialized on egiga1
IDE:   ide_preinit failed
Hit any key to stop autoboot:  6 5 4 3 2 1
starting USB...
USB0:   USB EHCI 1.00
scanning bus 0 for devices... 4 USB Device(s) found
   scanning usb for storage devices... Device NOT ready
   Request Sense returned 02 3A 00
3 Storage Device(s) found
2055218 bytes read in 242 ms (8.1 MiB/s)
12015242 bytes read in 972 ms (11.8 MiB/s)
10522 bytes read in 76 ms (134.8 KiB/s)
chosen {
   bootargs = "console=ttyS0, 115200 root=/dev/sdb2 rootdelay=10 base-
   installer/initramfs-tools/driver-policy=most";
   stdout-path = "/ocp@f1000000/serial@12000";
}
## Booting kernel from Legacy Image at 00800000 ...
   Image Name:   Debian kernel
   Created:      2017-12-04   7:25:55 UTC
   Image Type:   ARM Linux Kernel Image (uncompressed)
   Data Size:    2055154 Bytes = 2 MiB
   Load Address: 00008000
   Entry Point:  00008000
   Verifying Checksum ... OK
## Loading init Ramdisk from Legacy Image at 01100000 ...
   Image Name:   debian-installer ramdisk
   Created:      2017-12-04   7:25:55 UTC
   Image Type:   ARM Linux RAMDisk Image (gzip compressed)
   Data Size:    12015178 Bytes = 11.5 MiB
   Load Address: 00000000
   Entry Point:  00000000
   Verifying Checksum ... OK
## Flattened Device Tree blob at 0c000000
   Booting using the fdt blob at 0xc000000
   Loading Kernel Image ... OK
   reserving fdt memory region: addr=c000000 size=3000
   Using Device Tree in place at 0c000000, end 0c005fff
Starting kernel ...
Uncompressing Linux... done, booting the kernel.
[    0.000000] Booting Linux on physical CPU 0x0
[    0.000000] random: get_random_bytes called from 
start_kernel+0x28/0x3ec with crng_init=0
[    0.000000] Linux version 4.13.0-1-marvell 
(debian-kernel@lists.debian.org) (gcc version 6.4.0 20171112 (Debian 
6.4.0-10)) #1 Debian 4.13.13-1 (2017-11-16)
[    0.000000] CPU: Feroceon 88FR131 [56251311] revision 1 (ARMv5TE), 
cr=0005397f
[    0.000000] OF: fdt: Machine model: Globalscale Technologies Guruplug 
Server Plus
[    0.000000] Built 1 zonelists in Zone order, mobility grouping on.  
Total pages: 130048
[    0.000000] Dentry cache hash table entries: 65536 (order: 6, 262144 
bytes)
[    0.000000] Inode-cache hash table entries: 32768 (order: 5, 131072 
bytes)
[    0.000000] Memory: 513692K/524288K available (3796K kernel code, 
325K rwdata, 1164K rodata, 308K init, 229K bss, 10596K reserved, 0K 
cma-reserved, 0K highmem)
[    0.000000] clocksource: orion_clocksource: mask: 0xffffffff 
max_cycles: 0xffffffff, max_idle_ns: 9556302233 ns
[    0.000008] sched_clock: 32 bits at 200MHz, resolution 5ns, wraps 
every 10737418237ns
[17;1H[    0.019076] Calibrating delay loop (skipped), value calculated 
using timer frequency.. 400.00 BogoMIPS (lpj=800000)
[    0.038832] Yama: disabled by default; enable with sysctl 
kernel.yama.*
[    0.050046] Mount-cache hash table entries: 1024 (order: 0, 4096 
bytes)
[    0.056819] Mountpoint-cache hash table entries: 1024 (order: 0, 4096 
bytes)
[    0.095487] clocksource: jiffies: mask: 0xffffffff max_cycles: 
0xffffffff, max_idle_ns: 7645041785100000 ns
[    0.123258] DMA: preallocated 256 KiB pool for atomic coherent 
allocations
[    0.149021] [Firmware Info]: 
/ocp@f1000000/ethernet-controller@72000/ethernet0-port@0: 
local-mac-address is not set
[    0.159689] [Firmware Info]: 
/ocp@f1000000/ethernet-controller@76000/ethernet1-port@0: 
local-mac-address is not set
[    0.213410] VFS: Dquot-cache hash table entries: 1024 (order 0, 4096 
bytes)
[    0.238501] TCP established hash table entries: 4096 (order: 2, 16384 
bytes)
[17;1H[    0.282711] audit: type=2000 audit(0.220:1): state=initialized 
audit_enabled=0 res=1
[17;1H[    0.290625] workingset: timestamp_bits=30 max_order=17 
bucket_order=0
[    4.468981] Block layer SCSI generic (bsg) driver version 0.4 loaded 
(major 251)
[    4.486707] kirkwood-pinctrl f1010000.pin-controller: registered 
pinctrl driver
[    4.531469] mv_xor f1060800.xor: Marvell XOR (Registers Mode): ( xor 
cpy sg intr )
[    4.575471] mv_xor f1060900.xor: Marvell XOR (Registers Mode): ( xor 
cpy sg intr )
[    4.594690] f1012000.serial: ttyS0 at MMIO 0xf1012000 (irq = 25, 
base_baud = 12500000) is a 16550A
[    4.624899] rtc-mv f1010300.rtc: rtc core: registered f1010300.rtc as 
rtc0
[    4.658158] rtc-mv f1010300.rtc: setting system clock to 2000-01-01 
00:00:00 UTC (946684800)
[    4.677034] Kernel panic - not syncing: VFS: Unable to mount root fs 
on unknown-block(0,0)
[    4.685334] CPU: 0 PID: 1 Comm: swapper Not tainted 4.13.0-1-marvell 
#1 Debian 4.13.13-1
[    4.699776] [<c00163a8>] (unwind_backtrace) from [<c0013214>] 
(show_stack+0x18/0x1c)
[    4.707563] [<c0013214>] (show_stack) from [<c0021014>] 
(panic+0xb8/0x254)
[    4.714478] [<c0021014>] (panic) from [<c0504320>] 
(mount_block_root+0x244/0x2e8)
[    4.721999] [<c0504320>] (mount_block_root) from [<c0504590>] 
(prepare_namespace+0x150/0x190)
[    4.730569] [<c0504590>] (prepare_namespace) from [<c0503ea8>] 
(kernel_init_freeable+0x160/0x1c0)
[    4.739480] [<c0503ea8>] (kernel_init_freeable) from [<c03b8e88>] 
(kernel_init+0x10/0xf4)
[    4.747694] [<c03b8e88>] (kernel_init) from [<c000f5f0>] 
(ret_from_fork+0x14/0x24)
[    4.755299] ---[ end Kernel panic - not syncing: VFS: Unable to mount 
root fs on unknown-block(0,0)