To : "submit@bugs.debian.org" <submit@bugs.debian.org>
Subject : Bug#867898: debian-installer-netboot-images: debian-installer-9-netboot-amd64 scsi modules missing. Netboot image unusable
From : "Paschedag, Robert" <paschedag.netlution@swr.de>
Date : Mon, 10 Jul 2017 11:33:22 +0000
Message-id : VI1PR08MB0863164E0A11844C3B64A4C299A90@VI1PR08MB0863.eurprd08.prod.outlook.com
Reply-to : "Paschedag, Robert" <paschedag.netlution@swr.de>, 867898@bugs.debian.org


Jul 10 10:50:14 syslogd started: BusyBox v1.22.1
Jul 10 10:50:14 kernel: klogd started: BusyBox v1.22.1 (Debian 1:1.22.0-19+b3)
Jul 10 10:50:14 kernel: [    0.000000] Linux version 4.9.0-3-amd64 (debian-kernel@lists.debian.org) (gcc version 6.3.0 20170516 (Debian 6.3.0-18) ) #1 SMP Debian 4.9.30-2 (2017-06-12)
Jul 10 10:50:14 kernel: [    0.000000] Command line: initrd=/images/Debian_Stretch:1:SWR/initrd.img ksdevice=bootif lang=  url=http://spacewalk-test.swr.ard/ks/cfg/org/1/label/rp_stretch_test text keymap=de auto=true country=DE netcfg/get_domain=swr.ard  BOOTIF=01-00-50-56-a1-38-69 BOOT_IMAGE=/images/Debian_Stretch:1:SWR/vmlinuz 
Jul 10 10:50:14 kernel: [    0.000000] Disabled fast string operations
Jul 10 10:50:14 kernel: [    0.000000] x86/fpu: Supporting XSAVE feature 0x001: 'x87 floating point registers'
Jul 10 10:50:14 kernel: [    0.000000] x86/fpu: Supporting XSAVE feature 0x002: 'SSE registers'
Jul 10 10:50:14 kernel: [    0.000000] x86/fpu: Supporting XSAVE feature 0x004: 'AVX registers'
Jul 10 10:50:14 kernel: [    0.000000] x86/fpu: xstate_offset[2]:  576, xstate_sizes[2]:  256
Jul 10 10:50:14 kernel: [    0.000000] x86/fpu: Enabled xstate features 0x7, context size is 832 bytes, using 'standard' format.
Jul 10 10:50:14 kernel: [    0.000000] x86/fpu: Using 'eager' FPU context switches.
Jul 10 10:50:14 kernel: [    0.000000] e820: BIOS-provided physical RAM map:
Jul 10 10:50:14 kernel: [    0.000000] BIOS-e820: [mem 0x0000000000000000-0x000000000009f3ff] usable
Jul 10 10:50:14 kernel: [    0.000000] BIOS-e820: [mem 0x000000000009f400-0x000000000009ffff] reserved
Jul 10 10:50:14 kernel: [    0.000000] BIOS-e820: [mem 0x00000000000ca000-0x00000000000cbfff] reserved
Jul 10 10:50:14 kernel: [    0.000000] BIOS-e820: [mem 0x00000000000dc000-0x00000000000fffff] reserved
Jul 10 10:50:14 kernel: [    0.000000] BIOS-e820: [mem 0x0000000000100000-0x000000003feeffff] usable
Jul 10 10:50:14 kernel: [    0.000000] BIOS-e820: [mem 0x000000003fef0000-0x000000003fefefff] ACPI data
Jul 10 10:50:14 kernel: [    0.000000] BIOS-e820: [mem 0x000000003feff000-0x000000003fefffff] ACPI NVS
Jul 10 10:50:14 kernel: [    0.000000] BIOS-e820: [mem 0x000000003ff00000-0x000000003fffffff] usable
Jul 10 10:50:14 kernel: [    0.000000] BIOS-e820: [mem 0x00000000f0000000-0x00000000f7ffffff] reserved
Jul 10 10:50:14 kernel: [    0.000000] BIOS-e820: [mem 0x00000000fec00000-0x00000000fec0ffff] reserved
Jul 10 10:50:14 kernel: [    0.000000] BIOS-e820: [mem 0x00000000fee00000-0x00000000fee00fff] reserved
Jul 10 10:50:14 kernel: [    0.000000] BIOS-e820: [mem 0x00000000fffe0000-0x00000000ffffffff] reserved
Jul 10 10:50:14 kernel: [    0.000000] NX (Execute Disable) protection: active
Jul 10 10:50:14 kernel: [    0.000000] SMBIOS 2.4 present.
Jul 10 10:50:14 kernel: [    0.000000] DMI: VMware, Inc. VMware Virtual Platform/440BX Desktop Reference Platform, BIOS 6.00 09/17/2015
Jul 10 10:50:14 kernel: [    0.000000] Hypervisor detected: VMware
Jul 10 10:50:14 kernel: [    0.000000] Host bus clock speed read from hypervisor : 66000000 Hz
Jul 10 10:50:14 kernel: [    0.000000] e820: update [mem 0x00000000-0x00000fff] usable ==> reserved
Jul 10 10:50:14 kernel: [    0.000000] e820: remove [mem 0x000a0000-0x000fffff] usable
Jul 10 10:50:14 kernel: [    0.000000] e820: last_pfn = 0x40000 max_arch_pfn = 0x400000000
Jul 10 10:50:14 kernel: [    0.000000] MTRR default type: uncachable
Jul 10 10:50:14 kernel: [    0.000000] MTRR fixed ranges enabled:
Jul 10 10:50:14 kernel: [    0.000000]   00000-9FFFF write-back
Jul 10 10:50:14 kernel: [    0.000000]   A0000-BFFFF uncachable
Jul 10 10:50:14 kernel: [    0.000000]   C0000-CBFFF write-protect
Jul 10 10:50:14 kernel: [    0.000000]   CC000-EFFFF uncachable
Jul 10 10:50:14 kernel: [    0.000000]   F0000-FFFFF write-protect
Jul 10 10:50:14 kernel: [    0.000000] MTRR variable ranges enabled:
Jul 10 10:50:14 kernel: [    0.000000]   0 base 0000000000 mask FFC0000000 write-back
Jul 10 10:50:14 kernel: [    0.000000]   1 disabled
Jul 10 10:50:14 kernel: [    0.000000]   2 disabled
Jul 10 10:50:14 kernel: [    0.000000]   3 disabled
Jul 10 10:50:14 kernel: [    0.000000]   4 disabled
Jul 10 10:50:14 kernel: [    0.000000]   5 disabled
Jul 10 10:50:14 kernel: [    0.000000]   6 disabled
Jul 10 10:50:14 kernel: [    0.000000]   7 disabled
Jul 10 10:50:14 kernel: [    0.000000] x86/PAT: PAT MSR is 0, disabled.
Jul 10 10:50:14 kernel: [    0.000000] x86/PAT: Configuration [0-7]: WB  WT  UC- UC  WB  WT  UC- UC  
Jul 10 10:50:14 kernel: [    0.000000] found SMP MP-table at [mem 0x000f6bf0-0x000f6bff] mapped at [ffff914a800f6bf0]
Jul 10 10:50:14 kernel: [    0.000000] Base memory trampoline at [ffff914a80099000] 99000 size 24576
Jul 10 10:50:14 kernel: [    0.000000] BRK [0x14b2e000, 0x14b2efff] PGTABLE
Jul 10 10:50:14 kernel: [    0.000000] BRK [0x14b2f000, 0x14b2ffff] PGTABLE
Jul 10 10:50:14 kernel: [    0.000000] BRK [0x14b30000, 0x14b30fff] PGTABLE
Jul 10 10:50:14 kernel: [    0.000000] BRK [0x14b31000, 0x14b31fff] PGTABLE
Jul 10 10:50:14 kernel: [    0.000000] BRK [0x14b32000, 0x14b32fff] PGTABLE
Jul 10 10:50:14 kernel: [    0.000000] RAMDISK: [mem 0x3e753000-0x3fecefff]
Jul 10 10:50:14 kernel: [    0.000000] ACPI: Early table checksum verification disabled
Jul 10 10:50:14 kernel: [    0.000000] ACPI: RSDP 0x00000000000F6B80 000024 (v02 PTLTD )
Jul 10 10:50:14 kernel: [    0.000000] ACPI: XSDT 0x000000003FEF1203 00005C (v01 INTEL  440BX    06040000 VMW  01324272)
Jul 10 10:50:14 kernel: [    0.000000] ACPI: FACP 0x000000003FEFEE73 0000F4 (v04 INTEL  440BX    06040000 PTL  000F4240)
Jul 10 10:50:14 kernel: [    0.000000] ACPI: DSDT 0x000000003FEF146B 00DA08 (v01 PTLTD  Custom   06040000 MSFT 03000001)
Jul 10 10:50:14 kernel: [    0.000000] ACPI: FACS 0x000000003FEFFFC0 000040
Jul 10 10:50:14 kernel: [    0.000000] ACPI: FACS 0x000000003FEFFFC0 000040
Jul 10 10:50:14 kernel: [    0.000000] ACPI: BOOT 0x000000003FEF1443 000028 (v01 PTLTD  $SBFTBL$ 06040000  LTP 00000001)
Jul 10 10:50:14 kernel: [    0.000000] ACPI: APIC 0x000000003FEF13F3 000050 (v01 PTLTD  ? APIC   06040000  LTP 00000000)
Jul 10 10:50:14 kernel: [    0.000000] ACPI: MCFG 0x000000003FEF13B7 00003C (v01 PTLTD  $PCITBL$ 06040000  LTP 00000001)
Jul 10 10:50:14 kernel: [    0.000000] ACPI: SRAT 0x000000003FEF12FF 0000B8 (v02 VMWARE MEMPLUG  06040000 VMW  00000001)
Jul 10 10:50:14 kernel: [    0.000000] ACPI: HPET 0x000000003FEF12C7 000038 (v01 VMWARE VMW HPET 06040000 VMW  00000001)
Jul 10 10:50:14 kernel: [    0.000000] ACPI: WAET 0x000000003FEF129F 000028 (v01 VMWARE VMW WAET 06040000 VMW  00000001)
Jul 10 10:50:14 kernel: [    0.000000] ACPI: Local APIC address 0xfee00000
Jul 10 10:50:14 kernel: [    0.000000] SRAT: PXM 0 -> APIC 0x00 -> Node 0
Jul 10 10:50:14 kernel: [    0.000000] ACPI: SRAT: Node 0 PXM 0 [mem 0x00000000-0x0009ffff]
Jul 10 10:50:14 kernel: [    0.000000] ACPI: SRAT: Node 0 PXM 0 [mem 0x00100000-0x0fffffff]
Jul 10 10:50:14 kernel: [    0.000000] ACPI: SRAT: Node 0 PXM 0 [mem 0x10000000-0x3fffffff]
Jul 10 10:50:14 kernel: [    0.000000] NUMA: Node 0 [mem 0x00000000-0x0009ffff] + [mem 0x00100000-0x0fffffff] -> [mem 0x00000000-0x0fffffff]
Jul 10 10:50:14 kernel: [    0.000000] NUMA: Node 0 [mem 0x00000000-0x0fffffff] + [mem 0x10000000-0x3fffffff] -> [mem 0x00000000-0x3fffffff]
Jul 10 10:50:14 kernel: [    0.000000] NODE_DATA(0) allocated [mem 0x3fffb000-0x3fffffff]
Jul 10 10:50:14 kernel: [    0.000000] Zone ranges:
Jul 10 10:50:14 kernel: [    0.000000]   DMA      [mem 0x0000000000001000-0x0000000000ffffff]
Jul 10 10:50:14 kernel: [    0.000000]   DMA32    [mem 0x0000000001000000-0x000000003fffffff]
Jul 10 10:50:14 kernel: [    0.000000]   Normal   empty
Jul 10 10:50:14 kernel: [    0.000000]   Device   empty
Jul 10 10:50:14 kernel: [    0.000000] Movable zone start for each node
Jul 10 10:50:14 kernel: [    0.000000] Early memory node ranges
Jul 10 10:50:14 kernel: [    0.000000]   node   0: [mem 0x0000000000001000-0x000000000009efff]
Jul 10 10:50:14 kernel: [    0.000000]   node   0: [mem 0x0000000000100000-0x000000003feeffff]
Jul 10 10:50:14 kernel: [    0.000000]   node   0: [mem 0x000000003ff00000-0x000000003fffffff]
Jul 10 10:50:14 kernel: [    0.000000] Initmem setup node 0 [mem 0x0000000000001000-0x000000003fffffff]
Jul 10 10:50:14 kernel: [    0.000000] On node 0 totalpages: 262030
Jul 10 10:50:14 kernel: [    0.000000]   DMA zone: 64 pages used for memmap
Jul 10 10:50:14 kernel: [    0.000000]   DMA zone: 21 pages reserved
Jul 10 10:50:14 kernel: [    0.000000]   DMA zone: 3998 pages, LIFO batch:0
Jul 10 10:50:14 kernel: [    0.000000]   DMA32 zone: 4032 pages used for memmap
Jul 10 10:50:14 kernel: [    0.000000]   DMA32 zone: 258032 pages, LIFO batch:31
Jul 10 10:50:14 kernel: [    0.000000] ACPI: PM-Timer IO Port: 0x1008
Jul 10 10:50:14 kernel: [    0.000000] ACPI: Local APIC address 0xfee00000
Jul 10 10:50:14 kernel: [    0.000000] ACPI: LAPIC_NMI (acpi_id[0x00] high edge lint[0x1])
Jul 10 10:50:14 kernel: [    0.000000] IOAPIC[0]: apic_id 1, version 17, address 0xfec00000, GSI 0-23
Jul 10 10:50:14 kernel: [    0.000000] ACPI: INT_SRC_OVR (bus 0 bus_irq 0 global_irq 2 high edge)
Jul 10 10:50:14 kernel: [    0.000000] ACPI: IRQ0 used by override.
Jul 10 10:50:14 kernel: [    0.000000] ACPI: IRQ9 used by override.
Jul 10 10:50:14 kernel: [    0.000000] Using ACPI (MADT) for SMP configuration information
Jul 10 10:50:14 kernel: [    0.000000] ACPI: HPET id: 0x8086af01 base: 0xfed00000
Jul 10 10:50:14 kernel: [    0.000000] smpboot: Allowing 1 CPUs, 0 hotplug CPUs
Jul 10 10:50:14 kernel: [    0.000000] PM: Registered nosave memory: [mem 0x00000000-0x00000fff]
Jul 10 10:50:14 kernel: [    0.000000] PM: Registered nosave memory: [mem 0x0009f000-0x0009ffff]
Jul 10 10:50:14 kernel: [    0.000000] PM: Registered nosave memory: [mem 0x000a0000-0x000c9fff]
Jul 10 10:50:14 kernel: [    0.000000] PM: Registered nosave memory: [mem 0x000ca000-0x000cbfff]
Jul 10 10:50:14 kernel: [    0.000000] PM: Registered nosave memory: [mem 0x000cc000-0x000dbfff]
Jul 10 10:50:14 kernel: [    0.000000] PM: Registered nosave memory: [mem 0x000dc000-0x000fffff]
Jul 10 10:50:14 kernel: [    0.000000] PM: Registered nosave memory: [mem 0x3fef0000-0x3fefefff]
Jul 10 10:50:14 kernel: [    0.000000] PM: Registered nosave memory: [mem 0x3feff000-0x3fefffff]
Jul 10 10:50:14 kernel: [    0.000000] e820: [mem 0x40000000-0xefffffff] available for PCI devices
Jul 10 10:50:14 kernel: [    0.000000] Booting paravirtualized kernel on bare hardware
Jul 10 10:50:14 kernel: [    0.000000] clocksource: refined-jiffies: mask: 0xffffffff max_cycles: 0xffffffff, max_idle_ns: 7645519600211568 ns
Jul 10 10:50:14 kernel: [    0.000000] setup_percpu: NR_CPUS:512 nr_cpumask_bits:512 nr_cpu_ids:1 nr_node_ids:1
Jul 10 10:50:14 kernel: [    0.000000] percpu: Embedded 35 pages/cpu @ffff914abe400000 s103512 r8192 d31656 u2097152
Jul 10 10:50:14 kernel: [    0.000000] pcpu-alloc: s103512 r8192 d31656 u2097152 alloc=1*2097152
Jul 10 10:50:14 kernel: [    0.000000] pcpu-alloc: [0] 0 
Jul 10 10:50:14 kernel: [    0.000000] Built 1 zonelists in Node order, mobility grouping on.  Total pages: 257913
Jul 10 10:50:14 kernel: [    0.000000] Policy zone: DMA32
Jul 10 10:50:14 kernel: [    0.000000] Kernel command line: initrd=/images/Debian_Stretch:1:SWR/initrd.img ksdevice=bootif lang=  url=http://spacewalk-test.swr.ard/ks/cfg/org/1/label/rp_stretch_test text keymap=de auto=true country=DE netcfg/get_domain=swr.ard  BOOTIF=01-00-50-56-a1-38-69 BOOT_IMAGE=/images/Debian_Stretch:1:SWR/vmlinuz 
Jul 10 10:50:14 kernel: [    0.000000] PID hash table entries: 4096 (order: 3, 32768 bytes)
Jul 10 10:50:14 kernel: [    0.000000] Calgary: detecting Calgary via BIOS EBDA area
Jul 10 10:50:14 kernel: [    0.000000] Calgary: Unable to locate Rio Grande table in EBDA - bailing!
Jul 10 10:50:14 kernel: [    0.000000] Memory: 991796K/1048120K available (6187K kernel code, 1137K rwdata, 2856K rodata, 1392K init, 688K bss, 56324K reserved, 0K cma-reserved)
Jul 10 10:50:14 kernel: [    0.000000] Hierarchical RCU implementation.
Jul 10 10:50:14 kernel: [    0.000000] 	Build-time adjustment of leaf fanout to 64.
Jul 10 10:50:14 kernel: [    0.000000] 	RCU restricting CPUs from NR_CPUS=512 to nr_cpu_ids=1.
Jul 10 10:50:14 kernel: [    0.000000] RCU: Adjusting geometry for rcu_fanout_leaf=64, nr_cpu_ids=1
Jul 10 10:50:14 kernel: [    0.000000] NR_IRQS:33024 nr_irqs:256 16
Jul 10 10:50:14 kernel: [    0.000000] Console: colour VGA+ 80x25
Jul 10 10:50:14 kernel: [    0.000000] console [tty0] enabled
Jul 10 10:50:14 kernel: [    0.000000] clocksource: hpet: mask: 0xffffffff max_cycles: 0xffffffff, max_idle_ns: 133484882848 ns
Jul 10 10:50:14 kernel: [    0.000000] hpet clockevent registered
Jul 10 10:50:14 kernel: [    0.000000] tsc: Fast TSC calibration using PIT
Jul 10 10:50:14 kernel: [    0.000000] TSC freq read from hypervisor : 2299.998 MHz
Jul 10 10:50:14 kernel: [    0.000000] tsc: Detected 2299.253 MHz processor
Jul 10 10:50:14 kernel: [    0.000062] Calibrating delay loop (skipped) preset value.. 4599.99 BogoMIPS (lpj=9199992)
Jul 10 10:50:14 kernel: [    0.000124] pid_max: default: 32768 minimum: 301
Jul 10 10:50:14 kernel: [    0.000187] ACPI: Core revision 20160831
Jul 10 10:50:14 kernel: [    0.004967] ACPI: 1 ACPI AML tables successfully acquired and loaded
Jul 10 10:50:14 kernel: [    0.005065] Security Framework initialized
Jul 10 10:50:14 kernel: [    0.005128] Yama: disabled by default; enable with sysctl kernel.yama.*
Jul 10 10:50:14 kernel: [    0.005190] AppArmor: AppArmor disabled by boot time parameter
Jul 10 10:50:14 kernel: [    0.005253] Dentry cache hash table entries: 131072 (order: 8, 1048576 bytes)
Jul 10 10:50:14 kernel: [    0.005315] Inode-cache hash table entries: 65536 (order: 7, 524288 bytes)
Jul 10 10:50:14 kernel: [    0.005378] Mount-cache hash table entries: 2048 (order: 2, 16384 bytes)
Jul 10 10:50:14 kernel: [    0.005440] Mountpoint-cache hash table entries: 2048 (order: 2, 16384 bytes)
Jul 10 10:50:14 kernel: [    0.005503] Disabled fast string operations
Jul 10 10:50:14 kernel: [    0.005565] CPU: Physical Processor ID: 0
Jul 10 10:50:14 kernel: [    0.005628] ENERGY_PERF_BIAS: Set to 'normal', was 'performance'
Jul 10 10:50:14 kernel: [    0.005690] ENERGY_PERF_BIAS: View and update with x86_energy_perf_policy(8)
Jul 10 10:50:14 kernel: [    0.005753] mce: CPU supports 0 MCE banks
Jul 10 10:50:14 kernel: [    0.005829] Last level iTLB entries: 4KB 1024, 2MB 1024, 4MB 1024
Jul 10 10:50:14 kernel: [    0.005892] Last level dTLB entries: 4KB 1024, 2MB 1024, 4MB 1024, 1GB 4
Jul 10 10:50:14 kernel: [    0.008963] Freeing SMP alternatives memory: 24K (ffffffff9c07a000 - ffffffff9c080000)
Jul 10 10:50:14 kernel: [    0.013027] ftrace: allocating 25177 entries in 99 pages
Jul 10 10:50:14 kernel: [    0.021026] smpboot: Max logical packages: 1
Jul 10 10:50:14 kernel: [    0.021089] x2apic: IRQ remapping doesn't support X2APIC mode
Jul 10 10:50:14 kernel: [    0.021390] ..TIMER: vector=0x30 apic1=0 pin1=2 apic2=-1 pin2=-1
Jul 10 10:50:14 kernel: [    0.021479] smpboot: CPU0: Intel(R) Xeon(R) CPU E5-2698 v3 @ 2.30GHz (family: 0x6, model: 0x2d, stepping: 0x2)
Jul 10 10:50:14 kernel: [    0.021541] Performance Events: SandyBridge events, core PMU driver.
Jul 10 10:50:14 kernel: [    0.021604] core: PEBS disabled due to CPU errata, please upgrade microcode
Jul 10 10:50:14 kernel: [    0.021666] core: CPUID marked event: 'cpu cycles' unavailable
Jul 10 10:50:14 kernel: [    0.021729] core: CPUID marked event: 'instructions' unavailable
Jul 10 10:50:14 kernel: [    0.021791] core: CPUID marked event: 'bus cycles' unavailable
Jul 10 10:50:14 kernel: [    0.021854] core: CPUID marked event: 'cache references' unavailable
Jul 10 10:50:14 kernel: [    0.021916] core: CPUID marked event: 'cache misses' unavailable
Jul 10 10:50:14 kernel: [    0.021979] core: CPUID marked event: 'branch instructions' unavailable
Jul 10 10:50:14 kernel: [    0.022041] core: CPUID marked event: 'branch misses' unavailable
Jul 10 10:50:14 kernel: [    0.022104] ... version:                1
Jul 10 10:50:14 kernel: [    0.022166] ... bit width:              48
Jul 10 10:50:14 kernel: [    0.022229] ... generic registers:      4
Jul 10 10:50:14 kernel: [    0.022291] ... value mask:             0000ffffffffffff
Jul 10 10:50:14 kernel: [    0.022354] ... max period:             000000007fffffff
Jul 10 10:50:14 kernel: [    0.022416] ... fixed-purpose events:   0
Jul 10 10:50:14 kernel: [    0.022479] ... event mask:             000000000000000f
Jul 10 10:50:14 kernel: [    0.022870] NMI watchdog: disabled (cpu0): hardware events not enabled
Jul 10 10:50:14 kernel: [    0.022932] NMI watchdog: Shutting down hard lockup detector on all cpus
Jul 10 10:50:14 kernel: [    0.023005] x86: Booted up 1 node, 1 CPUs
Jul 10 10:50:14 kernel: [    0.023067] smpboot: Total of 1 processors activated (4599.99 BogoMIPS)
Jul 10 10:50:14 kernel: [    0.023261] devtmpfs: initialized
Jul 10 10:50:14 kernel: [    0.023323] x86/mm: Memory block size: 128MB
Jul 10 10:50:14 kernel: [    0.023427] PM: Registering ACPI NVS region [mem 0x3feff000-0x3fefffff] (4096 bytes)
Jul 10 10:50:14 kernel: [    0.023499] clocksource: jiffies: mask: 0xffffffff max_cycles: 0xffffffff, max_idle_ns: 7645041785100000 ns
Jul 10 10:50:14 kernel: [    0.023562] futex hash table entries: 256 (order: 2, 16384 bytes)
Jul 10 10:50:14 kernel: [    0.023628] pinctrl core: initialized pinctrl subsystem
Jul 10 10:50:14 kernel: [    0.023690] NET: Registered protocol family 16
Jul 10 10:50:14 kernel: [    0.023753] cpuidle: using governor ladder
Jul 10 10:50:14 kernel: [    0.023815] cpuidle: using governor menu
Jul 10 10:50:14 kernel: [    0.023878] Simple Boot Flag at 0x36 set to 0x80
Jul 10 10:50:14 kernel: [    0.023940] ACPI: bus type PCI registered
Jul 10 10:50:14 kernel: [    0.024003] acpiphp: ACPI Hot Plug PCI Controller Driver version: 0.5
Jul 10 10:50:14 kernel: [    0.024065] PCI: MMCONFIG for domain 0000 [bus 00-7f] at [mem 0xf0000000-0xf7ffffff] (base 0xf0000000)
Jul 10 10:50:14 kernel: [    0.024128] PCI: MMCONFIG at [mem 0xf0000000-0xf7ffffff] reserved in E820
Jul 10 10:50:14 kernel: [    0.024190] PCI: Using configuration type 1 for base access
Jul 10 10:50:14 kernel: [    0.024271] core: PMU erratum BJ122, BV98, HSD29 workaround disabled, HT off
Jul 10 10:50:14 kernel: [    0.024419] HugeTLB registered 2 MB page size, pre-allocated 0 pages
Jul 10 10:50:14 kernel: [    0.024646] ACPI: Added _OSI(Module Device)
Jul 10 10:50:14 kernel: [    0.024708] ACPI: Added _OSI(Processor Device)
Jul 10 10:50:14 kernel: [    0.024771] ACPI: Added _OSI(3.0 _SCP Extensions)
Jul 10 10:50:14 kernel: [    0.024833] ACPI: Added _OSI(Processor Aggregator Device)
Jul 10 10:50:14 kernel: [    0.025528] ACPI: [Firmware Bug]: BIOS _OSI(Linux) query ignored
Jul 10 10:50:14 kernel: [    0.025591] ACPI: BIOS _OSI(Darwin) query ignored
Jul 10 10:50:14 kernel: [    0.025653] ACPI: Interpreter enabled
Jul 10 10:50:14 kernel: [    0.025716] ACPI: (supports S0 S1 S4 S5)
Jul 10 10:50:14 kernel: [    0.025778] ACPI: Using IOAPIC for interrupt routing
Jul 10 10:50:14 kernel: [    0.025841] PCI: Using host bridge windows from ACPI; if necessary, use "pci=nocrs" and report a bug
Jul 10 10:50:14 kernel: [    0.065527] ACPI: PCI Root Bridge [PCI0] (domain 0000 [bus 00-7f])
Jul 10 10:50:14 kernel: [    0.065589] acpi PNP0A03:00: _OSC: OS supports [ExtendedConfig ASPM ClockPM Segments MSI]
Jul 10 10:50:14 kernel: [    0.065652] acpi PNP0A03:00: _OSC: platform does not support [AER]
Jul 10 10:50:14 kernel: [    0.065714] acpi PNP0A03:00: _OSC: OS now controls [PCIeHotplug PME PCIeCapability]
Jul 10 10:50:14 kernel: [    0.065777] PCI host bridge to bus 0000:00
Jul 10 10:50:14 kernel: [    0.065839] pci_bus 0000:00: root bus resource [mem 0x000a0000-0x000bffff window]
Jul 10 10:50:14 kernel: [    0.065902] pci_bus 0000:00: root bus resource [mem 0x000cc000-0x000cffff window]
Jul 10 10:50:14 kernel: [    0.065964] pci_bus 0000:00: root bus resource [mem 0x000d0000-0x000d3fff window]
Jul 10 10:50:14 kernel: [    0.066027] pci_bus 0000:00: root bus resource [mem 0x000d4000-0x000d7fff window]
Jul 10 10:50:14 kernel: [    0.066089] pci_bus 0000:00: root bus resource [mem 0x000d8000-0x000dbfff window]
Jul 10 10:50:14 kernel: [    0.066152] pci_bus 0000:00: root bus resource [mem 0x40000000-0xfebfffff window]
Jul 10 10:50:14 kernel: [    0.066214] pci_bus 0000:00: root bus resource [io  0x0000-0x0cf7 window]
Jul 10 10:50:14 kernel: [    0.066277] pci_bus 0000:00: root bus resource [io  0x0d00-0xfeff window]
Jul 10 10:50:14 kernel: [    0.066339] pci_bus 0000:00: root bus resource [bus 00-7f]
Jul 10 10:50:14 kernel: [    0.066402] pci 0000:00:00.0: [8086:7190] type 00 class 0x060000
Jul 10 10:50:14 kernel: [    0.066464] pci 0000:00:01.0: [8086:7191] type 01 class 0x060400
Jul 10 10:50:14 kernel: [    0.066527] pci 0000:00:07.0: [8086:7110] type 00 class 0x060100
Jul 10 10:50:14 kernel: [    0.066589] pci 0000:00:07.1: [8086:7111] type 00 class 0x01018a
Jul 10 10:50:14 kernel: [    0.066652] pci 0000:00:07.1: reg 0x20: [io  0x1060-0x106f]
Jul 10 10:50:14 kernel: [    0.066714] pci 0000:00:07.1: legacy IDE quirk: reg 0x10: [io  0x01f0-0x01f7]
Jul 10 10:50:14 kernel: [    0.066777] pci 0000:00:07.1: legacy IDE quirk: reg 0x14: [io  0x03f6]
Jul 10 10:50:14 kernel: [    0.066839] pci 0000:00:07.1: legacy IDE quirk: reg 0x18: [io  0x0170-0x0177]
Jul 10 10:50:14 kernel: [    0.066902] pci 0000:00:07.1: legacy IDE quirk: reg 0x1c: [io  0x0376]
Jul 10 10:50:14 kernel: [    0.066964] pci 0000:00:07.3: [8086:7113] type 00 class 0x068000
Jul 10 10:50:14 kernel: [    0.067027] pci 0000:00:07.3: quirk: [io  0x1000-0x103f] claimed by PIIX4 ACPI
Jul 10 10:50:14 kernel: [    0.067089] pci 0000:00:07.3: quirk: [io  0x1040-0x104f] claimed by PIIX4 SMB
Jul 10 10:50:14 kernel: [    0.067152] pci 0000:00:07.7: [15ad:0740] type 00 class 0x088000
Jul 10 10:50:14 kernel: [    0.067214] pci 0000:00:07.7: reg 0x10: [io  0x1080-0x10bf]
Jul 10 10:50:14 kernel: [    0.067277] pci 0000:00:07.7: reg 0x14: [mem 0xfebfe000-0xfebfffff 64bit]
Jul 10 10:50:14 kernel: [    0.067339] pci 0000:00:0f.0: [15ad:0405] type 00 class 0x030000
Jul 10 10:50:14 kernel: [    0.067402] pci 0000:00:0f.0: reg 0x10: [io  0x1070-0x107f]
Jul 10 10:50:14 kernel: [    0.067464] pci 0000:00:0f.0: reg 0x14: [mem 0xec000000-0xefffffff pref]
Jul 10 10:50:14 kernel: [    0.067527] pci 0000:00:0f.0: reg 0x18: [mem 0xfe000000-0xfe7fffff]
Jul 10 10:50:14 kernel: [    0.069585] pci 0000:00:0f.0: reg 0x30: [mem 0x00000000-0x00007fff pref]
Jul 10 10:50:14 kernel: [    0.069647] pci 0000:00:10.0: [1000:0030] type 00 class 0x010000
Jul 10 10:50:14 kernel: [    0.069710] pci 0000:00:10.0: reg 0x10: [io  0x1400-0x14ff]
Jul 10 10:50:14 kernel: [    0.069772] pci 0000:00:10.0: reg 0x14: [mem 0xfeba0000-0xfebbffff 64bit]
Jul 10 10:50:14 kernel: [    0.069835] pci 0000:00:10.0: reg 0x1c: [mem 0xfebc0000-0xfebdffff 64bit]
Jul 10 10:50:14 kernel: [    0.069897] pci 0000:00:10.0: reg 0x30: [mem 0x00000000-0x00003fff pref]
Jul 10 10:50:14 kernel: [    0.069960] pci 0000:00:11.0: [15ad:0790] type 01 class 0x060401
Jul 10 10:50:14 kernel: [    0.070022] pci 0000:00:11.0: System wakeup disabled by ACPI
Jul 10 10:50:14 kernel: [    0.070085] pci 0000:00:15.0: [15ad:07a0] type 01 class 0x060400
Jul 10 10:50:14 kernel: [    0.070147] pci 0000:00:15.0: PME# supported from D0 D3hot D3cold
Jul 10 10:50:14 kernel: [    0.070210] pci 0000:00:15.0: System wakeup disabled by ACPI
Jul 10 10:50:14 kernel: [    0.070272] pci 0000:00:15.1: [15ad:07a0] type 01 class 0x060400
Jul 10 10:50:14 kernel: [    0.070335] pci 0000:00:15.1: PME# supported from D0 D3hot D3cold
Jul 10 10:50:14 kernel: [    0.070397] pci 0000:00:15.1: System wakeup disabled by ACPI
Jul 10 10:50:14 kernel: [    0.070460] pci 0000:00:15.2: [15ad:07a0] type 01 class 0x060400
Jul 10 10:50:14 kernel: [    0.070522] pci 0000:00:15.2: PME# supported from D0 D3hot D3cold
Jul 10 10:50:14 kernel: [    0.070585] pci 0000:00:15.2: System wakeup disabled by ACPI
Jul 10 10:50:14 kernel: [    0.070647] pci 0000:00:15.3: [15ad:07a0] type 01 class 0x060400
Jul 10 10:50:14 kernel: [    0.070710] pci 0000:00:15.3: PME# supported from D0 D3hot D3cold
Jul 10 10:50:14 kernel: [    0.070772] pci 0000:00:15.3: System wakeup disabled by ACPI
Jul 10 10:50:14 kernel: [    0.070835] pci 0000:00:15.4: [15ad:07a0] type 01 class 0x060400
Jul 10 10:50:14 kernel: [    0.070897] pci 0000:00:15.4: PME# supported from D0 D3hot D3cold
Jul 10 10:50:14 kernel: [    0.070960] pci 0000:00:15.4: System wakeup disabled by ACPI
Jul 10 10:50:14 kernel: [    0.071022] pci 0000:00:15.5: [15ad:07a0] type 01 class 0x060400
Jul 10 10:50:14 kernel: [    0.071085] pci 0000:00:15.5: PME# supported from D0 D3hot D3cold
Jul 10 10:50:14 kernel: [    0.071147] pci 0000:00:15.5: System wakeup disabled by ACPI
Jul 10 10:50:14 kernel: [    0.071210] pci 0000:00:15.6: [15ad:07a0] type 01 class 0x060400
Jul 10 10:50:14 kernel: [    0.071272] pci 0000:00:15.6: PME# supported from D0 D3hot D3cold
Jul 10 10:50:14 kernel: [    0.071335] pci 0000:00:15.6: System wakeup disabled by ACPI
Jul 10 10:50:14 kernel: [    0.071397] pci 0000:00:15.7: [15ad:07a0] type 01 class 0x060400
Jul 10 10:50:14 kernel: [    0.071460] pci 0000:00:15.7: PME# supported from D0 D3hot D3cold
Jul 10 10:50:14 kernel: [    0.071522] pci 0000:00:15.7: System wakeup disabled by ACPI
Jul 10 10:50:14 kernel: [    0.071585] pci 0000:00:16.0: [15ad:07a0] type 01 class 0x060400
Jul 10 10:50:14 kernel: [    0.071647] pci 0000:00:16.0: PME# supported from D0 D3hot D3cold
Jul 10 10:50:14 kernel: [    0.071710] pci 0000:00:16.0: System wakeup disabled by ACPI
Jul 10 10:50:14 kernel: [    0.071772] pci 0000:00:16.1: [15ad:07a0] type 01 class 0x060400
Jul 10 10:50:14 kernel: [    0.071835] pci 0000:00:16.1: PME# supported from D0 D3hot D3cold
Jul 10 10:50:14 kernel: [    0.071897] pci 0000:00:16.1: System wakeup disabled by ACPI
Jul 10 10:50:14 kernel: [    0.071960] pci 0000:00:16.2: [15ad:07a0] type 01 class 0x060400
Jul 10 10:50:14 kernel: [    0.072022] pci 0000:00:16.2: PME# supported from D0 D3hot D3cold
Jul 10 10:50:14 kernel: [    0.072085] pci 0000:00:16.2: System wakeup disabled by ACPI
Jul 10 10:50:14 kernel: [    0.072147] pci 0000:00:16.3: [15ad:07a0] type 01 class 0x060400
Jul 10 10:50:14 kernel: [    0.072210] pci 0000:00:16.3: PME# supported from D0 D3hot D3cold
Jul 10 10:50:14 kernel: [    0.072272] pci 0000:00:16.3: System wakeup disabled by ACPI
Jul 10 10:50:14 kernel: [    0.072335] pci 0000:00:16.4: [15ad:07a0] type 01 class 0x060400
Jul 10 10:50:14 kernel: [    0.072397] pci 0000:00:16.4: PME# supported from D0 D3hot D3cold
Jul 10 10:50:14 kernel: [    0.072460] pci 0000:00:16.4: System wakeup disabled by ACPI
Jul 10 10:50:14 kernel: [    0.072522] pci 0000:00:16.5: [15ad:07a0] type 01 class 0x060400
Jul 10 10:50:14 kernel: [    0.072585] pci 0000:00:16.5: PME# supported from D0 D3hot D3cold
Jul 10 10:50:14 kernel: [    0.072647] pci 0000:00:16.5: System wakeup disabled by ACPI
Jul 10 10:50:14 kernel: [    0.072710] pci 0000:00:16.6: [15ad:07a0] type 01 class 0x060400
Jul 10 10:50:14 kernel: [    0.072772] pci 0000:00:16.6: PME# supported from D0 D3hot D3cold
Jul 10 10:50:14 kernel: [    0.072835] pci 0000:00:16.6: System wakeup disabled by ACPI
Jul 10 10:50:14 kernel: [    0.072897] pci 0000:00:16.7: [15ad:07a0] type 01 class 0x060400
Jul 10 10:50:14 kernel: [    0.072960] pci 0000:00:16.7: PME# supported from D0 D3hot D3cold
Jul 10 10:50:14 kernel: [    0.073022] pci 0000:00:16.7: System wakeup disabled by ACPI
Jul 10 10:50:14 kernel: [    0.073085] pci 0000:00:17.0: [15ad:07a0] type 01 class 0x060400
Jul 10 10:50:14 kernel: [    0.073528] pci 0000:00:17.0: PME# supported from D0 D3hot D3cold
Jul 10 10:50:14 kernel: [    0.073591] pci 0000:00:17.0: System wakeup disabled by ACPI
Jul 10 10:50:14 kernel: [    0.073653] pci 0000:00:17.1: [15ad:07a0] type 01 class 0x060400
Jul 10 10:50:14 kernel: [    0.073716] pci 0000:00:17.1: PME# supported from D0 D3hot D3cold
Jul 10 10:50:14 kernel: [    0.073778] pci 0000:00:17.1: System wakeup disabled by ACPI
Jul 10 10:50:14 kernel: [    0.073841] pci 0000:00:17.2: [15ad:07a0] type 01 class 0x060400
Jul 10 10:50:14 kernel: [    0.073903] pci 0000:00:17.2: PME# supported from D0 D3hot D3cold
Jul 10 10:50:14 kernel: [    0.073966] pci 0000:00:17.2: System wakeup disabled by ACPI
Jul 10 10:50:14 kernel: [    0.074028] pci 0000:00:17.3: [15ad:07a0] type 01 class 0x060400
Jul 10 10:50:14 kernel: [    0.074091] pci 0000:00:17.3: PME# supported from D0 D3hot D3cold
Jul 10 10:50:14 kernel: [    0.074153] pci 0000:00:17.3: System wakeup disabled by ACPI
Jul 10 10:50:14 kernel: [    0.074216] pci 0000:00:17.4: [15ad:07a0] type 01 class 0x060400
Jul 10 10:50:14 kernel: [    0.074278] pci 0000:00:17.4: PME# supported from D0 D3hot D3cold
Jul 10 10:50:14 kernel: [    0.074341] pci 0000:00:17.4: System wakeup disabled by ACPI
Jul 10 10:50:14 kernel: [    0.074403] pci 0000:00:17.5: [15ad:07a0] type 01 class 0x060400
Jul 10 10:50:14 kernel: [    0.074466] pci 0000:00:17.5: PME# supported from D0 D3hot D3cold
Jul 10 10:50:14 kernel: [    0.074528] pci 0000:00:17.5: System wakeup disabled by ACPI
Jul 10 10:50:14 kernel: [    0.074591] pci 0000:00:17.6: [15ad:07a0] type 01 class 0x060400
Jul 10 10:50:14 kernel: [    0.074653] pci 0000:00:17.6: PME# supported from D0 D3hot D3cold
Jul 10 10:50:14 kernel: [    0.074716] pci 0000:00:17.6: System wakeup disabled by ACPI
Jul 10 10:50:14 kernel: [    0.074778] pci 0000:00:17.7: [15ad:07a0] type 01 class 0x060400
Jul 10 10:50:14 kernel: [    0.074841] pci 0000:00:17.7: PME# supported from D0 D3hot D3cold
Jul 10 10:50:14 kernel: [    0.074903] pci 0000:00:17.7: System wakeup disabled by ACPI
Jul 10 10:50:14 kernel: [    0.074966] pci 0000:00:18.0: [15ad:07a0] type 01 class 0x060400
Jul 10 10:50:14 kernel: [    0.075028] pci 0000:00:18.0: PME# supported from D0 D3hot D3cold
Jul 10 10:50:14 kernel: [    0.075091] pci 0000:00:18.0: System wakeup disabled by ACPI
Jul 10 10:50:14 kernel: [    0.075153] pci 0000:00:18.1: [15ad:07a0] type 01 class 0x060400
Jul 10 10:50:14 kernel: [    0.075216] pci 0000:00:18.1: PME# supported from D0 D3hot D3cold
Jul 10 10:50:14 kernel: [    0.075278] pci 0000:00:18.1: System wakeup disabled by ACPI
Jul 10 10:50:14 kernel: [    0.075341] pci 0000:00:18.2: [15ad:07a0] type 01 class 0x060400
Jul 10 10:50:14 kernel: [    0.075403] pci 0000:00:18.2: PME# supported from D0 D3hot D3cold
Jul 10 10:50:14 kernel: [    0.075466] pci 0000:00:18.2: System wakeup disabled by ACPI
Jul 10 10:50:14 kernel: [    0.075528] pci 0000:00:18.3: [15ad:07a0] type 01 class 0x060400
Jul 10 10:50:14 kernel: [    0.075591] pci 0000:00:18.3: PME# supported from D0 D3hot D3cold
Jul 10 10:50:14 kernel: [    0.075653] pci 0000:00:18.3: System wakeup disabled by ACPI
Jul 10 10:50:14 kernel: [    0.075716] pci 0000:00:18.4: [15ad:07a0] type 01 class 0x060400
Jul 10 10:50:14 kernel: [    0.075778] pci 0000:00:18.4: PME# supported from D0 D3hot D3cold
Jul 10 10:50:14 kernel: [    0.075841] pci 0000:00:18.4: System wakeup disabled by ACPI
Jul 10 10:50:14 kernel: [    0.075903] pci 0000:00:18.5: [15ad:07a0] type 01 class 0x060400
Jul 10 10:50:14 kernel: [    0.075966] pci 0000:00:18.5: PME# supported from D0 D3hot D3cold
Jul 10 10:50:14 kernel: [    0.076028] pci 0000:00:18.5: System wakeup disabled by ACPI
Jul 10 10:50:14 kernel: [    0.076091] pci 0000:00:18.6: [15ad:07a0] type 01 class 0x060400
Jul 10 10:50:14 kernel: [    0.076153] pci 0000:00:18.6: PME# supported from D0 D3hot D3cold
Jul 10 10:50:14 kernel: [    0.076216] pci 0000:00:18.6: System wakeup disabled by ACPI
Jul 10 10:50:14 kernel: [    0.076278] pci 0000:00:18.7: [15ad:07a0] type 01 class 0x060400
Jul 10 10:50:14 kernel: [    0.076341] pci 0000:00:18.7: PME# supported from D0 D3hot D3cold
Jul 10 10:50:14 kernel: [    0.076403] pci 0000:00:18.7: System wakeup disabled by ACPI
Jul 10 10:50:14 kernel: [    0.076466] pci 0000:00:01.0: PCI bridge to [bus 01]
Jul 10 10:50:14 kernel: [    0.076528] acpiphp: Slot [32] registered
Jul 10 10:50:14 kernel: [    0.076591] acpiphp: Slot [33] registered
Jul 10 10:50:14 kernel: [    0.076653] acpiphp: Slot [34] registered
Jul 10 10:50:14 kernel: [    0.076716] acpiphp: Slot [35] registered
Jul 10 10:50:14 kernel: [    0.076778] acpiphp: Slot [36] registered
Jul 10 10:50:14 kernel: [    0.076841] acpiphp: Slot [37] registered
Jul 10 10:50:14 kernel: [    0.076903] acpiphp: Slot [38] registered
Jul 10 10:50:14 kernel: [    0.076966] acpiphp: Slot [39] registered
Jul 10 10:50:14 kernel: [    0.077028] acpiphp: Slot [40] registered
Jul 10 10:50:14 kernel: [    0.077091] acpiphp: Slot [41] registered
Jul 10 10:50:14 kernel: [    0.077153] acpiphp: Slot [42] registered
Jul 10 10:50:14 kernel: [    0.077216] acpiphp: Slot [43] registered
Jul 10 10:50:14 kernel: [    0.077278] acpiphp: Slot [44] registered
Jul 10 10:50:14 kernel: [    0.077341] acpiphp: Slot [45] registered
Jul 10 10:50:14 kernel: [    0.077403] acpiphp: Slot [46] registered
Jul 10 10:50:14 kernel: [    0.077508] acpiphp: Slot [47] registered
Jul 10 10:50:14 kernel: [    0.077570] acpiphp: Slot [48] registered
Jul 10 10:50:14 kernel: [    0.077633] acpiphp: Slot [49] registered
Jul 10 10:50:14 kernel: [    0.077695] acpiphp: Slot [50] registered
Jul 10 10:50:14 kernel: [    0.077758] acpiphp: Slot [51] registered
Jul 10 10:50:14 kernel: [    0.077820] acpiphp: Slot [52] registered
Jul 10 10:50:14 kernel: [    0.077883] acpiphp: Slot [53] registered
Jul 10 10:50:14 kernel: [    0.077945] acpiphp: Slot [54] registered
Jul 10 10:50:14 kernel: [    0.078008] acpiphp: Slot [55] registered
Jul 10 10:50:14 kernel: [    0.078070] acpiphp: Slot [56] registered
Jul 10 10:50:14 kernel: [    0.078133] acpiphp: Slot [57] registered
Jul 10 10:50:14 kernel: [    0.078195] acpiphp: Slot [58] registered
Jul 10 10:50:14 kernel: [    0.078258] acpiphp: Slot [59] registered
Jul 10 10:50:14 kernel: [    0.078320] acpiphp: Slot [60] registered
Jul 10 10:50:14 kernel: [    0.078383] acpiphp: Slot [61] registered
Jul 10 10:50:14 kernel: [    0.078445] acpiphp: Slot [62] registered
Jul 10 10:50:14 kernel: [    0.078508] acpiphp: Slot [63] registered
Jul 10 10:50:14 kernel: [    0.078570] pci 0000:02:00.0: [8086:100f] type 00 class 0x020000
Jul 10 10:50:14 kernel: [    0.078633] pci 0000:02:00.0: reg 0x10: [mem 0xfd5c0000-0xfd5dffff 64bit]
Jul 10 10:50:14 kernel: [    0.078695] pci 0000:02:00.0: reg 0x18: [mem 0xfdff0000-0xfdffffff 64bit]
Jul 10 10:50:14 kernel: [    0.078758] pci 0000:02:00.0: reg 0x20: [io  0x2000-0x203f]
Jul 10 10:50:14 kernel: [    0.078820] pci 0000:02:00.0: reg 0x30: [mem 0x00000000-0x0000ffff pref]
Jul 10 10:50:14 kernel: [    0.078883] pci 0000:02:00.0: PME# supported from D0 D3hot D3cold
Jul 10 10:50:14 kernel: [    0.078945] pci 0000:02:00.0: System wakeup disabled by ACPI
Jul 10 10:50:14 kernel: [    0.079008] pci 0000:00:11.0: PCI bridge to [bus 02] (subtractive decode)
Jul 10 10:50:14 kernel: [    0.079070] pci 0000:00:11.0:   bridge window [io  0x2000-0x3fff]
Jul 10 10:50:14 kernel: [    0.079085] pci 0000:00:11.0:   bridge window [mem 0xfd500000-0xfdffffff]
Jul 10 10:50:14 kernel: [    0.079113] pci 0000:00:11.0:   bridge window [mem 0xebb00000-0xebffffff 64bit pref]
Jul 10 10:50:14 kernel: [    0.079115] pci 0000:00:11.0:   bridge window [mem 0x000a0000-0x000bffff window] (subtractive decode)
Jul 10 10:50:14 kernel: [    0.079116] pci 0000:00:11.0:   bridge window [mem 0x000cc000-0x000cffff window] (subtractive decode)
Jul 10 10:50:14 kernel: [    0.079118] pci 0000:00:11.0:   bridge window [mem 0x000d0000-0x000d3fff window] (subtractive decode)
Jul 10 10:50:14 kernel: [    0.079119] pci 0000:00:11.0:   bridge window [mem 0x000d4000-0x000d7fff window] (subtractive decode)
Jul 10 10:50:14 kernel: [    0.079121] pci 0000:00:11.0:   bridge window [mem 0x000d8000-0x000dbfff window] (subtractive decode)
Jul 10 10:50:14 kernel: [    0.079122] pci 0000:00:11.0:   bridge window [mem 0x40000000-0xfebfffff window] (subtractive decode)
Jul 10 10:50:14 kernel: [    0.079123] pci 0000:00:11.0:   bridge window [io  0x0000-0x0cf7 window] (subtractive decode)
Jul 10 10:50:14 kernel: [    0.079125] pci 0000:00:11.0:   bridge window [io  0x0d00-0xfeff window] (subtractive decode)
Jul 10 10:50:14 kernel: [    0.079187] pci 0000:00:15.0: PCI bridge to [bus 03]
Jul 10 10:50:14 kernel: [    0.079250] pci 0000:00:15.0:   bridge window [io  0x4000-0x4fff]
Jul 10 10:50:14 kernel: [    0.079265] pci 0000:00:15.0:   bridge window [mem 0xfd400000-0xfd4fffff]
Jul 10 10:50:14 kernel: [    0.079293] pci 0000:00:15.0:   bridge window [mem 0xeba00000-0xebafffff 64bit pref]
Jul 10 10:50:14 kernel: [    0.079355] pci 0000:00:15.1: PCI bridge to [bus 04]
Jul 10 10:50:14 kernel: [    0.079418] pci 0000:00:15.1:   bridge window [io  0x8000-0x8fff]
Jul 10 10:50:14 kernel: [    0.079433] pci 0000:00:15.1:   bridge window [mem 0xfd000000-0xfd0fffff]
Jul 10 10:50:14 kernel: [    0.079461] pci 0000:00:15.1:   bridge window [mem 0xeb600000-0xeb6fffff 64bit pref]
Jul 10 10:50:14 kernel: [    0.079524] pci 0000:00:15.2: PCI bridge to [bus 05]
Jul 10 10:50:14 kernel: [    0.079586] pci 0000:00:15.2:   bridge window [io  0xc000-0xcfff]
Jul 10 10:50:14 kernel: [    0.079601] pci 0000:00:15.2:   bridge window [mem 0xfcc00000-0xfccfffff]
Jul 10 10:50:14 kernel: [    0.079629] pci 0000:00:15.2:   bridge window [mem 0xeb200000-0xeb2fffff 64bit pref]
Jul 10 10:50:14 kernel: [    0.079692] pci 0000:00:15.3: PCI bridge to [bus 06]
Jul 10 10:50:14 kernel: [    0.079754] pci 0000:00:15.3:   bridge window [mem 0xfc800000-0xfc8fffff]
Jul 10 10:50:14 kernel: [    0.079783] pci 0000:00:15.3:   bridge window [mem 0xeae00000-0xeaefffff 64bit pref]
Jul 10 10:50:14 kernel: [    0.079845] pci 0000:00:15.4: PCI bridge to [bus 07]
Jul 10 10:50:14 kernel: [    0.079908] pci 0000:00:15.4:   bridge window [mem 0xfc400000-0xfc4fffff]
Jul 10 10:50:14 kernel: [    0.079936] pci 0000:00:15.4:   bridge window [mem 0xeaa00000-0xeaafffff 64bit pref]
Jul 10 10:50:14 kernel: [    0.079999] pci 0000:00:15.5: PCI bridge to [bus 08]
Jul 10 10:50:14 kernel: [    0.080061] pci 0000:00:15.5:   bridge window [mem 0xfc000000-0xfc0fffff]
Jul 10 10:50:14 kernel: [    0.080090] pci 0000:00:15.5:   bridge window [mem 0xea600000-0xea6fffff 64bit pref]
Jul 10 10:50:14 kernel: [    0.080152] pci 0000:00:15.6: PCI bridge to [bus 09]
Jul 10 10:50:14 kernel: [    0.080215] pci 0000:00:15.6:   bridge window [mem 0xfbc00000-0xfbcfffff]
Jul 10 10:50:14 kernel: [    0.080243] pci 0000:00:15.6:   bridge window [mem 0xea200000-0xea2fffff 64bit pref]
Jul 10 10:50:14 kernel: [    0.080306] pci 0000:00:15.7: PCI bridge to [bus 0a]
Jul 10 10:50:14 kernel: [    0.080368] pci 0000:00:15.7:   bridge window [mem 0xfb800000-0xfb8fffff]
Jul 10 10:50:14 kernel: [    0.080397] pci 0000:00:15.7:   bridge window [mem 0xe9e00000-0xe9efffff 64bit pref]
Jul 10 10:50:14 kernel: [    0.080459] pci 0000:00:16.0: PCI bridge to [bus 0b]
Jul 10 10:50:14 kernel: [    0.080522] pci 0000:00:16.0:   bridge window [io  0x5000-0x5fff]
Jul 10 10:50:14 kernel: [    0.080537] pci 0000:00:16.0:   bridge window [mem 0xfd300000-0xfd3fffff]
Jul 10 10:50:14 kernel: [    0.080565] pci 0000:00:16.0:   bridge window [mem 0xeb900000-0xeb9fffff 64bit pref]
Jul 10 10:50:14 kernel: [    0.080627] pci 0000:00:16.1: PCI bridge to [bus 0c]
Jul 10 10:50:14 kernel: [    0.080690] pci 0000:00:16.1:   bridge window [io  0x9000-0x9fff]
Jul 10 10:50:14 kernel: [    0.080704] pci 0000:00:16.1:   bridge window [mem 0xfcf00000-0xfcffffff]
Jul 10 10:50:14 kernel: [    0.080733] pci 0000:00:16.1:   bridge window [mem 0xeb500000-0xeb5fffff 64bit pref]
Jul 10 10:50:14 kernel: [    0.080795] pci 0000:00:16.2: PCI bridge to [bus 0d]
Jul 10 10:50:14 kernel: [    0.080858] pci 0000:00:16.2:   bridge window [io  0xd000-0xdfff]
Jul 10 10:50:14 kernel: [    0.080873] pci 0000:00:16.2:   bridge window [mem 0xfcb00000-0xfcbfffff]
Jul 10 10:50:14 kernel: [    0.080901] pci 0000:00:16.2:   bridge window [mem 0xeb100000-0xeb1fffff 64bit pref]
Jul 10 10:50:14 kernel: [    0.080963] pci 0000:00:16.3: PCI bridge to [bus 0e]
Jul 10 10:50:14 kernel: [    0.081026] pci 0000:00:16.3:   bridge window [mem 0xfc700000-0xfc7fffff]
Jul 10 10:50:14 kernel: [    0.081054] pci 0000:00:16.3:   bridge window [mem 0xead00000-0xeadfffff 64bit pref]
Jul 10 10:50:14 kernel: [    0.081117] pci 0000:00:16.4: PCI bridge to [bus 0f]
Jul 10 10:50:14 kernel: [    0.081179] pci 0000:00:16.4:   bridge window [mem 0xfc300000-0xfc3fffff]
Jul 10 10:50:14 kernel: [    0.081208] pci 0000:00:16.4:   bridge window [mem 0xea900000-0xea9fffff 64bit pref]
Jul 10 10:50:14 kernel: [    0.081270] pci 0000:00:16.5: PCI bridge to [bus 10]
Jul 10 10:50:14 kernel: [    0.081333] pci 0000:00:16.5:   bridge window [mem 0xfbf00000-0xfbffffff]
Jul 10 10:50:14 kernel: [    0.081361] pci 0000:00:16.5:   bridge window [mem 0xea500000-0xea5fffff 64bit pref]
Jul 10 10:50:14 kernel: [    0.081528] pci 0000:00:16.6: PCI bridge to [bus 11]
Jul 10 10:50:14 kernel: [    0.081591] pci 0000:00:16.6:   bridge window [mem 0xfbb00000-0xfbbfffff]
Jul 10 10:50:14 kernel: [    0.081619] pci 0000:00:16.6:   bridge window [mem 0xea100000-0xea1fffff 64bit pref]
Jul 10 10:50:14 kernel: [    0.081682] pci 0000:00:16.7: PCI bridge to [bus 12]
Jul 10 10:50:14 kernel: [    0.081744] pci 0000:00:16.7:   bridge window [mem 0xfb700000-0xfb7fffff]
Jul 10 10:50:14 kernel: [    0.081772] pci 0000:00:16.7:   bridge window [mem 0xe9d00000-0xe9dfffff 64bit pref]
Jul 10 10:50:14 kernel: [    0.081835] pci 0000:00:17.0: PCI bridge to [bus 13]
Jul 10 10:50:14 kernel: [    0.081897] pci 0000:00:17.0:   bridge window [io  0x6000-0x6fff]
Jul 10 10:50:14 kernel: [    0.081913] pci 0000:00:17.0:   bridge window [mem 0xfd200000-0xfd2fffff]
Jul 10 10:50:14 kernel: [    0.081941] pci 0000:00:17.0:   bridge window [mem 0xeb800000-0xeb8fffff 64bit pref]
Jul 10 10:50:14 kernel: [    0.082003] pci 0000:00:17.1: PCI bridge to [bus 14]
Jul 10 10:50:14 kernel: [    0.082066] pci 0000:00:17.1:   bridge window [io  0xa000-0xafff]
Jul 10 10:50:14 kernel: [    0.082081] pci 0000:00:17.1:   bridge window [mem 0xfce00000-0xfcefffff]
Jul 10 10:50:14 kernel: [    0.082109] pci 0000:00:17.1:   bridge window [mem 0xeb400000-0xeb4fffff 64bit pref]
Jul 10 10:50:14 kernel: [    0.082171] pci 0000:00:17.2: PCI bridge to [bus 15]
Jul 10 10:50:14 kernel: [    0.082234] pci 0000:00:17.2:   bridge window [io  0xe000-0xefff]
Jul 10 10:50:14 kernel: [    0.082249] pci 0000:00:17.2:   bridge window [mem 0xfca00000-0xfcafffff]
Jul 10 10:50:14 kernel: [    0.082277] pci 0000:00:17.2:   bridge window [mem 0xeb000000-0xeb0fffff 64bit pref]
Jul 10 10:50:14 kernel: [    0.082339] pci 0000:00:17.3: PCI bridge to [bus 16]
Jul 10 10:50:14 kernel: [    0.082402] pci 0000:00:17.3:   bridge window [mem 0xfc600000-0xfc6fffff]
Jul 10 10:50:14 kernel: [    0.082430] pci 0000:00:17.3:   bridge window [mem 0xeac00000-0xeacfffff 64bit pref]
Jul 10 10:50:14 kernel: [    0.082493] pci 0000:00:17.4: PCI bridge to [bus 17]
Jul 10 10:50:14 kernel: [    0.082555] pci 0000:00:17.4:   bridge window [mem 0xfc200000-0xfc2fffff]
Jul 10 10:50:14 kernel: [    0.082583] pci 0000:00:17.4:   bridge window [mem 0xea800000-0xea8fffff 64bit pref]
Jul 10 10:50:14 kernel: [    0.082646] pci 0000:00:17.5: PCI bridge to [bus 18]
Jul 10 10:50:14 kernel: [    0.082708] pci 0000:00:17.5:   bridge window [mem 0xfbe00000-0xfbefffff]
Jul 10 10:50:14 kernel: [    0.082737] pci 0000:00:17.5:   bridge window [mem 0xea400000-0xea4fffff 64bit pref]
Jul 10 10:50:14 kernel: [    0.082799] pci 0000:00:17.6: PCI bridge to [bus 19]
Jul 10 10:50:14 kernel: [    0.082862] pci 0000:00:17.6:   bridge window [mem 0xfba00000-0xfbafffff]
Jul 10 10:50:14 kernel: [    0.082890] pci 0000:00:17.6:   bridge window [mem 0xea000000-0xea0fffff 64bit pref]
Jul 10 10:50:14 kernel: [    0.082953] pci 0000:00:17.7: PCI bridge to [bus 1a]
Jul 10 10:50:14 kernel: [    0.083015] pci 0000:00:17.7:   bridge window [mem 0xfb600000-0xfb6fffff]
Jul 10 10:50:14 kernel: [    0.083044] pci 0000:00:17.7:   bridge window [mem 0xe9c00000-0xe9cfffff 64bit pref]
Jul 10 10:50:14 kernel: [    0.083106] pci 0000:00:18.0: PCI bridge to [bus 1b]
Jul 10 10:50:14 kernel: [    0.083169] pci 0000:00:18.0:   bridge window [io  0x7000-0x7fff]
Jul 10 10:50:14 kernel: [    0.083183] pci 0000:00:18.0:   bridge window [mem 0xfd100000-0xfd1fffff]
Jul 10 10:50:14 kernel: [    0.083211] pci 0000:00:18.0:   bridge window [mem 0xeb700000-0xeb7fffff 64bit pref]
Jul 10 10:50:14 kernel: [    0.083274] pci 0000:00:18.1: PCI bridge to [bus 1c]
Jul 10 10:50:14 kernel: [    0.083336] pci 0000:00:18.1:   bridge window [io  0xb000-0xbfff]
Jul 10 10:50:14 kernel: [    0.083351] pci 0000:00:18.1:   bridge window [mem 0xfcd00000-0xfcdfffff]
Jul 10 10:50:14 kernel: [    0.083380] pci 0000:00:18.1:   bridge window [mem 0xeb300000-0xeb3fffff 64bit pref]
Jul 10 10:50:14 kernel: [    0.083442] pci 0000:00:18.2: PCI bridge to [bus 1d]
Jul 10 10:50:14 kernel: [    0.083505] pci 0000:00:18.2:   bridge window [mem 0xfc900000-0xfc9fffff]
Jul 10 10:50:14 kernel: [    0.083533] pci 0000:00:18.2:   bridge window [mem 0xeaf00000-0xeaffffff 64bit pref]
Jul 10 10:50:14 kernel: [    0.083595] pci 0000:00:18.3: PCI bridge to [bus 1e]
Jul 10 10:50:14 kernel: [    0.083658] pci 0000:00:18.3:   bridge window [mem 0xfc500000-0xfc5fffff]
Jul 10 10:50:14 kernel: [    0.083686] pci 0000:00:18.3:   bridge window [mem 0xeab00000-0xeabfffff 64bit pref]
Jul 10 10:50:14 kernel: [    0.083749] pci 0000:00:18.4: PCI bridge to [bus 1f]
Jul 10 10:50:14 kernel: [    0.083811] pci 0000:00:18.4:   bridge window [mem 0xfc100000-0xfc1fffff]
Jul 10 10:50:14 kernel: [    0.083840] pci 0000:00:18.4:   bridge window [mem 0xea700000-0xea7fffff 64bit pref]
Jul 10 10:50:14 kernel: [    0.083902] pci 0000:00:18.5: PCI bridge to [bus 20]
Jul 10 10:50:14 kernel: [    0.083965] pci 0000:00:18.5:   bridge window [mem 0xfbd00000-0xfbdfffff]
Jul 10 10:50:14 kernel: [    0.083993] pci 0000:00:18.5:   bridge window [mem 0xea300000-0xea3fffff 64bit pref]
Jul 10 10:50:14 kernel: [    0.084056] pci 0000:00:18.6: PCI bridge to [bus 21]
Jul 10 10:50:14 kernel: [    0.084118] pci 0000:00:18.6:   bridge window [mem 0xfb900000-0xfb9fffff]
Jul 10 10:50:14 kernel: [    0.084147] pci 0000:00:18.6:   bridge window [mem 0xe9f00000-0xe9ffffff 64bit pref]
Jul 10 10:50:14 kernel: [    0.084209] pci 0000:00:18.7: PCI bridge to [bus 22]
Jul 10 10:50:14 kernel: [    0.084272] pci 0000:00:18.7:   bridge window [mem 0xfb500000-0xfb5fffff]
Jul 10 10:50:14 kernel: [    0.084300] pci 0000:00:18.7:   bridge window [mem 0xe9b00000-0xe9bfffff 64bit pref]
Jul 10 10:50:14 kernel: [    0.085527] ACPI: PCI Interrupt Link [LNKA] (IRQs 3 4 5 6 7 *9 10 11 14 15)
Jul 10 10:50:14 kernel: [    0.085590] ACPI: PCI Interrupt Link [LNKB] (IRQs 3 4 5 6 7 9 10 *11 14 15)
Jul 10 10:50:14 kernel: [    0.085652] ACPI: PCI Interrupt Link [LNKC] (IRQs 3 4 5 6 7 9 *10 11 14 15)
Jul 10 10:50:14 kernel: [    0.085715] ACPI: PCI Interrupt Link [LNKD] (IRQs 3 4 5 6 7 9 10 11 14 15) *0, disabled.
Jul 10 10:50:14 kernel: [    0.089527] ACPI: Enabled 2 GPEs in block 00 to 0F
Jul 10 10:50:14 kernel: [    0.089691] vgaarb: setting as boot device: PCI:0000:00:0f.0
Jul 10 10:50:14 kernel: [    0.089754] vgaarb: device added: PCI:0000:00:0f.0,decodes=io+mem,owns=io+mem,locks=none
Jul 10 10:50:14 kernel: [    0.089816] vgaarb: loaded
Jul 10 10:50:14 kernel: [    0.089879] vgaarb: bridge control possible 0000:00:0f.0
Jul 10 10:50:14 kernel: [    0.089982] PCI: Using ACPI for IRQ routing
Jul 10 10:50:14 kernel: [    0.109477] PCI: pci_cache_line_size set to 64 bytes
Jul 10 10:50:14 kernel: [    0.109540] e820: reserve RAM buffer [mem 0x0009f400-0x0009ffff]
Jul 10 10:50:14 kernel: [    0.109542] e820: reserve RAM buffer [mem 0x3fef0000-0x3fffffff]
Jul 10 10:50:14 kernel: [    0.109727] hpet0: at MMIO 0xfed00000, IRQs 2, 8, 0, 0, 0, 0, 0, 0, 0, 0, 0, 0, 0, 0, 0, 0
Jul 10 10:50:14 kernel: [    0.109789] hpet0: 16 comparators, 64-bit 14.318180 MHz counter
Jul 10 10:50:14 kernel: [    0.111892] clocksource: Switched to clocksource hpet
Jul 10 10:50:14 kernel: [    0.116828] VFS: Disk quotas dquot_6.6.0
Jul 10 10:50:14 kernel: [    0.116923] VFS: Dquot-cache hash table entries: 512 (order 0, 4096 bytes)
Jul 10 10:50:14 kernel: [    0.117076] pnp: PnP ACPI init
Jul 10 10:50:14 kernel: [    0.117315] system 00:00: [io  0x1000-0x103f] has been reserved
Jul 10 10:50:14 kernel: [    0.117400] system 00:00: [io  0x1040-0x104f] has been reserved
Jul 10 10:50:14 kernel: [    0.117482] system 00:00: [io  0x0cf0-0x0cf1] has been reserved
Jul 10 10:50:14 kernel: [    0.117565] system 00:00: Plug and Play ACPI device, IDs PNP0c02 (active)
Jul 10 10:50:14 kernel: [    0.117592] pnp 00:01: Plug and Play ACPI device, IDs PNP0b00 (active)
Jul 10 10:50:14 kernel: [    0.117619] pnp 00:02: Plug and Play ACPI device, IDs PNP0303 (active)
Jul 10 10:50:14 kernel: [    0.117640] pnp 00:03: Plug and Play ACPI device, IDs PNP0f13 (active)
Jul 10 10:50:14 kernel: [    0.117794] system 00:04: [mem 0xfed00000-0xfed003ff] has been reserved
Jul 10 10:50:14 kernel: [    0.117883] system 00:04: Plug and Play ACPI device, IDs PNP0103 PNP0c01 (active)
Jul 10 10:50:14 kernel: [    0.118751] pnp 00:05: Plug and Play ACPI device, IDs PNP0400 (active)
Jul 10 10:50:14 kernel: [    0.118925] pnp 00:06: Plug and Play ACPI device, IDs PNP0501 (active)
Jul 10 10:50:14 kernel: [    0.119105] pnp 00:07: Plug and Play ACPI device, IDs PNP0501 (active)
Jul 10 10:50:14 kernel: [    0.119235] pnp 00:08: [dma 2]
Jul 10 10:50:14 kernel: [    0.119270] pnp 00:08: Plug and Play ACPI device, IDs PNP0700 (active)
Jul 10 10:50:14 kernel: [    0.119439] system 00:09: [io  0xfce0-0xfcff] has been reserved
Jul 10 10:50:14 kernel: [    0.119525] system 00:09: [mem 0xf0000000-0xf7ffffff] has been reserved
Jul 10 10:50:14 kernel: [    0.119611] system 00:09: [mem 0xfe800000-0xfe9fffff] has been reserved
Jul 10 10:50:14 kernel: [    0.119698] system 00:09: Plug and Play ACPI device, IDs PNP0c02 (active)
Jul 10 10:50:14 kernel: [    0.120762] pnp: PnP ACPI: found 10 devices
Jul 10 10:50:14 kernel: [    0.126641] clocksource: acpi_pm: mask: 0xffffff max_cycles: 0xffffff, max_idle_ns: 2085701024 ns
Jul 10 10:50:14 kernel: [    0.128096] pci 0000:00:15.3: bridge window [io  0x1000-0x0fff] to [bus 06] add_size 1000
Jul 10 10:50:14 kernel: [    0.128139] pci 0000:00:15.4: bridge window [io  0x1000-0x0fff] to [bus 07] add_size 1000
Jul 10 10:50:14 kernel: [    0.128182] pci 0000:00:15.5: bridge window [io  0x1000-0x0fff] to [bus 08] add_size 1000
Jul 10 10:50:14 kernel: [    0.128224] pci 0000:00:15.6: bridge window [io  0x1000-0x0fff] to [bus 09] add_size 1000
Jul 10 10:50:14 kernel: [    0.128266] pci 0000:00:15.7: bridge window [io  0x1000-0x0fff] to [bus 0a] add_size 1000
Jul 10 10:50:14 kernel: [    0.128429] pci 0000:00:16.3: bridge window [io  0x1000-0x0fff] to [bus 0e] add_size 1000
Jul 10 10:50:14 kernel: [    0.128471] pci 0000:00:16.4: bridge window [io  0x1000-0x0fff] to [bus 0f] add_size 1000
Jul 10 10:50:14 kernel: [    0.128513] pci 0000:00:16.5: bridge window [io  0x1000-0x0fff] to [bus 10] add_size 1000
Jul 10 10:50:14 kernel: [    0.128555] pci 0000:00:16.6: bridge window [io  0x1000-0x0fff] to [bus 11] add_size 1000
Jul 10 10:50:14 kernel: [    0.128597] pci 0000:00:16.7: bridge window [io  0x1000-0x0fff] to [bus 12] add_size 1000
Jul 10 10:50:14 kernel: [    0.128760] pci 0000:00:17.3: bridge window [io  0x1000-0x0fff] to [bus 16] add_size 1000
Jul 10 10:50:14 kernel: [    0.128804] pci 0000:00:17.4: bridge window [io  0x1000-0x0fff] to [bus 17] add_size 1000
Jul 10 10:50:14 kernel: [    0.128846] pci 0000:00:17.5: bridge window [io  0x1000-0x0fff] to [bus 18] add_size 1000
Jul 10 10:50:14 kernel: [    0.128888] pci 0000:00:17.6: bridge window [io  0x1000-0x0fff] to [bus 19] add_size 1000
Jul 10 10:50:14 kernel: [    0.128930] pci 0000:00:17.7: bridge window [io  0x1000-0x0fff] to [bus 1a] add_size 1000
Jul 10 10:50:14 kernel: [    0.129054] pci 0000:00:18.2: bridge window [io  0x1000-0x0fff] to [bus 1d] add_size 1000
Jul 10 10:50:14 kernel: [    0.129097] pci 0000:00:18.3: bridge window [io  0x1000-0x0fff] to [bus 1e] add_size 1000
Jul 10 10:50:14 kernel: [    0.129138] pci 0000:00:18.4: bridge window [io  0x1000-0x0fff] to [bus 1f] add_size 1000
Jul 10 10:50:14 kernel: [    0.129180] pci 0000:00:18.5: bridge window [io  0x1000-0x0fff] to [bus 20] add_size 1000
Jul 10 10:50:14 kernel: [    0.129222] pci 0000:00:18.6: bridge window [io  0x1000-0x0fff] to [bus 21] add_size 1000
Jul 10 10:50:14 kernel: [    0.129264] pci 0000:00:18.7: bridge window [io  0x1000-0x0fff] to [bus 22] add_size 1000
Jul 10 10:50:14 kernel: [    0.129276] pci 0000:00:15.3: res[13]=[io  0x1000-0x0fff] res_to_dev_res add_size 1000 min_align 1000
Jul 10 10:50:14 kernel: [    0.129277] pci 0000:00:15.3: res[13]=[io  0x1000-0x1fff] res_to_dev_res add_size 1000 min_align 1000
Jul 10 10:50:14 kernel: [    0.129278] pci 0000:00:15.4: res[13]=[io  0x1000-0x0fff] res_to_dev_res add_size 1000 min_align 1000
Jul 10 10:50:14 kernel: [    0.129279] pci 0000:00:15.4: res[13]=[io  0x1000-0x1fff] res_to_dev_res add_size 1000 min_align 1000
Jul 10 10:50:14 kernel: [    0.129280] pci 0000:00:15.5: res[13]=[io  0x1000-0x0fff] res_to_dev_res add_size 1000 min_align 1000
Jul 10 10:50:14 kernel: [    0.129282] pci 0000:00:15.5: res[13]=[io  0x1000-0x1fff] res_to_dev_res add_size 1000 min_align 1000
Jul 10 10:50:14 kernel: [    0.129283] pci 0000:00:15.6: res[13]=[io  0x1000-0x0fff] res_to_dev_res add_size 1000 min_align 1000
Jul 10 10:50:14 kernel: [    0.129284] pci 0000:00:15.6: res[13]=[io  0x1000-0x1fff] res_to_dev_res add_size 1000 min_align 1000
Jul 10 10:50:14 kernel: [    0.129285] pci 0000:00:15.7: res[13]=[io  0x1000-0x0fff] res_to_dev_res add_size 1000 min_align 1000
Jul 10 10:50:14 kernel: [    0.129286] pci 0000:00:15.7: res[13]=[io  0x1000-0x1fff] res_to_dev_res add_size 1000 min_align 1000
Jul 10 10:50:14 kernel: [    0.129288] pci 0000:00:16.3: res[13]=[io  0x1000-0x0fff] res_to_dev_res add_size 1000 min_align 1000
Jul 10 10:50:14 kernel: [    0.129289] pci 0000:00:16.3: res[13]=[io  0x1000-0x1fff] res_to_dev_res add_size 1000 min_align 1000
Jul 10 10:50:14 kernel: [    0.129290] pci 0000:00:16.4: res[13]=[io  0x1000-0x0fff] res_to_dev_res add_size 1000 min_align 1000
Jul 10 10:50:14 kernel: [    0.129291] pci 0000:00:16.4: res[13]=[io  0x1000-0x1fff] res_to_dev_res add_size 1000 min_align 1000
Jul 10 10:50:14 kernel: [    0.129292] pci 0000:00:16.5: res[13]=[io  0x1000-0x0fff] res_to_dev_res add_size 1000 min_align 1000
Jul 10 10:50:14 kernel: [    0.129293] pci 0000:00:16.5: res[13]=[io  0x1000-0x1fff] res_to_dev_res add_size 1000 min_align 1000
Jul 10 10:50:14 kernel: [    0.129294] pci 0000:00:16.6: res[13]=[io  0x1000-0x0fff] res_to_dev_res add_size 1000 min_align 1000
Jul 10 10:50:14 kernel: [    0.129296] pci 0000:00:16.6: res[13]=[io  0x1000-0x1fff] res_to_dev_res add_size 1000 min_align 1000
Jul 10 10:50:14 kernel: [    0.129297] pci 0000:00:16.7: res[13]=[io  0x1000-0x0fff] res_to_dev_res add_size 1000 min_align 1000
Jul 10 10:50:14 kernel: [    0.129298] pci 0000:00:16.7: res[13]=[io  0x1000-0x1fff] res_to_dev_res add_size 1000 min_align 1000
Jul 10 10:50:14 kernel: [    0.129299] pci 0000:00:17.3: res[13]=[io  0x1000-0x0fff] res_to_dev_res add_size 1000 min_align 1000
Jul 10 10:50:14 kernel: [    0.129300] pci 0000:00:17.3: res[13]=[io  0x1000-0x1fff] res_to_dev_res add_size 1000 min_align 1000
Jul 10 10:50:14 kernel: [    0.129301] pci 0000:00:17.4: res[13]=[io  0x1000-0x0fff] res_to_dev_res add_size 1000 min_align 1000
Jul 10 10:50:14 kernel: [    0.129303] pci 0000:00:17.4: res[13]=[io  0x1000-0x1fff] res_to_dev_res add_size 1000 min_align 1000
Jul 10 10:50:14 kernel: [    0.129304] pci 0000:00:17.5: res[13]=[io  0x1000-0x0fff] res_to_dev_res add_size 1000 min_align 1000
Jul 10 10:50:14 kernel: [    0.129305] pci 0000:00:17.5: res[13]=[io  0x1000-0x1fff] res_to_dev_res add_size 1000 min_align 1000
Jul 10 10:50:14 kernel: [    0.129306] pci 0000:00:17.6: res[13]=[io  0x1000-0x0fff] res_to_dev_res add_size 1000 min_align 1000
Jul 10 10:50:14 kernel: [    0.129307] pci 0000:00:17.6: res[13]=[io  0x1000-0x1fff] res_to_dev_res add_size 1000 min_align 1000
Jul 10 10:50:14 kernel: [    0.129308] pci 0000:00:17.7: res[13]=[io  0x1000-0x0fff] res_to_dev_res add_size 1000 min_align 1000
Jul 10 10:50:14 kernel: [    0.129309] pci 0000:00:17.7: res[13]=[io  0x1000-0x1fff] res_to_dev_res add_size 1000 min_align 1000
Jul 10 10:50:14 kernel: [    0.129311] pci 0000:00:18.2: res[13]=[io  0x1000-0x0fff] res_to_dev_res add_size 1000 min_align 1000
Jul 10 10:50:14 kernel: [    0.129312] pci 0000:00:18.2: res[13]=[io  0x1000-0x1fff] res_to_dev_res add_size 1000 min_align 1000
Jul 10 10:50:14 kernel: [    0.129313] pci 0000:00:18.3: res[13]=[io  0x1000-0x0fff] res_to_dev_res add_size 1000 min_align 1000
Jul 10 10:50:14 kernel: [    0.129314] pci 0000:00:18.3: res[13]=[io  0x1000-0x1fff] res_to_dev_res add_size 1000 min_align 1000
Jul 10 10:50:14 kernel: [    0.129315] pci 0000:00:18.4: res[13]=[io  0x1000-0x0fff] res_to_dev_res add_size 1000 min_align 1000
Jul 10 10:50:14 kernel: [    0.129316] pci 0000:00:18.4: res[13]=[io  0x1000-0x1fff] res_to_dev_res add_size 1000 min_align 1000
Jul 10 10:50:14 kernel: [    0.129318] pci 0000:00:18.5: res[13]=[io  0x1000-0x0fff] res_to_dev_res add_size 1000 min_align 1000
Jul 10 10:50:14 kernel: [    0.129319] pci 0000:00:18.5: res[13]=[io  0x1000-0x1fff] res_to_dev_res add_size 1000 min_align 1000
Jul 10 10:50:14 kernel: [    0.129320] pci 0000:00:18.6: res[13]=[io  0x1000-0x0fff] res_to_dev_res add_size 1000 min_align 1000
Jul 10 10:50:14 kernel: [    0.129321] pci 0000:00:18.6: res[13]=[io  0x1000-0x1fff] res_to_dev_res add_size 1000 min_align 1000
Jul 10 10:50:14 kernel: [    0.129322] pci 0000:00:18.7: res[13]=[io  0x1000-0x0fff] res_to_dev_res add_size 1000 min_align 1000
Jul 10 10:50:14 kernel: [    0.129323] pci 0000:00:18.7: res[13]=[io  0x1000-0x1fff] res_to_dev_res add_size 1000 min_align 1000
Jul 10 10:50:14 kernel: [    0.129328] pci 0000:00:0f.0: BAR 6: assigned [mem 0x40000000-0x40007fff pref]
Jul 10 10:50:14 kernel: [    0.129458] pci 0000:00:10.0: BAR 6: assigned [mem 0x40008000-0x4000bfff pref]
Jul 10 10:50:14 kernel: [    0.129585] pci 0000:00:15.3: BAR 13: no space for [io  size 0x1000]
Jul 10 10:50:14 kernel: [    0.129669] pci 0000:00:15.3: BAR 13: failed to assign [io  size 0x1000]
Jul 10 10:50:14 kernel: [    0.129755] pci 0000:00:15.4: BAR 13: no space for [io  size 0x1000]
Jul 10 10:50:14 kernel: [    0.129839] pci 0000:00:15.4: BAR 13: failed to assign [io  size 0x1000]
Jul 10 10:50:14 kernel: [    0.129925] pci 0000:00:15.5: BAR 13: no space for [io  size 0x1000]
Jul 10 10:50:14 kernel: [    0.130009] pci 0000:00:15.5: BAR 13: failed to assign [io  size 0x1000]
Jul 10 10:50:14 kernel: [    0.130095] pci 0000:00:15.6: BAR 13: no space for [io  size 0x1000]
Jul 10 10:50:14 kernel: [    0.130178] pci 0000:00:15.6: BAR 13: failed to assign [io  size 0x1000]
Jul 10 10:50:14 kernel: [    0.130264] pci 0000:00:15.7: BAR 13: no space for [io  size 0x1000]
Jul 10 10:50:14 kernel: [    0.130347] pci 0000:00:15.7: BAR 13: failed to assign [io  size 0x1000]
Jul 10 10:50:14 kernel: [    0.130434] pci 0000:00:16.3: BAR 13: no space for [io  size 0x1000]
Jul 10 10:50:14 kernel: [    0.130517] pci 0000:00:16.3: BAR 13: failed to assign [io  size 0x1000]
Jul 10 10:50:14 kernel: [    0.130603] pci 0000:00:16.4: BAR 13: no space for [io  size 0x1000]
Jul 10 10:50:14 kernel: [    0.130687] pci 0000:00:16.4: BAR 13: failed to assign [io  size 0x1000]
Jul 10 10:50:14 kernel: [    0.130772] pci 0000:00:16.5: BAR 13: no space for [io  size 0x1000]
Jul 10 10:50:14 kernel: [    0.130856] pci 0000:00:16.5: BAR 13: failed to assign [io  size 0x1000]
Jul 10 10:50:14 kernel: [    0.130941] pci 0000:00:16.6: BAR 13: no space for [io  size 0x1000]
Jul 10 10:50:14 kernel: [    0.131025] pci 0000:00:16.6: BAR 13: failed to assign [io  size 0x1000]
Jul 10 10:50:14 kernel: [    0.131111] pci 0000:00:16.7: BAR 13: no space for [io  size 0x1000]
Jul 10 10:50:14 kernel: [    0.131194] pci 0000:00:16.7: BAR 13: failed to assign [io  size 0x1000]
Jul 10 10:50:14 kernel: [    0.131280] pci 0000:00:17.3: BAR 13: no space for [io  size 0x1000]
Jul 10 10:50:14 kernel: [    0.131363] pci 0000:00:17.3: BAR 13: failed to assign [io  size 0x1000]
Jul 10 10:50:14 kernel: [    0.131450] pci 0000:00:17.4: BAR 13: no space for [io  size 0x1000]
Jul 10 10:50:14 kernel: [    0.131533] pci 0000:00:17.4: BAR 13: failed to assign [io  size 0x1000]
Jul 10 10:50:14 kernel: [    0.131619] pci 0000:00:17.5: BAR 13: no space for [io  size 0x1000]
Jul 10 10:50:14 kernel: [    0.131703] pci 0000:00:17.5: BAR 13: failed to assign [io  size 0x1000]
Jul 10 10:50:14 kernel: [    0.131789] pci 0000:00:17.6: BAR 13: no space for [io  size 0x1000]
Jul 10 10:50:14 kernel: [    0.131872] pci 0000:00:17.6: BAR 13: failed to assign [io  size 0x1000]
Jul 10 10:50:14 kernel: [    0.131896] pci 0000:00:17.7: BAR 13: no space for [io  size 0x1000]
Jul 10 10:50:14 kernel: [    0.131980] pci 0000:00:17.7: BAR 13: failed to assign [io  size 0x1000]
Jul 10 10:50:14 kernel: [    0.132066] pci 0000:00:18.2: BAR 13: no space for [io  size 0x1000]
Jul 10 10:50:14 kernel: [    0.132149] pci 0000:00:18.2: BAR 13: failed to assign [io  size 0x1000]
Jul 10 10:50:14 kernel: [    0.132235] pci 0000:00:18.3: BAR 13: no space for [io  size 0x1000]
Jul 10 10:50:14 kernel: [    0.132319] pci 0000:00:18.3: BAR 13: failed to assign [io  size 0x1000]
Jul 10 10:50:14 kernel: [    0.132405] pci 0000:00:18.4: BAR 13: no space for [io  size 0x1000]
Jul 10 10:50:14 kernel: [    0.132489] pci 0000:00:18.4: BAR 13: failed to assign [io  size 0x1000]
Jul 10 10:50:14 kernel: [    0.132575] pci 0000:00:18.5: BAR 13: no space for [io  size 0x1000]
Jul 10 10:50:14 kernel: [    0.132659] pci 0000:00:18.5: BAR 13: failed to assign [io  size 0x1000]
Jul 10 10:50:14 kernel: [    0.132745] pci 0000:00:18.6: BAR 13: no space for [io  size 0x1000]
Jul 10 10:50:14 kernel: [    0.132829] pci 0000:00:18.6: BAR 13: failed to assign [io  size 0x1000]
Jul 10 10:50:14 kernel: [    0.132915] pci 0000:00:18.7: BAR 13: no space for [io  size 0x1000]
Jul 10 10:50:14 kernel: [    0.132998] pci 0000:00:18.7: BAR 13: failed to assign [io  size 0x1000]
Jul 10 10:50:14 kernel: [    0.133087] pci 0000:00:18.7: BAR 13: no space for [io  size 0x1000]
Jul 10 10:50:14 kernel: [    0.133171] pci 0000:00:18.7: BAR 13: failed to assign [io  size 0x1000]
Jul 10 10:50:14 kernel: [    0.133256] pci 0000:00:18.6: BAR 13: no space for [io  size 0x1000]
Jul 10 10:50:14 kernel: [    0.133339] pci 0000:00:18.6: BAR 13: failed to assign [io  size 0x1000]
Jul 10 10:50:14 kernel: [    0.133425] pci 0000:00:18.5: BAR 13: no space for [io  size 0x1000]
Jul 10 10:50:14 kernel: [    0.133510] pci 0000:00:18.5: BAR 13: failed to assign [io  size 0x1000]
Jul 10 10:50:14 kernel: [    0.133596] pci 0000:00:18.4: BAR 13: no space for [io  size 0x1000]
Jul 10 10:50:14 kernel: [    0.133680] pci 0000:00:18.4: BAR 13: failed to assign [io  size 0x1000]
Jul 10 10:50:14 kernel: [    0.133766] pci 0000:00:18.3: BAR 13: no space for [io  size 0x1000]
Jul 10 10:50:14 kernel: [    0.133850] pci 0000:00:18.3: BAR 13: failed to assign [io  size 0x1000]
Jul 10 10:50:14 kernel: [    0.133936] pci 0000:00:18.2: BAR 13: no space for [io  size 0x1000]
Jul 10 10:50:14 kernel: [    0.134020] pci 0000:00:18.2: BAR 13: failed to assign [io  size 0x1000]
Jul 10 10:50:14 kernel: [    0.134106] pci 0000:00:17.7: BAR 13: no space for [io  size 0x1000]
Jul 10 10:50:14 kernel: [    0.134190] pci 0000:00:17.7: BAR 13: failed to assign [io  size 0x1000]
Jul 10 10:50:14 kernel: [    0.134276] pci 0000:00:17.6: BAR 13: no space for [io  size 0x1000]
Jul 10 10:50:14 kernel: [    0.134360] pci 0000:00:17.6: BAR 13: failed to assign [io  size 0x1000]
Jul 10 10:50:14 kernel: [    0.134446] pci 0000:00:17.5: BAR 13: no space for [io  size 0x1000]
Jul 10 10:50:14 kernel: [    0.134530] pci 0000:00:17.5: BAR 13: failed to assign [io  size 0x1000]
Jul 10 10:50:14 kernel: [    0.134616] pci 0000:00:17.4: BAR 13: no space for [io  size 0x1000]
Jul 10 10:50:14 kernel: [    0.134700] pci 0000:00:17.4: BAR 13: failed to assign [io  size 0x1000]
Jul 10 10:50:14 kernel: [    0.134786] pci 0000:00:17.3: BAR 13: no space for [io  size 0x1000]
Jul 10 10:50:14 kernel: [    0.134870] pci 0000:00:17.3: BAR 13: failed to assign [io  size 0x1000]
Jul 10 10:50:14 kernel: [    0.134956] pci 0000:00:16.7: BAR 13: no space for [io  size 0x1000]
Jul 10 10:50:14 kernel: [    0.135040] pci 0000:00:16.7: BAR 13: failed to assign [io  size 0x1000]
Jul 10 10:50:14 kernel: [    0.135126] pci 0000:00:16.6: BAR 13: no space for [io  size 0x1000]
Jul 10 10:50:14 kernel: [    0.135210] pci 0000:00:16.6: BAR 13: failed to assign [io  size 0x1000]
Jul 10 10:50:14 kernel: [    0.135296] pci 0000:00:16.5: BAR 13: no space for [io  size 0x1000]
Jul 10 10:50:14 kernel: [    0.135380] pci 0000:00:16.5: BAR 13: failed to assign [io  size 0x1000]
Jul 10 10:50:14 kernel: [    0.135466] pci 0000:00:16.4: BAR 13: no space for [io  size 0x1000]
Jul 10 10:50:14 kernel: [    0.135550] pci 0000:00:16.4: BAR 13: failed to assign [io  size 0x1000]
Jul 10 10:50:14 kernel: [    0.135636] pci 0000:00:16.3: BAR 13: no space for [io  size 0x1000]
Jul 10 10:50:14 kernel: [    0.135721] pci 0000:00:16.3: BAR 13: failed to assign [io  size 0x1000]
Jul 10 10:50:14 kernel: [    0.135807] pci 0000:00:15.7: BAR 13: no space for [io  size 0x1000]
Jul 10 10:50:14 kernel: [    0.135894] pci 0000:00:15.7: BAR 13: failed to assign [io  size 0x1000]
Jul 10 10:50:14 kernel: [    0.135981] pci 0000:00:15.6: BAR 13: no space for [io  size 0x1000]
Jul 10 10:50:14 kernel: [    0.136065] pci 0000:00:15.6: BAR 13: failed to assign [io  size 0x1000]
Jul 10 10:50:14 kernel: [    0.136151] pci 0000:00:15.5: BAR 13: no space for [io  size 0x1000]
Jul 10 10:50:14 kernel: [    0.136234] pci 0000:00:15.5: BAR 13: failed to assign [io  size 0x1000]
Jul 10 10:50:14 kernel: [    0.136320] pci 0000:00:15.4: BAR 13: no space for [io  size 0x1000]
Jul 10 10:50:14 kernel: [    0.136404] pci 0000:00:15.4: BAR 13: failed to assign [io  size 0x1000]
Jul 10 10:50:14 kernel: [    0.136489] pci 0000:00:15.3: BAR 13: no space for [io  size 0x1000]
Jul 10 10:50:14 kernel: [    0.136573] pci 0000:00:15.3: BAR 13: failed to assign [io  size 0x1000]
Jul 10 10:50:14 kernel: [    0.136659] pci 0000:00:01.0: PCI bridge to [bus 01]
Jul 10 10:50:14 kernel: [    0.136817] pci 0000:02:00.0: BAR 6: assigned [mem 0xfd500000-0xfd50ffff pref]
Jul 10 10:50:14 kernel: [    0.136943] pci 0000:00:11.0: PCI bridge to [bus 02]
Jul 10 10:50:14 kernel: [    0.137028] pci 0000:00:11.0:   bridge window [io  0x2000-0x3fff]
Jul 10 10:50:14 kernel: [    0.137131] pci 0000:00:11.0:   bridge window [mem 0xfd500000-0xfdffffff]
Jul 10 10:50:14 kernel: [    0.137231] pci 0000:00:11.0:   bridge window [mem 0xebb00000-0xebffffff 64bit pref]
Jul 10 10:50:14 kernel: [    0.137386] pci 0000:00:15.0: PCI bridge to [bus 03]
Jul 10 10:50:14 kernel: [    0.137470] pci 0000:00:15.0:   bridge window [io  0x4000-0x4fff]
Jul 10 10:50:14 kernel: [    0.137573] pci 0000:00:15.0:   bridge window [mem 0xfd400000-0xfd4fffff]
Jul 10 10:50:14 kernel: [    0.137673] pci 0000:00:15.0:   bridge window [mem 0xeba00000-0xebafffff 64bit pref]
Jul 10 10:50:14 kernel: [    0.137857] pci 0000:00:15.1: PCI bridge to [bus 04]
Jul 10 10:50:14 kernel: [    0.137942] pci 0000:00:15.1:   bridge window [io  0x8000-0x8fff]
Jul 10 10:50:14 kernel: [    0.138046] pci 0000:00:15.1:   bridge window [mem 0xfd000000-0xfd0fffff]
Jul 10 10:50:14 kernel: [    0.138146] pci 0000:00:15.1:   bridge window [mem 0xeb600000-0xeb6fffff 64bit pref]
Jul 10 10:50:14 kernel: [    0.138309] pci 0000:00:15.2: PCI bridge to [bus 05]
Jul 10 10:50:14 kernel: [    0.138394] pci 0000:00:15.2:   bridge window [io  0xc000-0xcfff]
Jul 10 10:50:14 kernel: [    0.138497] pci 0000:00:15.2:   bridge window [mem 0xfcc00000-0xfccfffff]
Jul 10 10:50:14 kernel: [    0.138597] pci 0000:00:15.2:   bridge window [mem 0xeb200000-0xeb2fffff 64bit pref]
Jul 10 10:50:14 kernel: [    0.138758] pci 0000:00:15.3: PCI bridge to [bus 06]
Jul 10 10:50:14 kernel: [    0.138856] pci 0000:00:15.3:   bridge window [mem 0xfc800000-0xfc8fffff]
Jul 10 10:50:14 kernel: [    0.138956] pci 0000:00:15.3:   bridge window [mem 0xeae00000-0xeaefffff 64bit pref]
Jul 10 10:50:14 kernel: [    0.139118] pci 0000:00:15.4: PCI bridge to [bus 07]
Jul 10 10:50:14 kernel: [    0.139216] pci 0000:00:15.4:   bridge window [mem 0xfc400000-0xfc4fffff]
Jul 10 10:50:14 kernel: [    0.139316] pci 0000:00:15.4:   bridge window [mem 0xeaa00000-0xeaafffff 64bit pref]
Jul 10 10:50:14 kernel: [    0.139478] pci 0000:00:15.5: PCI bridge to [bus 08]
Jul 10 10:50:14 kernel: [    0.139576] pci 0000:00:15.5:   bridge window [mem 0xfc000000-0xfc0fffff]
Jul 10 10:50:14 kernel: [    0.139676] pci 0000:00:15.5:   bridge window [mem 0xea600000-0xea6fffff 64bit pref]
Jul 10 10:50:14 kernel: [    0.139838] pci 0000:00:15.6: PCI bridge to [bus 09]
Jul 10 10:50:14 kernel: [    0.139918] pci 0000:00:15.6:   bridge window [mem 0xfbc00000-0xfbcfffff]
Jul 10 10:50:14 kernel: [    0.140019] pci 0000:00:15.6:   bridge window [mem 0xea200000-0xea2fffff 64bit pref]
Jul 10 10:50:14 kernel: [    0.140182] pci 0000:00:15.7: PCI bridge to [bus 0a]
Jul 10 10:50:14 kernel: [    0.140281] pci 0000:00:15.7:   bridge window [mem 0xfb800000-0xfb8fffff]
Jul 10 10:50:14 kernel: [    0.140381] pci 0000:00:15.7:   bridge window [mem 0xe9e00000-0xe9efffff 64bit pref]
Jul 10 10:50:14 kernel: [    0.140544] pci 0000:00:16.0: PCI bridge to [bus 0b]
Jul 10 10:50:14 kernel: [    0.140629] pci 0000:00:16.0:   bridge window [io  0x5000-0x5fff]
Jul 10 10:50:14 kernel: [    0.140732] pci 0000:00:16.0:   bridge window [mem 0xfd300000-0xfd3fffff]
Jul 10 10:50:14 kernel: [    0.140832] pci 0000:00:16.0:   bridge window [mem 0xeb900000-0xeb9fffff 64bit pref]
Jul 10 10:50:14 kernel: [    0.140994] pci 0000:00:16.1: PCI bridge to [bus 0c]
Jul 10 10:50:14 kernel: [    0.141079] pci 0000:00:16.1:   bridge window [io  0x9000-0x9fff]
Jul 10 10:50:14 kernel: [    0.141182] pci 0000:00:16.1:   bridge window [mem 0xfcf00000-0xfcffffff]
Jul 10 10:50:14 kernel: [    0.141281] pci 0000:00:16.1:   bridge window [mem 0xeb500000-0xeb5fffff 64bit pref]
Jul 10 10:50:14 kernel: [    0.141443] pci 0000:00:16.2: PCI bridge to [bus 0d]
Jul 10 10:50:14 kernel: [    0.141528] pci 0000:00:16.2:   bridge window [io  0xd000-0xdfff]
Jul 10 10:50:14 kernel: [    0.141631] pci 0000:00:16.2:   bridge window [mem 0xfcb00000-0xfcbfffff]
Jul 10 10:50:14 kernel: [    0.141732] pci 0000:00:16.2:   bridge window [mem 0xeb100000-0xeb1fffff 64bit pref]
Jul 10 10:50:14 kernel: [    0.141892] pci 0000:00:16.3: PCI bridge to [bus 0e]
Jul 10 10:50:14 kernel: [    0.141991] pci 0000:00:16.3:   bridge window [mem 0xfc700000-0xfc7fffff]
Jul 10 10:50:14 kernel: [    0.142091] pci 0000:00:16.3:   bridge window [mem 0xead00000-0xeadfffff 64bit pref]
Jul 10 10:50:14 kernel: [    0.142263] pci 0000:00:16.4: PCI bridge to [bus 0f]
Jul 10 10:50:14 kernel: [    0.142373] pci 0000:00:16.4:   bridge window [mem 0xfc300000-0xfc3fffff]
Jul 10 10:50:14 kernel: [    0.142487] pci 0000:00:16.4:   bridge window [mem 0xea900000-0xea9fffff 64bit pref]
Jul 10 10:50:14 kernel: [    0.142669] pci 0000:00:16.5: PCI bridge to [bus 10]
Jul 10 10:50:14 kernel: [    0.142768] pci 0000:00:16.5:   bridge window [mem 0xfbf00000-0xfbffffff]
Jul 10 10:50:14 kernel: [    0.142868] pci 0000:00:16.5:   bridge window [mem 0xea500000-0xea5fffff 64bit pref]
Jul 10 10:50:14 kernel: [    0.143030] pci 0000:00:16.6: PCI bridge to [bus 11]
Jul 10 10:50:14 kernel: [    0.143128] pci 0000:00:16.6:   bridge window [mem 0xfbb00000-0xfbbfffff]
Jul 10 10:50:14 kernel: [    0.143228] pci 0000:00:16.6:   bridge window [mem 0xea100000-0xea1fffff 64bit pref]
Jul 10 10:50:14 kernel: [    0.143389] pci 0000:00:16.7: PCI bridge to [bus 12]
Jul 10 10:50:14 kernel: [    0.143488] pci 0000:00:16.7:   bridge window [mem 0xfb700000-0xfb7fffff]
Jul 10 10:50:14 kernel: [    0.143587] pci 0000:00:16.7:   bridge window [mem 0xe9d00000-0xe9dfffff 64bit pref]
Jul 10 10:50:14 kernel: [    0.143749] pci 0000:00:17.0: PCI bridge to [bus 13]
Jul 10 10:50:14 kernel: [    0.143834] pci 0000:00:17.0:   bridge window [io  0x6000-0x6fff]
Jul 10 10:50:14 kernel: [    0.143916] pci 0000:00:17.0:   bridge window [mem 0xfd200000-0xfd2fffff]
Jul 10 10:50:14 kernel: [    0.144016] pci 0000:00:17.0:   bridge window [mem 0xeb800000-0xeb8fffff 64bit pref]
Jul 10 10:50:14 kernel: [    0.144179] pci 0000:00:17.1: PCI bridge to [bus 14]
Jul 10 10:50:14 kernel: [    0.144263] pci 0000:00:17.1:   bridge window [io  0xa000-0xafff]
Jul 10 10:50:14 kernel: [    0.144366] pci 0000:00:17.1:   bridge window [mem 0xfce00000-0xfcefffff]
Jul 10 10:50:14 kernel: [    0.144467] pci 0000:00:17.1:   bridge window [mem 0xeb400000-0xeb4fffff 64bit pref]
Jul 10 10:50:14 kernel: [    0.144629] pci 0000:00:17.2: PCI bridge to [bus 15]
Jul 10 10:50:14 kernel: [    0.144713] pci 0000:00:17.2:   bridge window [io  0xe000-0xefff]
Jul 10 10:50:14 kernel: [    0.144816] pci 0000:00:17.2:   bridge window [mem 0xfca00000-0xfcafffff]
Jul 10 10:50:14 kernel: [    0.145684] pci 0000:00:17.2:   bridge window [mem 0xeb000000-0xeb0fffff 64bit pref]
Jul 10 10:50:14 kernel: [    0.145847] pci 0000:00:17.3: PCI bridge to [bus 16]
Jul 10 10:50:14 kernel: [    0.145945] pci 0000:00:17.3:   bridge window [mem 0xfc600000-0xfc6fffff]
Jul 10 10:50:14 kernel: [    0.146045] pci 0000:00:17.3:   bridge window [mem 0xeac00000-0xeacfffff 64bit pref]
Jul 10 10:50:14 kernel: [    0.146207] pci 0000:00:17.4: PCI bridge to [bus 17]
Jul 10 10:50:14 kernel: [    0.146305] pci 0000:00:17.4:   bridge window [mem 0xfc200000-0xfc2fffff]
Jul 10 10:50:14 kernel: [    0.146409] pci 0000:00:17.4:   bridge window [mem 0xea800000-0xea8fffff 64bit pref]
Jul 10 10:50:14 kernel: [    0.146574] pci 0000:00:17.5: PCI bridge to [bus 18]
Jul 10 10:50:14 kernel: [    0.146672] pci 0000:00:17.5:   bridge window [mem 0xfbe00000-0xfbefffff]
Jul 10 10:50:14 kernel: [    0.146772] pci 0000:00:17.5:   bridge window [mem 0xea400000-0xea4fffff 64bit pref]
Jul 10 10:50:14 kernel: [    0.146934] pci 0000:00:17.6: PCI bridge to [bus 19]
Jul 10 10:50:14 kernel: [    0.147033] pci 0000:00:17.6:   bridge window [mem 0xfba00000-0xfbafffff]
Jul 10 10:50:14 kernel: [    0.147133] pci 0000:00:17.6:   bridge window [mem 0xea000000-0xea0fffff 64bit pref]
Jul 10 10:50:14 kernel: [    0.147295] pci 0000:00:17.7: PCI bridge to [bus 1a]
Jul 10 10:50:14 kernel: [    0.147393] pci 0000:00:17.7:   bridge window [mem 0xfb600000-0xfb6fffff]
Jul 10 10:50:14 kernel: [    0.147494] pci 0000:00:17.7:   bridge window [mem 0xe9c00000-0xe9cfffff 64bit pref]
Jul 10 10:50:14 kernel: [    0.147656] pci 0000:00:18.0: PCI bridge to [bus 1b]
Jul 10 10:50:14 kernel: [    0.147741] pci 0000:00:18.0:   bridge window [io  0x7000-0x7fff]
Jul 10 10:50:14 kernel: [    0.147844] pci 0000:00:18.0:   bridge window [mem 0xfd100000-0xfd1fffff]
Jul 10 10:50:14 kernel: [    0.147909] pci 0000:00:18.0:   bridge window [mem 0xeb700000-0xeb7fffff 64bit pref]
Jul 10 10:50:14 kernel: [    0.148073] pci 0000:00:18.1: PCI bridge to [bus 1c]
Jul 10 10:50:14 kernel: [    0.148158] pci 0000:00:18.1:   bridge window [io  0xb000-0xbfff]
Jul 10 10:50:14 kernel: [    0.148261] pci 0000:00:18.1:   bridge window [mem 0xfcd00000-0xfcdfffff]
Jul 10 10:50:14 kernel: [    0.148362] pci 0000:00:18.1:   bridge window [mem 0xeb300000-0xeb3fffff 64bit pref]
Jul 10 10:50:14 kernel: [    0.148523] pci 0000:00:18.2: PCI bridge to [bus 1d]
Jul 10 10:50:14 kernel: [    0.148621] pci 0000:00:18.2:   bridge window [mem 0xfc900000-0xfc9fffff]
Jul 10 10:50:14 kernel: [    0.148721] pci 0000:00:18.2:   bridge window [mem 0xeaf00000-0xeaffffff 64bit pref]
Jul 10 10:50:14 kernel: [    0.148882] pci 0000:00:18.3: PCI bridge to [bus 1e]
Jul 10 10:50:14 kernel: [    0.148980] pci 0000:00:18.3:   bridge window [mem 0xfc500000-0xfc5fffff]
Jul 10 10:50:14 kernel: [    0.149080] pci 0000:00:18.3:   bridge window [mem 0xeab00000-0xeabfffff 64bit pref]
Jul 10 10:50:14 kernel: [    0.149243] pci 0000:00:18.4: PCI bridge to [bus 1f]
Jul 10 10:50:14 kernel: [    0.149341] pci 0000:00:18.4:   bridge window [mem 0xfc100000-0xfc1fffff]
Jul 10 10:50:14 kernel: [    0.149441] pci 0000:00:18.4:   bridge window [mem 0xea700000-0xea7fffff 64bit pref]
Jul 10 10:50:14 kernel: [    0.149604] pci 0000:00:18.5: PCI bridge to [bus 20]
Jul 10 10:50:14 kernel: [    0.149702] pci 0000:00:18.5:   bridge window [mem 0xfbd00000-0xfbdfffff]
Jul 10 10:50:14 kernel: [    0.149802] pci 0000:00:18.5:   bridge window [mem 0xea300000-0xea3fffff 64bit pref]
Jul 10 10:50:14 kernel: [    0.149963] pci 0000:00:18.6: PCI bridge to [bus 21]
Jul 10 10:50:14 kernel: [    0.150061] pci 0000:00:18.6:   bridge window [mem 0xfb900000-0xfb9fffff]
Jul 10 10:50:14 kernel: [    0.150161] pci 0000:00:18.6:   bridge window [mem 0xe9f00000-0xe9ffffff 64bit pref]
Jul 10 10:50:14 kernel: [    0.150323] pci 0000:00:18.7: PCI bridge to [bus 22]
Jul 10 10:50:14 kernel: [    0.150421] pci 0000:00:18.7:   bridge window [mem 0xfb500000-0xfb5fffff]
Jul 10 10:50:14 kernel: [    0.150522] pci 0000:00:18.7:   bridge window [mem 0xe9b00000-0xe9bfffff 64bit pref]
Jul 10 10:50:14 kernel: [    0.150685] pci_bus 0000:00: resource 4 [mem 0x000a0000-0x000bffff window]
Jul 10 10:50:14 kernel: [    0.150687] pci_bus 0000:00: resource 5 [mem 0x000cc000-0x000cffff window]
Jul 10 10:50:14 kernel: [    0.150688] pci_bus 0000:00: resource 6 [mem 0x000d0000-0x000d3fff window]
Jul 10 10:50:14 kernel: [    0.150689] pci_bus 0000:00: resource 7 [mem 0x000d4000-0x000d7fff window]
Jul 10 10:50:14 kernel: [    0.150690] pci_bus 0000:00: resource 8 [mem 0x000d8000-0x000dbfff window]
Jul 10 10:50:14 kernel: [    0.150691] pci_bus 0000:00: resource 9 [mem 0x40000000-0xfebfffff window]
Jul 10 10:50:14 kernel: [    0.150693] pci_bus 0000:00: resource 10 [io  0x0000-0x0cf7 window]
Jul 10 10:50:14 kernel: [    0.150694] pci_bus 0000:00: resource 11 [io  0x0d00-0xfeff window]
Jul 10 10:50:14 kernel: [    0.150696] pci_bus 0000:02: resource 0 [io  0x2000-0x3fff]
Jul 10 10:50:14 kernel: [    0.150697] pci_bus 0000:02: resource 1 [mem 0xfd500000-0xfdffffff]
Jul 10 10:50:14 kernel: [    0.150698] pci_bus 0000:02: resource 2 [mem 0xebb00000-0xebffffff 64bit pref]
Jul 10 10:50:14 kernel: [    0.150699] pci_bus 0000:02: resource 4 [mem 0x000a0000-0x000bffff window]
Jul 10 10:50:14 kernel: [    0.150700] pci_bus 0000:02: resource 5 [mem 0x000cc000-0x000cffff window]
Jul 10 10:50:14 kernel: [    0.150701] pci_bus 0000:02: resource 6 [mem 0x000d0000-0x000d3fff window]
Jul 10 10:50:14 kernel: [    0.150702] pci_bus 0000:02: resource 7 [mem 0x000d4000-0x000d7fff window]
Jul 10 10:50:14 kernel: [    0.150703] pci_bus 0000:02: resource 8 [mem 0x000d8000-0x000dbfff window]
Jul 10 10:50:14 kernel: [    0.150704] pci_bus 0000:02: resource 9 [mem 0x40000000-0xfebfffff window]
Jul 10 10:50:14 kernel: [    0.150706] pci_bus 0000:02: resource 10 [io  0x0000-0x0cf7 window]
Jul 10 10:50:14 kernel: [    0.150707] pci_bus 0000:02: resource 11 [io  0x0d00-0xfeff window]
Jul 10 10:50:14 kernel: [    0.150708] pci_bus 0000:03: resource 0 [io  0x4000-0x4fff]
Jul 10 10:50:14 kernel: [    0.150710] pci_bus 0000:03: resource 1 [mem 0xfd400000-0xfd4fffff]
Jul 10 10:50:14 kernel: [    0.150711] pci_bus 0000:03: resource 2 [mem 0xeba00000-0xebafffff 64bit pref]
Jul 10 10:50:14 kernel: [    0.150712] pci_bus 0000:04: resource 0 [io  0x8000-0x8fff]
Jul 10 10:50:14 kernel: [    0.150713] pci_bus 0000:04: resource 1 [mem 0xfd000000-0xfd0fffff]
Jul 10 10:50:14 kernel: [    0.150714] pci_bus 0000:04: resource 2 [mem 0xeb600000-0xeb6fffff 64bit pref]
Jul 10 10:50:14 kernel: [    0.150715] pci_bus 0000:05: resource 0 [io  0xc000-0xcfff]
Jul 10 10:50:14 kernel: [    0.150716] pci_bus 0000:05: resource 1 [mem 0xfcc00000-0xfccfffff]
Jul 10 10:50:14 kernel: [    0.150717] pci_bus 0000:05: resource 2 [mem 0xeb200000-0xeb2fffff 64bit pref]
Jul 10 10:50:14 kernel: [    0.150719] pci_bus 0000:06: resource 1 [mem 0xfc800000-0xfc8fffff]
Jul 10 10:50:14 kernel: [    0.150720] pci_bus 0000:06: resource 2 [mem 0xeae00000-0xeaefffff 64bit pref]
Jul 10 10:50:14 kernel: [    0.150721] pci_bus 0000:07: resource 1 [mem 0xfc400000-0xfc4fffff]
Jul 10 10:50:14 kernel: [    0.150722] pci_bus 0000:07: resource 2 [mem 0xeaa00000-0xeaafffff 64bit pref]
Jul 10 10:50:14 kernel: [    0.150723] pci_bus 0000:08: resource 1 [mem 0xfc000000-0xfc0fffff]
Jul 10 10:50:14 kernel: [    0.150724] pci_bus 0000:08: resource 2 [mem 0xea600000-0xea6fffff 64bit pref]
Jul 10 10:50:14 kernel: [    0.150725] pci_bus 0000:09: resource 1 [mem 0xfbc00000-0xfbcfffff]
Jul 10 10:50:14 kernel: [    0.150726] pci_bus 0000:09: resource 2 [mem 0xea200000-0xea2fffff 64bit pref]
Jul 10 10:50:14 kernel: [    0.150728] pci_bus 0000:0a: resource 1 [mem 0xfb800000-0xfb8fffff]
Jul 10 10:50:14 kernel: [    0.150729] pci_bus 0000:0a: resource 2 [mem 0xe9e00000-0xe9efffff 64bit pref]
Jul 10 10:50:14 kernel: [    0.150730] pci_bus 0000:0b: resource 0 [io  0x5000-0x5fff]
Jul 10 10:50:14 kernel: [    0.150731] pci_bus 0000:0b: resource 1 [mem 0xfd300000-0xfd3fffff]
Jul 10 10:50:14 kernel: [    0.150732] pci_bus 0000:0b: resource 2 [mem 0xeb900000-0xeb9fffff 64bit pref]
Jul 10 10:50:14 kernel: [    0.150734] pci_bus 0000:0c: resource 0 [io  0x9000-0x9fff]
Jul 10 10:50:14 kernel: [    0.150735] pci_bus 0000:0c: resource 1 [mem 0xfcf00000-0xfcffffff]
Jul 10 10:50:14 kernel: [    0.150736] pci_bus 0000:0c: resource 2 [mem 0xeb500000-0xeb5fffff 64bit pref]
Jul 10 10:50:14 kernel: [    0.150737] pci_bus 0000:0d: resource 0 [io  0xd000-0xdfff]
Jul 10 10:50:14 kernel: [    0.150738] pci_bus 0000:0d: resource 1 [mem 0xfcb00000-0xfcbfffff]
Jul 10 10:50:14 kernel: [    0.150739] pci_bus 0000:0d: resource 2 [mem 0xeb100000-0xeb1fffff 64bit pref]
Jul 10 10:50:14 kernel: [    0.150740] pci_bus 0000:0e: resource 1 [mem 0xfc700000-0xfc7fffff]
Jul 10 10:50:14 kernel: [    0.150741] pci_bus 0000:0e: resource 2 [mem 0xead00000-0xeadfffff 64bit pref]
Jul 10 10:50:14 kernel: [    0.150743] pci_bus 0000:0f: resource 1 [mem 0xfc300000-0xfc3fffff]
Jul 10 10:50:14 kernel: [    0.150744] pci_bus 0000:0f: resource 2 [mem 0xea900000-0xea9fffff 64bit pref]
Jul 10 10:50:14 kernel: [    0.150745] pci_bus 0000:10: resource 1 [mem 0xfbf00000-0xfbffffff]
Jul 10 10:50:14 kernel: [    0.150746] pci_bus 0000:10: resource 2 [mem 0xea500000-0xea5fffff 64bit pref]
Jul 10 10:50:14 kernel: [    0.150748] pci_bus 0000:11: resource 1 [mem 0xfbb00000-0xfbbfffff]
Jul 10 10:50:14 kernel: [    0.150749] pci_bus 0000:11: resource 2 [mem 0xea100000-0xea1fffff 64bit pref]
Jul 10 10:50:14 kernel: [    0.150750] pci_bus 0000:12: resource 1 [mem 0xfb700000-0xfb7fffff]
Jul 10 10:50:14 kernel: [    0.150751] pci_bus 0000:12: resource 2 [mem 0xe9d00000-0xe9dfffff 64bit pref]
Jul 10 10:50:14 kernel: [    0.150752] pci_bus 0000:13: resource 0 [io  0x6000-0x6fff]
Jul 10 10:50:14 kernel: [    0.150753] pci_bus 0000:13: resource 1 [mem 0xfd200000-0xfd2fffff]
Jul 10 10:50:14 kernel: [    0.150754] pci_bus 0000:13: resource 2 [mem 0xeb800000-0xeb8fffff 64bit pref]
Jul 10 10:50:14 kernel: [    0.150756] pci_bus 0000:14: resource 0 [io  0xa000-0xafff]
Jul 10 10:50:14 kernel: [    0.150757] pci_bus 0000:14: resource 1 [mem 0xfce00000-0xfcefffff]
Jul 10 10:50:14 kernel: [    0.150758] pci_bus 0000:14: resource 2 [mem 0xeb400000-0xeb4fffff 64bit pref]
Jul 10 10:50:14 kernel: [    0.150759] pci_bus 0000:15: resource 0 [io  0xe000-0xefff]
Jul 10 10:50:14 kernel: [    0.150760] pci_bus 0000:15: resource 1 [mem 0xfca00000-0xfcafffff]
Jul 10 10:50:14 kernel: [    0.150761] pci_bus 0000:15: resource 2 [mem 0xeb000000-0xeb0fffff 64bit pref]
Jul 10 10:50:14 kernel: [    0.150763] pci_bus 0000:16: resource 1 [mem 0xfc600000-0xfc6fffff]
Jul 10 10:50:14 kernel: [    0.150764] pci_bus 0000:16: resource 2 [mem 0xeac00000-0xeacfffff 64bit pref]
Jul 10 10:50:14 kernel: [    0.150765] pci_bus 0000:17: resource 1 [mem 0xfc200000-0xfc2fffff]
Jul 10 10:50:14 kernel: [    0.150766] pci_bus 0000:17: resource 2 [mem 0xea800000-0xea8fffff 64bit pref]
Jul 10 10:50:14 kernel: [    0.150767] pci_bus 0000:18: resource 1 [mem 0xfbe00000-0xfbefffff]
Jul 10 10:50:14 kernel: [    0.150768] pci_bus 0000:18: resource 2 [mem 0xea400000-0xea4fffff 64bit pref]
Jul 10 10:50:14 kernel: [    0.150770] pci_bus 0000:19: resource 1 [mem 0xfba00000-0xfbafffff]
Jul 10 10:50:14 kernel: [    0.150771] pci_bus 0000:19: resource 2 [mem 0xea000000-0xea0fffff 64bit pref]
Jul 10 10:50:14 kernel: [    0.150772] pci_bus 0000:1a: resource 1 [mem 0xfb600000-0xfb6fffff]
Jul 10 10:50:14 kernel: [    0.150773] pci_bus 0000:1a: resource 2 [mem 0xe9c00000-0xe9cfffff 64bit pref]
Jul 10 10:50:14 kernel: [    0.150774] pci_bus 0000:1b: resource 0 [io  0x7000-0x7fff]
Jul 10 10:50:14 kernel: [    0.150775] pci_bus 0000:1b: resource 1 [mem 0xfd100000-0xfd1fffff]
Jul 10 10:50:14 kernel: [    0.150776] pci_bus 0000:1b: resource 2 [mem 0xeb700000-0xeb7fffff 64bit pref]
Jul 10 10:50:14 kernel: [    0.150777] pci_bus 0000:1c: resource 0 [io  0xb000-0xbfff]
Jul 10 10:50:14 kernel: [    0.150778] pci_bus 0000:1c: resource 1 [mem 0xfcd00000-0xfcdfffff]
Jul 10 10:50:14 kernel: [    0.150779] pci_bus 0000:1c: resource 2 [mem 0xeb300000-0xeb3fffff 64bit pref]
Jul 10 10:50:14 kernel: [    0.150781] pci_bus 0000:1d: resource 1 [mem 0xfc900000-0xfc9fffff]
Jul 10 10:50:14 kernel: [    0.150782] pci_bus 0000:1d: resource 2 [mem 0xeaf00000-0xeaffffff 64bit pref]
Jul 10 10:50:14 kernel: [    0.150783] pci_bus 0000:1e: resource 1 [mem 0xfc500000-0xfc5fffff]
Jul 10 10:50:14 kernel: [    0.150784] pci_bus 0000:1e: resource 2 [mem 0xeab00000-0xeabfffff 64bit pref]
Jul 10 10:50:14 kernel: [    0.150786] pci_bus 0000:1f: resource 1 [mem 0xfc100000-0xfc1fffff]
Jul 10 10:50:14 kernel: [    0.150787] pci_bus 0000:1f: resource 2 [mem 0xea700000-0xea7fffff 64bit pref]
Jul 10 10:50:14 kernel: [    0.150788] pci_bus 0000:20: resource 1 [mem 0xfbd00000-0xfbdfffff]
Jul 10 10:50:14 kernel: [    0.150789] pci_bus 0000:20: resource 2 [mem 0xea300000-0xea3fffff 64bit pref]
Jul 10 10:50:14 kernel: [    0.150791] pci_bus 0000:21: resource 1 [mem 0xfb900000-0xfb9fffff]
Jul 10 10:50:14 kernel: [    0.150792] pci_bus 0000:21: resource 2 [mem 0xe9f00000-0xe9ffffff 64bit pref]
Jul 10 10:50:14 kernel: [    0.150793] pci_bus 0000:22: resource 1 [mem 0xfb500000-0xfb5fffff]
Jul 10 10:50:14 kernel: [    0.150794] pci_bus 0000:22: resource 2 [mem 0xe9b00000-0xe9bfffff 64bit pref]
Jul 10 10:50:14 kernel: [    0.151029] NET: Registered protocol family 2
Jul 10 10:50:14 kernel: [    0.151239] TCP established hash table entries: 8192 (order: 4, 65536 bytes)
Jul 10 10:50:14 kernel: [    0.151343] TCP bind hash table entries: 8192 (order: 5, 131072 bytes)
Jul 10 10:50:14 kernel: [    0.151444] TCP: Hash tables configured (established 8192 bind 8192)
Jul 10 10:50:14 kernel: [    0.151550] UDP hash table entries: 512 (order: 2, 16384 bytes)
Jul 10 10:50:14 kernel: [    0.151636] UDP-Lite hash table entries: 512 (order: 2, 16384 bytes)
Jul 10 10:50:14 kernel: [    0.151749] NET: Registered protocol family 1
Jul 10 10:50:14 kernel: [    0.151831] pci 0000:00:00.0: Limiting direct PCI/PCI transfers
Jul 10 10:50:14 kernel: [    0.151973] pci 0000:00:0f.0: Video device with shadowed ROM at [mem 0x000c0000-0x000dffff]
Jul 10 10:50:14 kernel: [    0.152364] PCI: CLS mismatch (32 != 64), using 64 bytes
Jul 10 10:50:14 kernel: [    0.152410] Unpacking initramfs...
Jul 10 10:50:14 kernel: [    0.500273] Freeing initrd memory: 24048K (ffff914abe753000 - ffff914abfecf000)
Jul 10 10:50:14 kernel: [    0.500472] clocksource: tsc: mask: 0xffffffffffffffff max_cycles: 0x212733415c7, max_idle_ns: 440795236380 ns
Jul 10 10:50:14 kernel: [    0.500641] clocksource: Switched to clocksource tsc
Jul 10 10:50:14 kernel: [    0.500966] audit: initializing netlink subsys (disabled)
Jul 10 10:50:14 kernel: [    0.501064] audit: type=2000 audit(1499683813.500:1): initialized
Jul 10 10:50:14 kernel: [    0.501465] workingset: timestamp_bits=40 max_order=18 bucket_order=0
Jul 10 10:50:14 kernel: [    0.501568] zbud: loaded
Jul 10 10:50:14 kernel: [    0.502147] Block layer SCSI generic (bsg) driver version 0.4 loaded (major 250)
Jul 10 10:50:14 kernel: [    0.502312] io scheduler noop registered
Jul 10 10:50:14 kernel: [    0.502390] io scheduler deadline registered
Jul 10 10:50:14 kernel: [    0.502472] io scheduler cfq registered (default)
Jul 10 10:50:14 kernel: [    0.515990] pcieport 0000:00:15.0: Signaling PME through PCIe PME interrupt
Jul 10 10:50:14 kernel: [    0.516105] pcie_pme 0000:00:15.0:pcie001: service driver pcie_pme loaded
Jul 10 10:50:14 kernel: [    0.516185] pcieport 0000:00:15.1: Signaling PME through PCIe PME interrupt
Jul 10 10:50:14 kernel: [    0.516302] pcie_pme 0000:00:15.1:pcie001: service driver pcie_pme loaded
Jul 10 10:50:14 kernel: [    0.516379] pcieport 0000:00:15.2: Signaling PME through PCIe PME interrupt
Jul 10 10:50:14 kernel: [    0.516484] pcie_pme 0000:00:15.2:pcie001: service driver pcie_pme loaded
Jul 10 10:50:14 kernel: [    0.516561] pcieport 0000:00:15.3: Signaling PME through PCIe PME interrupt
Jul 10 10:50:14 kernel: [    0.516665] pcie_pme 0000:00:15.3:pcie001: service driver pcie_pme loaded
Jul 10 10:50:14 kernel: [    0.516742] pcieport 0000:00:15.4: Signaling PME through PCIe PME interrupt
Jul 10 10:50:14 kernel: [    0.516859] pcie_pme 0000:00:15.4:pcie001: service driver pcie_pme loaded
Jul 10 10:50:14 kernel: [    0.516935] pcieport 0000:00:15.5: Signaling PME through PCIe PME interrupt
Jul 10 10:50:14 kernel: [    0.517037] pcie_pme 0000:00:15.5:pcie001: service driver pcie_pme loaded
Jul 10 10:50:14 kernel: [    0.517114] pcieport 0000:00:15.6: Signaling PME through PCIe PME interrupt
Jul 10 10:50:14 kernel: [    0.517216] pcie_pme 0000:00:15.6:pcie001: service driver pcie_pme loaded
Jul 10 10:50:14 kernel: [    0.517293] pcieport 0000:00:15.7: Signaling PME through PCIe PME interrupt
Jul 10 10:50:14 kernel: [    0.517395] pcie_pme 0000:00:15.7:pcie001: service driver pcie_pme loaded
Jul 10 10:50:14 kernel: [    0.517472] pcieport 0000:00:16.0: Signaling PME through PCIe PME interrupt
Jul 10 10:50:14 kernel: [    0.517574] pcie_pme 0000:00:16.0:pcie001: service driver pcie_pme loaded
Jul 10 10:50:14 kernel: [    0.517650] pcieport 0000:00:16.1: Signaling PME through PCIe PME interrupt
Jul 10 10:50:14 kernel: [    0.517752] pcie_pme 0000:00:16.1:pcie001: service driver pcie_pme loaded
Jul 10 10:50:14 kernel: [    0.517829] pcieport 0000:00:16.2: Signaling PME through PCIe PME interrupt
Jul 10 10:50:14 kernel: [    0.517931] pcie_pme 0000:00:16.2:pcie001: service driver pcie_pme loaded
Jul 10 10:50:14 kernel: [    0.518008] pcieport 0000:00:16.3: Signaling PME through PCIe PME interrupt
Jul 10 10:50:14 kernel: [    0.518109] pcie_pme 0000:00:16.3:pcie001: service driver pcie_pme loaded
Jul 10 10:50:14 kernel: [    0.518186] pcieport 0000:00:16.4: Signaling PME through PCIe PME interrupt
Jul 10 10:50:14 kernel: [    0.518289] pcie_pme 0000:00:16.4:pcie001: service driver pcie_pme loaded
Jul 10 10:50:14 kernel: [    0.518366] pcieport 0000:00:16.5: Signaling PME through PCIe PME interrupt
Jul 10 10:50:14 kernel: [    0.518468] pcie_pme 0000:00:16.5:pcie001: service driver pcie_pme loaded
Jul 10 10:50:14 kernel: [    0.518545] pcieport 0000:00:16.6: Signaling PME through PCIe PME interrupt
Jul 10 10:50:14 kernel: [    0.518646] pcie_pme 0000:00:16.6:pcie001: service driver pcie_pme loaded
Jul 10 10:50:14 kernel: [    0.518723] pcieport 0000:00:16.7: Signaling PME through PCIe PME interrupt
Jul 10 10:50:14 kernel: [    0.518825] pcie_pme 0000:00:16.7:pcie001: service driver pcie_pme loaded
Jul 10 10:50:14 kernel: [    0.518902] pcieport 0000:00:17.0: Signaling PME through PCIe PME interrupt
Jul 10 10:50:14 kernel: [    0.519004] pcie_pme 0000:00:17.0:pcie001: service driver pcie_pme loaded
Jul 10 10:50:14 kernel: [    0.519080] pcieport 0000:00:17.1: Signaling PME through PCIe PME interrupt
Jul 10 10:50:14 kernel: [    0.519182] pcie_pme 0000:00:17.1:pcie001: service driver pcie_pme loaded
Jul 10 10:50:14 kernel: [    0.519260] pcieport 0000:00:17.2: Signaling PME through PCIe PME interrupt
Jul 10 10:50:14 kernel: [    0.519362] pcie_pme 0000:00:17.2:pcie001: service driver pcie_pme loaded
Jul 10 10:50:14 kernel: [    0.519439] pcieport 0000:00:17.3: Signaling PME through PCIe PME interrupt
Jul 10 10:50:14 kernel: [    0.519540] pcie_pme 0000:00:17.3:pcie001: service driver pcie_pme loaded
Jul 10 10:50:14 kernel: [    0.519617] pcieport 0000:00:17.4: Signaling PME through PCIe PME interrupt
Jul 10 10:50:14 kernel: [    0.519719] pcie_pme 0000:00:17.4:pcie001: service driver pcie_pme loaded
Jul 10 10:50:14 kernel: [    0.519796] pcieport 0000:00:17.5: Signaling PME through PCIe PME interrupt
Jul 10 10:50:14 kernel: [    0.519898] pcie_pme 0000:00:17.5:pcie001: service driver pcie_pme loaded
Jul 10 10:50:14 kernel: [    0.519984] pcieport 0000:00:17.6: Signaling PME through PCIe PME interrupt
Jul 10 10:50:14 kernel: [    0.520086] pcie_pme 0000:00:17.6:pcie001: service driver pcie_pme loaded
Jul 10 10:50:14 kernel: [    0.520164] pcieport 0000:00:17.7: Signaling PME through PCIe PME interrupt
Jul 10 10:50:14 kernel: [    0.520266] pcie_pme 0000:00:17.7:pcie001: service driver pcie_pme loaded
Jul 10 10:50:14 kernel: [    0.520343] pcieport 0000:00:18.0: Signaling PME through PCIe PME interrupt
Jul 10 10:50:14 kernel: [    0.520445] pcie_pme 0000:00:18.0:pcie001: service driver pcie_pme loaded
Jul 10 10:50:14 kernel: [    0.520522] pcieport 0000:00:18.1: Signaling PME through PCIe PME interrupt
Jul 10 10:50:14 kernel: [    0.520623] pcie_pme 0000:00:18.1:pcie001: service driver pcie_pme loaded
Jul 10 10:50:14 kernel: [    0.520700] pcieport 0000:00:18.2: Signaling PME through PCIe PME interrupt
Jul 10 10:50:14 kernel: [    0.520801] pcie_pme 0000:00:18.2:pcie001: service driver pcie_pme loaded
Jul 10 10:50:14 kernel: [    0.520878] pcieport 0000:00:18.3: Signaling PME through PCIe PME interrupt
Jul 10 10:50:14 kernel: [    0.520980] pcie_pme 0000:00:18.3:pcie001: service driver pcie_pme loaded
Jul 10 10:50:14 kernel: [    0.521057] pcieport 0000:00:18.4: Signaling PME through PCIe PME interrupt
Jul 10 10:50:14 kernel: [    0.521159] pcie_pme 0000:00:18.4:pcie001: service driver pcie_pme loaded
Jul 10 10:50:14 kernel: [    0.521235] pcieport 0000:00:18.5: Signaling PME through PCIe PME interrupt
Jul 10 10:50:14 kernel: [    0.521336] pcie_pme 0000:00:18.5:pcie001: service driver pcie_pme loaded
Jul 10 10:50:14 kernel: [    0.521413] pcieport 0000:00:18.6: Signaling PME through PCIe PME interrupt
Jul 10 10:50:14 kernel: [    0.521515] pcie_pme 0000:00:18.6:pcie001: service driver pcie_pme loaded
Jul 10 10:50:14 kernel: [    0.521592] pcieport 0000:00:18.7: Signaling PME through PCIe PME interrupt
Jul 10 10:50:14 kernel: [    0.521693] pcie_pme 0000:00:18.7:pcie001: service driver pcie_pme loaded
Jul 10 10:50:14 kernel: [    0.521704] pci_hotplug: PCI Hot Plug PCI Core version: 0.5
Jul 10 10:50:14 kernel: [    0.521813] pciehp 0000:00:15.0:pcie004: Slot #160 AttnBtn+ PwrCtrl+ MRL- AttnInd- PwrInd- HotPlug+ Surprise- Interlock- NoCompl+ LLActRep+
Jul 10 10:50:14 kernel: [    0.522009] pciehp 0000:00:15.0:pcie004: service driver pciehp loaded
Jul 10 10:50:14 kernel: [    0.522035] pciehp 0000:00:15.1:pcie004: Slot #161 AttnBtn+ PwrCtrl+ MRL- AttnInd- PwrInd- HotPlug+ Surprise- Interlock- NoCompl+ LLActRep+
Jul 10 10:50:14 kernel: [    0.522225] pciehp 0000:00:15.1:pcie004: service driver pciehp loaded
Jul 10 10:50:14 kernel: [    0.522251] pciehp 0000:00:15.2:pcie004: Slot #162 AttnBtn+ PwrCtrl+ MRL- AttnInd- PwrInd- HotPlug+ Surprise- Interlock- NoCompl+ LLActRep+
Jul 10 10:50:14 kernel: [    0.522441] pciehp 0000:00:15.2:pcie004: service driver pciehp loaded
Jul 10 10:50:14 kernel: [    0.522466] pciehp 0000:00:15.3:pcie004: Slot #163 AttnBtn+ PwrCtrl+ MRL- AttnInd- PwrInd- HotPlug+ Surprise- Interlock- NoCompl+ LLActRep+
Jul 10 10:50:14 kernel: [    0.522656] pciehp 0000:00:15.3:pcie004: service driver pciehp loaded
Jul 10 10:50:14 kernel: [    0.522682] pciehp 0000:00:15.4:pcie004: Slot #164 AttnBtn+ PwrCtrl+ MRL- AttnInd- PwrInd- HotPlug+ Surprise- Interlock- NoCompl+ LLActRep+
Jul 10 10:50:14 kernel: [    0.522872] pciehp 0000:00:15.4:pcie004: service driver pciehp loaded
Jul 10 10:50:14 kernel: [    0.522897] pciehp 0000:00:15.5:pcie004: Slot #165 AttnBtn+ PwrCtrl+ MRL- AttnInd- PwrInd- HotPlug+ Surprise- Interlock- NoCompl+ LLActRep+
Jul 10 10:50:14 kernel: [    0.523088] pciehp 0000:00:15.5:pcie004: service driver pciehp loaded
Jul 10 10:50:14 kernel: [    0.523113] pciehp 0000:00:15.6:pcie004: Slot #166 AttnBtn+ PwrCtrl+ MRL- AttnInd- PwrInd- HotPlug+ Surprise- Interlock- NoCompl+ LLActRep+
Jul 10 10:50:14 kernel: [    0.523302] pciehp 0000:00:15.6:pcie004: service driver pciehp loaded
Jul 10 10:50:14 kernel: [    0.523328] pciehp 0000:00:15.7:pcie004: Slot #167 AttnBtn+ PwrCtrl+ MRL- AttnInd- PwrInd- HotPlug+ Surprise- Interlock- NoCompl+ LLActRep+
Jul 10 10:50:14 kernel: [    0.523518] pciehp 0000:00:15.7:pcie004: service driver pciehp loaded
Jul 10 10:50:14 kernel: [    0.523543] pciehp 0000:00:16.0:pcie004: Slot #192 AttnBtn+ PwrCtrl+ MRL- AttnInd- PwrInd- HotPlug+ Surprise- Interlock- NoCompl+ LLActRep+
Jul 10 10:50:14 kernel: [    0.523736] pciehp 0000:00:16.0:pcie004: service driver pciehp loaded
Jul 10 10:50:14 kernel: [    0.523762] pciehp 0000:00:16.1:pcie004: Slot #193 AttnBtn+ PwrCtrl+ MRL- AttnInd- PwrInd- HotPlug+ Surprise- Interlock- NoCompl+ LLActRep+
Jul 10 10:50:14 kernel: [    0.523948] pciehp 0000:00:16.1:pcie004: service driver pciehp loaded
Jul 10 10:50:14 kernel: [    0.523975] pciehp 0000:00:16.2:pcie004: Slot #194 AttnBtn+ PwrCtrl+ MRL- AttnInd- PwrInd- HotPlug+ Surprise- Interlock- NoCompl+ LLActRep+
Jul 10 10:50:14 kernel: [    0.524165] pciehp 0000:00:16.2:pcie004: service driver pciehp loaded
Jul 10 10:50:14 kernel: [    0.524190] pciehp 0000:00:16.3:pcie004: Slot #195 AttnBtn+ PwrCtrl+ MRL- AttnInd- PwrInd- HotPlug+ Surprise- Interlock- NoCompl+ LLActRep+
Jul 10 10:50:14 kernel: [    0.524382] pciehp 0000:00:16.3:pcie004: service driver pciehp loaded
Jul 10 10:50:14 kernel: [    0.524407] pciehp 0000:00:16.4:pcie004: Slot #196 AttnBtn+ PwrCtrl+ MRL- AttnInd- PwrInd- HotPlug+ Surprise- Interlock- NoCompl+ LLActRep+
Jul 10 10:50:14 kernel: [    0.524597] pciehp 0000:00:16.4:pcie004: service driver pciehp loaded
Jul 10 10:50:14 kernel: [    0.524622] pciehp 0000:00:16.5:pcie004: Slot #197 AttnBtn+ PwrCtrl+ MRL- AttnInd- PwrInd- HotPlug+ Surprise- Interlock- NoCompl+ LLActRep+
Jul 10 10:50:14 kernel: [    0.524812] pciehp 0000:00:16.5:pcie004: service driver pciehp loaded
Jul 10 10:50:14 kernel: [    0.524837] pciehp 0000:00:16.6:pcie004: Slot #198 AttnBtn+ PwrCtrl+ MRL- AttnInd- PwrInd- HotPlug+ Surprise- Interlock- NoCompl+ LLActRep+
Jul 10 10:50:14 kernel: [    0.525026] pciehp 0000:00:16.6:pcie004: service driver pciehp loaded
