To : Debian Bug Tracking System <submit@bugs.debian.org>
Subject : Bug#873854: mouse cursor not moving on Lenovo X250
From : Eduard Bloch <edi@gmx.de>
Date : Thu, 31 Aug 2017 19:31:42 +0200
Message-id : 20170831173142.zgysnodc7eoh7y5y@rotes76.wohnheim.uni-kl.de
Reply-to : Eduard Bloch <edi@gmx.de>, 873854@bugs.debian.org


Package: debian-installer
Severity: normal
Tags: d-i
Hi,
I tried to install Debian on a used Lenovo Thinkpad X250 laptop. Got it
from today's get.debian.org so it should be
https://cdimage.debian.org/debian-cd/current/amd64/iso-cd/debian-9.1.0-amd64-netinst.iso
but not sure.
One of the most obvious failures is the lack of mouse cursor. It appears
in the middle but is not moving.
This is weird, the device is two years old and has no problems with
Ubuntu Live image, for example.
Logs attached, at least this is what I could export via the embedded
http sharing of d-i.
Best regards,
Eduard.
-- System Information:
Debian Release: buster/sid
  APT prefers unstable-debug
  APT policy: (500, 'unstable-debug'), (500, 'unstable'), (1, 'experimental-debug'), (1, 'experimental')
Architecture: amd64 (x86_64)
Foreign Architectures: i386
Kernel: Linux 4.12.2 (SMP w/4 CPU cores; PREEMPT)
Locale: LANG=de_DE.UTF-8, LC_CTYPE=de_DE.UTF-8 (charmap=UTF-8), LANGUAGE=de_DE.UTF-8 (charmap=UTF-8)
Shell: /bin/sh linked to /bin/bash
Init: systemd (via /run/systemd/system)
-- 
In der Wahl seiner Feinde kann der Mensch nicht vorsichtig genug sein.
		-- Oscar Wilde
Aug 31 16:49:09 syslogd started: BusyBox v1.22.1
Aug 31 16:49:09 kernel: klogd started: BusyBox v1.22.1 (Debian 1:1.22.0-19+b3)
Aug 31 16:49:09 kernel: [    0.000000] Linux version 4.9.0-3-amd64 (debian-kernel@lists.debian.org) (gcc version 6.3.0 20170516 (Debian 6.3.0-18) ) #1 SMP Debian 4.9.30-2+deb9u2 (2017-06-26)
Aug 31 16:49:09 kernel: [    0.000000] Command line: BOOT_IMAGE=/install.amd/vmlinuz vga=788 initrd=/install.amd/gtk/initrd.gz --- quiet 
Aug 31 16:49:09 kernel: [    0.000000] x86/fpu: Supporting XSAVE feature 0x001: 'x87 floating point registers'
Aug 31 16:49:09 kernel: [    0.000000] x86/fpu: Supporting XSAVE feature 0x002: 'SSE registers'
Aug 31 16:49:09 kernel: [    0.000000] x86/fpu: Supporting XSAVE feature 0x004: 'AVX registers'
Aug 31 16:49:09 kernel: [    0.000000] x86/fpu: xstate_offset[2]:  576, xstate_sizes[2]:  256
Aug 31 16:49:09 kernel: [    0.000000] x86/fpu: Enabled xstate features 0x7, context size is 832 bytes, using 'standard' format.
Aug 31 16:49:09 kernel: [    0.000000] x86/fpu: Using 'eager' FPU context switches.
Aug 31 16:49:09 kernel: [    0.000000] e820: BIOS-provided physical RAM map:
Aug 31 16:49:09 kernel: [    0.000000] BIOS-e820: [mem 0x0000000000000000-0x000000000009cfff] usable
Aug 31 16:49:09 kernel: [    0.000000] BIOS-e820: [mem 0x000000000009d000-0x000000000009ffff] reserved
Aug 31 16:49:09 kernel: [    0.000000] BIOS-e820: [mem 0x00000000000e0000-0x00000000000fffff] reserved
Aug 31 16:49:09 kernel: [    0.000000] BIOS-e820: [mem 0x0000000000100000-0x000000000fffffff] usable
Aug 31 16:49:09 kernel: [    0.000000] BIOS-e820: [mem 0x0000000010000000-0x000000001000afff] reserved
Aug 31 16:49:09 kernel: [    0.000000] BIOS-e820: [mem 0x000000001000b000-0x00000000bf068fff] usable
Aug 31 16:49:09 kernel: [    0.000000] BIOS-e820: [mem 0x00000000bf069000-0x00000000ccbfefff] reserved
Aug 31 16:49:09 kernel: [    0.000000] BIOS-e820: [mem 0x00000000ccbff000-0x00000000ccd7efff] ACPI NVS
Aug 31 16:49:09 kernel: [    0.000000] BIOS-e820: [mem 0x00000000ccd7f000-0x00000000ccdfefff] ACPI data
Aug 31 16:49:09 kernel: [    0.000000] BIOS-e820: [mem 0x00000000ccdff000-0x00000000cfffffff] reserved
Aug 31 16:49:09 kernel: [    0.000000] BIOS-e820: [mem 0x00000000f8000000-0x00000000fbffffff] reserved
Aug 31 16:49:09 kernel: [    0.000000] BIOS-e820: [mem 0x00000000fec00000-0x00000000fec00fff] reserved
Aug 31 16:49:09 kernel: [    0.000000] BIOS-e820: [mem 0x00000000fed08000-0x00000000fed08fff] reserved
Aug 31 16:49:09 kernel: [    0.000000] BIOS-e820: [mem 0x00000000fed10000-0x00000000fed19fff] reserved
Aug 31 16:49:09 kernel: [    0.000000] BIOS-e820: [mem 0x00000000fed1c000-0x00000000fed1ffff] reserved
Aug 31 16:49:09 kernel: [    0.000000] BIOS-e820: [mem 0x00000000fee00000-0x00000000fee00fff] reserved
Aug 31 16:49:09 kernel: [    0.000000] BIOS-e820: [mem 0x00000000ffa00000-0x00000000ffffffff] reserved
Aug 31 16:49:09 kernel: [    0.000000] BIOS-e820: [mem 0x0000000100000000-0x000000022dffffff] usable
Aug 31 16:49:09 kernel: [    0.000000] NX (Execute Disable) protection: active
Aug 31 16:49:09 kernel: [    0.000000] SMBIOS 2.7 present.
Aug 31 16:49:09 kernel: [    0.000000] DMI: LENOVO 20CL001DGE/20CL001DGE, BIOS N10ET36W (1.15 ) 06/19/2015
Aug 31 16:49:09 kernel: [    0.000000] e820: update [mem 0x00000000-0x00000fff] usable ==> reserved
Aug 31 16:49:09 kernel: [    0.000000] e820: remove [mem 0x000a0000-0x000fffff] usable
Aug 31 16:49:09 kernel: [    0.000000] e820: last_pfn = 0x22e000 max_arch_pfn = 0x400000000
Aug 31 16:49:09 kernel: [    0.000000] MTRR default type: write-back
Aug 31 16:49:09 kernel: [    0.000000] MTRR fixed ranges enabled:
Aug 31 16:49:09 kernel: [    0.000000]   00000-9FFFF write-back
Aug 31 16:49:09 kernel: [    0.000000]   A0000-BFFFF uncachable
Aug 31 16:49:09 kernel: [    0.000000]   C0000-FFFFF write-protect
Aug 31 16:49:09 kernel: [    0.000000] MTRR variable ranges enabled:
Aug 31 16:49:09 kernel: [    0.000000]   0 base 00E0000000 mask 7FF0000000 uncachable
Aug 31 16:49:09 kernel: [    0.000000]   1 base 00D0000000 mask 7FF0000000 uncachable
Aug 31 16:49:09 kernel: [    0.000000]   2 base 00CE000000 mask 7FFE000000 uncachable
Aug 31 16:49:09 kernel: [    0.000000]   3 base 00CD000000 mask 7FFF000000 uncachable
Aug 31 16:49:09 kernel: [    0.000000]   4 base 00CCE00000 mask 7FFFE00000 uncachable
Aug 31 16:49:09 kernel: [    0.000000]   5 base 00F0000000 mask 7FF0000000 uncachable
Aug 31 16:49:09 kernel: [    0.000000]   6 disabled
Aug 31 16:49:09 kernel: [    0.000000]   7 disabled
Aug 31 16:49:09 kernel: [    0.000000]   8 disabled
Aug 31 16:49:09 kernel: [    0.000000]   9 disabled
Aug 31 16:49:09 kernel: [    0.000000] x86/PAT: Configuration [0-7]: WB  WC  UC- UC  WB  WC  UC- WT  
Aug 31 16:49:09 kernel: [    0.000000] e820: last_pfn = 0xbf069 max_arch_pfn = 0x400000000
Aug 31 16:49:09 kernel: [    0.000000] found SMP MP-table at [mem 0x000f0100-0x000f010f] mapped at [ffff99a3c00f0100]
Aug 31 16:49:09 kernel: [    0.000000] Base memory trampoline at [ffff99a3c0097000] 97000 size 24576
Aug 31 16:49:09 kernel: [    0.000000] Using GB pages for direct mapping
Aug 31 16:49:09 kernel: [    0.000000] BRK [0x7192e000, 0x7192efff] PGTABLE
Aug 31 16:49:09 kernel: [    0.000000] BRK [0x7192f000, 0x7192ffff] PGTABLE
Aug 31 16:49:09 kernel: [    0.000000] BRK [0x71930000, 0x71930fff] PGTABLE
Aug 31 16:49:09 kernel: [    0.000000] BRK [0x71931000, 0x71931fff] PGTABLE
Aug 31 16:49:09 kernel: [    0.000000] BRK [0x71932000, 0x71932fff] PGTABLE
Aug 31 16:49:09 kernel: [    0.000000] RAMDISK: [mem 0x7da9c000-0x7fffffff]
Aug 31 16:49:09 kernel: [    0.000000] ACPI: Early table checksum verification disabled
Aug 31 16:49:09 kernel: [    0.000000] ACPI: RSDP 0x00000000000F0120 000024 (v02 LENOVO)
Aug 31 16:49:09 kernel: [    0.000000] ACPI: XSDT 0x00000000CCDFE1C0 0000EC (v01 LENOVO TP-N10   00001150 PTEC 00000002)
Aug 31 16:49:09 kernel: [    0.000000] ACPI: FACP 0x00000000CCDF8000 00010C (v05 LENOVO TP-N10   00001150 PTEC 00000002)
Aug 31 16:49:09 kernel: [    0.000000] ACPI: DSDT 0x00000000CCDE3000 010E04 (v01 LENOVO TP-N10   00001150 INTL 20120711)
Aug 31 16:49:09 kernel: [    0.000000] ACPI: FACS 0x00000000CCD68000 000040
Aug 31 16:49:09 kernel: [    0.000000] ACPI: SLIC 0x00000000CCDFD000 000176 (v01 LENOVO TP-N10   00001150 PTEC 00000001)
Aug 31 16:49:09 kernel: [    0.000000] ACPI: ASF! 0x00000000CCDFC000 0000A5 (v32 LENOVO TP-N10   00001150 PTEC 00000002)
Aug 31 16:49:09 kernel: [    0.000000] ACPI: HPET 0x00000000CCDFB000 000038 (v01 LENOVO TP-N10   00001150 PTEC 00000002)
Aug 31 16:49:09 kernel: [    0.000000] ACPI: ECDT 0x00000000CCDFA000 000052 (v01 LENOVO TP-N10   00001150 PTEC 00000002)
Aug 31 16:49:09 kernel: [    0.000000] ACPI: APIC 0x00000000CCDF7000 000098 (v01 LENOVO TP-N10   00001150 PTEC 00000002)
Aug 31 16:49:09 kernel: [    0.000000] ACPI: MCFG 0x00000000CCDF6000 00003C (v01 LENOVO TP-N10   00001150 PTEC 00000002)
Aug 31 16:49:09 kernel: [    0.000000] ACPI: SSDT 0x00000000CCDF5000 000033 (v01 LENOVO TP-SSDT1 00000100 INTL 20120711)
Aug 31 16:49:09 kernel: [    0.000000] ACPI: SSDT 0x00000000CCDF4000 000486 (v01 LENOVO TP-SSDT2 00000200 INTL 20120711)
Aug 31 16:49:09 kernel: [    0.000000] ACPI: SSDT 0x00000000CCDE2000 0009CB (v01 LENOVO SataAhci 00001000 INTL 20120711)
Aug 31 16:49:09 kernel: [    0.000000] ACPI: SSDT 0x00000000CCDE1000 000152 (v01 LENOVO Rmv_Batt 00001000 INTL 20120711)
Aug 31 16:49:09 kernel: [    0.000000] ACPI: SSDT 0x00000000CCDE0000 000691 (v01 LENOVO Cpu0Ist  00003000 INTL 20120711)
Aug 31 16:49:09 kernel: [    0.000000] ACPI: SSDT 0x00000000CCDDF000 000B74 (v02 LENOVO CpuSsdt  00003000 INTL 20120711)
Aug 31 16:49:09 kernel: [    0.000000] ACPI: SSDT 0x00000000CCDDE000 000369 (v02 LENOVO CtdpB    00001000 INTL 20120711)
Aug 31 16:49:09 kernel: [    0.000000] ACPI: SSDT 0x00000000CCDDC000 001475 (v01 LENOVO SaSsdt   00003000 INTL 20120711)
Aug 31 16:49:09 kernel: [    0.000000] ACPI: SSDT 0x00000000CCDDB000 000394 (v02 LENOVO CppcTabl 00001000 INTL 20120711)
Aug 31 16:49:09 kernel: [    0.000000] ACPI: PCCT 0x00000000CCDDA000 00006E (v05 LENOVO TP-N10   00001150 PTEC 00000002)
Aug 31 16:49:09 kernel: [    0.000000] ACPI: SSDT 0x00000000CCDD9000 000AC4 (v02 LENOVO Cpc_Tabl 00001000 INTL 20120711)
Aug 31 16:49:09 kernel: [    0.000000] ACPI: TCPA 0x00000000CCDD8000 000032 (v02 PTL    LENOVO   06040000 LNVO 00000001)
Aug 31 16:49:09 kernel: [    0.000000] ACPI: SSDT 0x00000000CCDD7000 0006A3 (v01 Intel_ TpmTable 00001000 INTL 20120711)
Aug 31 16:49:09 kernel: [    0.000000] ACPI: UEFI 0x00000000CCDD6000 000042 (v01 LENOVO TP-N10   00001150 PTEC 00000002)
Aug 31 16:49:09 kernel: [    0.000000] ACPI: MSDM 0x00000000CCCB1000 000055 (v03 LENOVO TP-N10   00001150 PTEC 00000002)
Aug 31 16:49:09 kernel: [    0.000000] ACPI: BATB 0x00000000CCDD5000 000046 (v01 LENOVO TP-N10   00001150 PTEC 00000002)
Aug 31 16:49:09 kernel: [    0.000000] ACPI: FPDT 0x00000000CCDD4000 000064 (v01 LENOVO TP-N10   00001150 PTEC 00000002)
Aug 31 16:49:09 kernel: [    0.000000] ACPI: UEFI 0x00000000CCDD3000 0002F6 (v01 LENOVO TP-N10   00001150 PTEC 00000002)
Aug 31 16:49:09 kernel: [    0.000000] ACPI: Local APIC address 0xfee00000
Aug 31 16:49:09 kernel: [    0.000000] No NUMA configuration found
Aug 31 16:49:09 kernel: [    0.000000] Faking a node at [mem 0x0000000000000000-0x000000022dffffff]
Aug 31 16:49:09 kernel: [    0.000000] NODE_DATA(0) allocated [mem 0x22dff8000-0x22dffcfff]
Aug 31 16:49:09 kernel: [    0.000000] Zone ranges:
Aug 31 16:49:09 kernel: [    0.000000]   DMA      [mem 0x0000000000001000-0x0000000000ffffff]
Aug 31 16:49:09 kernel: [    0.000000]   DMA32    [mem 0x0000000001000000-0x00000000ffffffff]
Aug 31 16:49:09 kernel: [    0.000000]   Normal   [mem 0x0000000100000000-0x000000022dffffff]
Aug 31 16:49:09 kernel: [    0.000000]   Device   empty
Aug 31 16:49:09 kernel: [    0.000000] Movable zone start for each node
Aug 31 16:49:09 kernel: [    0.000000] Early memory node ranges
Aug 31 16:49:09 kernel: [    0.000000]   node   0: [mem 0x0000000000001000-0x000000000009cfff]
Aug 31 16:49:09 kernel: [    0.000000]   node   0: [mem 0x0000000000100000-0x000000000fffffff]
Aug 31 16:49:09 kernel: [    0.000000]   node   0: [mem 0x000000001000b000-0x00000000bf068fff]
Aug 31 16:49:09 kernel: [    0.000000]   node   0: [mem 0x0000000100000000-0x000000022dffffff]
Aug 31 16:49:09 kernel: [    0.000000] Initmem setup node 0 [mem 0x0000000000001000-0x000000022dffffff]
Aug 31 16:49:09 kernel: [    0.000000] On node 0 totalpages: 2019322
Aug 31 16:49:09 kernel: [    0.000000]   DMA zone: 64 pages used for memmap
Aug 31 16:49:09 kernel: [    0.000000]   DMA zone: 21 pages reserved
Aug 31 16:49:09 kernel: [    0.000000]   DMA zone: 3996 pages, LIFO batch:0
Aug 31 16:49:09 kernel: [    0.000000]   DMA32 zone: 12162 pages used for memmap
Aug 31 16:49:09 kernel: [    0.000000]   DMA32 zone: 778334 pages, LIFO batch:31
Aug 31 16:49:09 kernel: [    0.000000]   Normal zone: 19328 pages used for memmap
Aug 31 16:49:09 kernel: [    0.000000]   Normal zone: 1236992 pages, LIFO batch:31
Aug 31 16:49:09 kernel: [    0.000000] Reserving Intel graphics memory at 0x00000000ce000000-0x00000000cfffffff
Aug 31 16:49:09 kernel: [    0.000000] ACPI: PM-Timer IO Port: 0x1808
Aug 31 16:49:09 kernel: [    0.000000] ACPI: Local APIC address 0xfee00000
Aug 31 16:49:09 kernel: [    0.000000] ACPI: LAPIC_NMI (acpi_id[0x00] high edge lint[0x1])
Aug 31 16:49:09 kernel: [    0.000000] ACPI: LAPIC_NMI (acpi_id[0x01] high edge lint[0x1])
Aug 31 16:49:09 kernel: [    0.000000] IOAPIC[0]: apic_id 2, version 32, address 0xfec00000, GSI 0-39
Aug 31 16:49:09 kernel: [    0.000000] ACPI: INT_SRC_OVR (bus 0 bus_irq 0 global_irq 2 dfl dfl)
Aug 31 16:49:09 kernel: [    0.000000] ACPI: INT_SRC_OVR (bus 0 bus_irq 9 global_irq 9 high level)
Aug 31 16:49:09 kernel: [    0.000000] ACPI: IRQ0 used by override.
Aug 31 16:49:09 kernel: [    0.000000] ACPI: IRQ9 used by override.
Aug 31 16:49:09 kernel: [    0.000000] Using ACPI (MADT) for SMP configuration information
Aug 31 16:49:09 kernel: [    0.000000] ACPI: HPET id: 0x8086a301 base: 0xfed00000
Aug 31 16:49:09 kernel: [    0.000000] smpboot: Allowing 8 CPUs, 4 hotplug CPUs
Aug 31 16:49:09 kernel: [    0.000000] PM: Registered nosave memory: [mem 0x00000000-0x00000fff]
Aug 31 16:49:09 kernel: [    0.000000] PM: Registered nosave memory: [mem 0x0009d000-0x0009ffff]
Aug 31 16:49:09 kernel: [    0.000000] PM: Registered nosave memory: [mem 0x000a0000-0x000dffff]
Aug 31 16:49:09 kernel: [    0.000000] PM: Registered nosave memory: [mem 0x000e0000-0x000fffff]
Aug 31 16:49:09 kernel: [    0.000000] PM: Registered nosave memory: [mem 0x10000000-0x1000afff]
Aug 31 16:49:09 kernel: [    0.000000] PM: Registered nosave memory: [mem 0xbf069000-0xccbfefff]
Aug 31 16:49:09 kernel: [    0.000000] PM: Registered nosave memory: [mem 0xccbff000-0xccd7efff]
Aug 31 16:49:09 kernel: [    0.000000] PM: Registered nosave memory: [mem 0xccd7f000-0xccdfefff]
Aug 31 16:49:09 kernel: [    0.000000] PM: Registered nosave memory: [mem 0xccdff000-0xcfffffff]
Aug 31 16:49:09 kernel: [    0.000000] PM: Registered nosave memory: [mem 0xd0000000-0xf7ffffff]
Aug 31 16:49:09 kernel: [    0.000000] PM: Registered nosave memory: [mem 0xf8000000-0xfbffffff]
Aug 31 16:49:09 kernel: [    0.000000] PM: Registered nosave memory: [mem 0xfc000000-0xfebfffff]
Aug 31 16:49:09 kernel: [    0.000000] PM: Registered nosave memory: [mem 0xfec00000-0xfec00fff]
Aug 31 16:49:09 kernel: [    0.000000] PM: Registered nosave memory: [mem 0xfec01000-0xfed07fff]
Aug 31 16:49:09 kernel: [    0.000000] PM: Registered nosave memory: [mem 0xfed08000-0xfed08fff]
Aug 31 16:49:09 kernel: [    0.000000] PM: Registered nosave memory: [mem 0xfed09000-0xfed0ffff]
Aug 31 16:49:09 kernel: [    0.000000] PM: Registered nosave memory: [mem 0xfed10000-0xfed19fff]
Aug 31 16:49:09 kernel: [    0.000000] PM: Registered nosave memory: [mem 0xfed1a000-0xfed1bfff]
Aug 31 16:49:09 kernel: [    0.000000] PM: Registered nosave memory: [mem 0xfed1c000-0xfed1ffff]
Aug 31 16:49:09 kernel: [    0.000000] PM: Registered nosave memory: [mem 0xfed20000-0xfedfffff]
Aug 31 16:49:09 kernel: [    0.000000] PM: Registered nosave memory: [mem 0xfee00000-0xfee00fff]
Aug 31 16:49:09 kernel: [    0.000000] PM: Registered nosave memory: [mem 0xfee01000-0xff9fffff]
Aug 31 16:49:09 kernel: [    0.000000] PM: Registered nosave memory: [mem 0xffa00000-0xffffffff]
Aug 31 16:49:09 kernel: [    0.000000] e820: [mem 0xd0000000-0xf7ffffff] available for PCI devices
Aug 31 16:49:09 kernel: [    0.000000] Booting paravirtualized kernel on bare hardware
Aug 31 16:49:09 kernel: [    0.000000] clocksource: refined-jiffies: mask: 0xffffffff max_cycles: 0xffffffff, max_idle_ns: 7645519600211568 ns
Aug 31 16:49:09 kernel: [    0.000000] setup_percpu: NR_CPUS:512 nr_cpumask_bits:512 nr_cpu_ids:8 nr_node_ids:1
Aug 31 16:49:09 kernel: [    0.000000] percpu: Embedded 35 pages/cpu @ffff99a5edc00000 s103512 r8192 d31656 u262144
Aug 31 16:49:09 kernel: [    0.000000] pcpu-alloc: s103512 r8192 d31656 u262144 alloc=1*2097152
Aug 31 16:49:09 kernel: [    0.000000] pcpu-alloc: [0] 0 1 2 3 4 5 6 7 
Aug 31 16:49:09 kernel: [    0.000000] Built 1 zonelists in Node order, mobility grouping on.  Total pages: 1987747
Aug 31 16:49:09 kernel: [    0.000000] Policy zone: Normal
Aug 31 16:49:09 kernel: [    0.000000] Kernel command line: BOOT_IMAGE=/install.amd/vmlinuz vga=788 initrd=/install.amd/gtk/initrd.gz --- quiet 
Aug 31 16:49:09 kernel: [    0.000000] PID hash table entries: 4096 (order: 3, 32768 bytes)
Aug 31 16:49:09 kernel: [    0.000000] Calgary: detecting Calgary via BIOS EBDA area
Aug 31 16:49:09 kernel: [    0.000000] Calgary: Unable to locate Rio Grande table in EBDA - bailing!
Aug 31 16:49:09 kernel: [    0.000000] Memory: 7829180K/8077288K available (6187K kernel code, 1137K rwdata, 2856K rodata, 1392K init, 688K bss, 248108K reserved, 0K cma-reserved)
Aug 31 16:49:09 kernel: [    0.000000] Hierarchical RCU implementation.
Aug 31 16:49:09 kernel: [    0.000000] 	Build-time adjustment of leaf fanout to 64.
Aug 31 16:49:09 kernel: [    0.000000] 	RCU restricting CPUs from NR_CPUS=512 to nr_cpu_ids=8.
Aug 31 16:49:09 kernel: [    0.000000] RCU: Adjusting geometry for rcu_fanout_leaf=64, nr_cpu_ids=8
Aug 31 16:49:09 kernel: [    0.000000] NR_IRQS:33024 nr_irqs:760 16
Aug 31 16:49:09 kernel: [    0.000000] Console: colour dummy device 80x25
Aug 31 16:49:09 kernel: [    0.000000] console [tty0] enabled
Aug 31 16:49:09 kernel: [    0.000000] clocksource: hpet: mask: 0xffffffff max_cycles: 0xffffffff, max_idle_ns: 133484882848 ns
Aug 31 16:49:09 kernel: [    0.000000] hpet clockevent registered
Aug 31 16:49:09 kernel: [    0.000000] tsc: Fast TSC calibration using PIT
Aug 31 16:49:09 kernel: [    0.000000] tsc: Detected 2294.846 MHz processor
Aug 31 16:49:09 kernel: [    0.000023] Calibrating delay loop (skipped), value calculated using timer frequency.. 4589.69 BogoMIPS (lpj=9179384)
Aug 31 16:49:09 kernel: [    0.000026] pid_max: default: 32768 minimum: 301
Aug 31 16:49:09 kernel: [    0.000044] ACPI: Core revision 20160831
Aug 31 16:49:09 kernel: [    0.017592] ACPI: 12 ACPI AML tables successfully acquired and loaded
Aug 31 16:49:09 kernel: [    0.017644] Security Framework initialized
Aug 31 16:49:09 kernel: [    0.017645] Yama: disabled by default; enable with sysctl kernel.yama.*
Aug 31 16:49:09 kernel: [    0.017649] AppArmor: AppArmor disabled by boot time parameter
Aug 31 16:49:09 kernel: [    0.018062] Dentry cache hash table entries: 1048576 (order: 11, 8388608 bytes)
Aug 31 16:49:09 kernel: [    0.019694] Inode-cache hash table entries: 524288 (order: 10, 4194304 bytes)
Aug 31 16:49:09 kernel: [    0.020434] Mount-cache hash table entries: 16384 (order: 5, 131072 bytes)
Aug 31 16:49:09 kernel: [    0.020442] Mountpoint-cache hash table entries: 16384 (order: 5, 131072 bytes)
Aug 31 16:49:09 kernel: [    0.020734] CPU: Physical Processor ID: 0
Aug 31 16:49:09 kernel: [    0.020735] CPU: Processor Core ID: 0
Aug 31 16:49:09 kernel: [    0.020739] ENERGY_PERF_BIAS: Set to 'normal', was 'performance'
Aug 31 16:49:09 kernel: [    0.020739] ENERGY_PERF_BIAS: View and update with x86_energy_perf_policy(8)
Aug 31 16:49:09 kernel: [    0.020743] mce: CPU supports 7 MCE banks
Aug 31 16:49:09 kernel: [    0.020752] CPU0: Thermal monitoring enabled (TM1)
Aug 31 16:49:09 kernel: [    0.020764] process: using mwait in idle threads
Aug 31 16:49:09 kernel: [    0.020767] Last level iTLB entries: 4KB 64, 2MB 8, 4MB 8
Aug 31 16:49:09 kernel: [    0.020767] Last level dTLB entries: 4KB 64, 2MB 0, 4MB 0, 1GB 4
Aug 31 16:49:09 kernel: [    0.021737] Freeing SMP alternatives memory: 24K (ffffffffafe7a000 - ffffffffafe80000)
Aug 31 16:49:09 kernel: [    0.023952] ftrace: allocating 25178 entries in 99 pages
Aug 31 16:49:09 kernel: [    0.034669] smpboot: Max logical packages: 4
Aug 31 16:49:09 kernel: [    0.034794] x2apic: IRQ remapping doesn't support X2APIC mode
Aug 31 16:49:09 kernel: [    0.035436] ..TIMER: vector=0x30 apic1=0 pin1=2 apic2=-1 pin2=-1
Aug 31 16:49:09 kernel: [    0.075122] TSC deadline timer enabled
Aug 31 16:49:09 kernel: [    0.075125] smpboot: CPU0: Intel(R) Core(TM) i5-5300U CPU @ 2.30GHz (family: 0x6, model: 0x3d, stepping: 0x4)
Aug 31 16:49:09 kernel: [    0.075128] Performance Events: PEBS fmt2+, Broadwell events, 16-deep LBR, full-width counters, Intel PMU driver.
Aug 31 16:49:09 kernel: [    0.075152] ... version:                3
Aug 31 16:49:09 kernel: [    0.075152] ... bit width:              48
Aug 31 16:49:09 kernel: [    0.075152] ... generic registers:      4
Aug 31 16:49:09 kernel: [    0.075153] ... value mask:             0000ffffffffffff
Aug 31 16:49:09 kernel: [    0.075154] ... max period:             00007fffffffffff
Aug 31 16:49:09 kernel: [    0.075154] ... fixed-purpose events:   3
Aug 31 16:49:09 kernel: [    0.075154] ... event mask:             000000070000000f
Aug 31 16:49:09 kernel: [    0.075798] NMI watchdog: enabled on all CPUs, permanently consumes one hw-PMU counter.
Aug 31 16:49:09 kernel: [    0.075893] x86: Booting SMP configuration:
Aug 31 16:49:09 kernel: [    0.075894] .... node  #0, CPUs:      #1 #2 #3
Aug 31 16:49:09 kernel: [    0.317243] x86: Booted up 1 node, 4 CPUs
Aug 31 16:49:09 kernel: [    0.317245] smpboot: Total of 4 processors activated (18362.23 BogoMIPS)
Aug 31 16:49:09 kernel: [    0.320919] devtmpfs: initialized
Aug 31 16:49:09 kernel: [    0.320982] x86/mm: Memory block size: 128MB
Aug 31 16:49:09 kernel: [    0.323112] PM: Registering ACPI NVS region [mem 0xccbff000-0xccd7efff] (1572864 bytes)
Aug 31 16:49:09 kernel: [    0.323197] clocksource: jiffies: mask: 0xffffffff max_cycles: 0xffffffff, max_idle_ns: 7645041785100000 ns
Aug 31 16:49:09 kernel: [    0.323209] futex hash table entries: 2048 (order: 5, 131072 bytes)
Aug 31 16:49:09 kernel: [    0.323261] pinctrl core: initialized pinctrl subsystem
Aug 31 16:49:09 kernel: [    0.323366] NET: Registered protocol family 16
Aug 31 16:49:09 kernel: [    0.332660] cpuidle: using governor ladder
Aug 31 16:49:09 kernel: [    0.348677] cpuidle: using governor menu
Aug 31 16:49:09 kernel: [    0.348705] ACPI FADT declares the system doesn't support PCIe ASPM, so disable it
Aug 31 16:49:09 kernel: [    0.348706] ACPI: bus type PCI registered
Aug 31 16:49:09 kernel: [    0.348707] acpiphp: ACPI Hot Plug PCI Controller Driver version: 0.5
Aug 31 16:49:09 kernel: [    0.348878] PCI: MMCONFIG for domain 0000 [bus 00-3f] at [mem 0xf8000000-0xfbffffff] (base 0xf8000000)
Aug 31 16:49:09 kernel: [    0.348880] PCI: MMCONFIG at [mem 0xf8000000-0xfbffffff] reserved in E820
Aug 31 16:49:09 kernel: [    0.348885] PCI: Using configuration type 1 for base access
Aug 31 16:49:09 kernel: [    0.364816] HugeTLB registered 1 GB page size, pre-allocated 0 pages
Aug 31 16:49:09 kernel: [    0.364816] HugeTLB registered 2 MB page size, pre-allocated 0 pages
Aug 31 16:49:09 kernel: [    0.365066] ACPI: Added _OSI(Module Device)
Aug 31 16:49:09 kernel: [    0.365067] ACPI: Added _OSI(Processor Device)
Aug 31 16:49:09 kernel: [    0.365068] ACPI: Added _OSI(3.0 _SCP Extensions)
Aug 31 16:49:09 kernel: [    0.365069] ACPI: Added _OSI(Processor Aggregator Device)
Aug 31 16:49:09 kernel: [    0.365075] ACPI : EC: EC started
Aug 31 16:49:09 kernel: [    0.365076] ACPI : EC: interrupt blocked
Aug 31 16:49:09 kernel: [    0.365972] ACPI: \: Used as first EC
Aug 31 16:49:09 kernel: [    0.365973] ACPI: \: GPE=0x25, EC_CMD/EC_SC=0x66, EC_DATA=0x62
Aug 31 16:49:09 kernel: [    0.365974] ACPI: \: Used as boot ECDT EC to handle transactions
Aug 31 16:49:09 kernel: [    0.369851] ACPI: [Firmware Bug]: BIOS _OSI(Linux) query ignored
Aug 31 16:49:09 kernel: [    0.374902] ACPI: Dynamic OEM Table Load:
Aug 31 16:49:09 kernel: [    0.374911] ACPI: SSDT 0xFFFF99A5E4225000 000436 (v01 PmRef  Cpu0Cst  00003001 INTL 20120711)
Aug 31 16:49:09 kernel: [    0.375278] ACPI: Dynamic OEM Table Load:
Aug 31 16:49:09 kernel: [    0.375285] ACPI: SSDT 0xFFFF99A5E420F000 0005AA (v01 PmRef  ApIst    00003000 INTL 20120711)
Aug 31 16:49:09 kernel: [    0.375710] ACPI: Dynamic OEM Table Load:
Aug 31 16:49:09 kernel: [    0.375716] ACPI: SSDT 0xFFFF99A5E4176A00 000119 (v02 PmRef  ApCst    00003000 INTL 20120711)
Aug 31 16:49:09 kernel: [    0.376648] ACPI : EC: EC stopped
Aug 31 16:49:09 kernel: [    0.376649] ACPI : EC: EC started
Aug 31 16:49:09 kernel: [    0.376649] ACPI : EC: interrupt blocked
Aug 31 16:49:09 kernel: [    0.376790] ACPI: \_SB_.PCI0.LPC_.EC__: Used as first EC
Aug 31 16:49:09 kernel: [    0.376791] ACPI: \_SB_.PCI0.LPC_.EC__: GPE=0x25, EC_CMD/EC_SC=0x66, EC_DATA=0x62
Aug 31 16:49:09 kernel: [    0.376793] ACPI: \_SB_.PCI0.LPC_.EC__: Used as boot DSDT EC to handle transactions
Aug 31 16:49:09 kernel: [    0.376793] ACPI: Interpreter enabled
Aug 31 16:49:09 kernel: [    0.376827] ACPI: (supports S0 S3 S4 S5)
Aug 31 16:49:09 kernel: [    0.376828] ACPI: Using IOAPIC for interrupt routing
Aug 31 16:49:09 kernel: [    0.376857] PCI: Using host bridge windows from ACPI; if necessary, use "pci=nocrs" and report a bug
Aug 31 16:49:09 kernel: [    0.379667] ACPI: Power Resource [PUBS] (on)
Aug 31 16:49:09 kernel: [    0.380562] acpi PNP0C0A:01: ACPI dock station (docks/bays count: 1)
Aug 31 16:49:09 kernel: [    0.380882] ACPI: Power Resource [NVP3] (on)
Aug 31 16:49:09 kernel: [    0.380910] ACPI: Power Resource [NVP2] (on)
Aug 31 16:49:09 kernel: [    0.384971] ACPI: PCI Interrupt Link [LNKA] (IRQs 3 4 5 6 7 9 10 *11)
Aug 31 16:49:09 kernel: [    0.385046] ACPI: PCI Interrupt Link [LNKB] (IRQs 3 4 5 6 7 *9 10 11)
Aug 31 16:49:09 kernel: [    0.385119] ACPI: PCI Interrupt Link [LNKC] (IRQs 3 4 5 6 7 9 *10 11)
Aug 31 16:49:09 kernel: [    0.385191] ACPI: PCI Interrupt Link [LNKD] (IRQs 3 4 5 6 *7 9 10 11)
Aug 31 16:49:09 kernel: [    0.385262] ACPI: PCI Interrupt Link [LNKE] (IRQs 3 4 5 6 7 9 10 *11)
Aug 31 16:49:09 kernel: [    0.385320] ACPI: PCI Interrupt Link [LNKF] (IRQs 3 4 5 6 7 9 10 11) *0, disabled.
Aug 31 16:49:09 kernel: [    0.385392] ACPI: PCI Interrupt Link [LNKG] (IRQs 3 4 5 6 7 9 *10 11)
Aug 31 16:49:09 kernel: [    0.385463] ACPI: PCI Interrupt Link [LNKH] (IRQs 3 4 5 *6 7 9 10 11)
Aug 31 16:49:09 kernel: [    0.385543] ACPI: PCI Root Bridge [PCI0] (domain 0000 [bus 00-3f])
Aug 31 16:49:09 kernel: [    0.385546] acpi PNP0A08:00: _OSC: OS supports [ExtendedConfig ASPM ClockPM Segments MSI]
Aug 31 16:49:09 kernel: [    0.385655] acpi PNP0A08:00: _OSC: platform does not support [PCIeCapability]
Aug 31 16:49:09 kernel: [    0.385703] acpi PNP0A08:00: _OSC: not requesting control; platform does not support [PCIeCapability]
Aug 31 16:49:09 kernel: [    0.385704] acpi PNP0A08:00: _OSC: OS requested [PCIeHotplug PME AER PCIeCapability]
Aug 31 16:49:09 kernel: [    0.385705] acpi PNP0A08:00: _OSC: platform willing to grant [PCIeHotplug PME AER]
Aug 31 16:49:09 kernel: [    0.385706] acpi PNP0A08:00: _OSC failed (AE_SUPPORT); disabling ASPM
Aug 31 16:49:09 kernel: [    0.385867] PCI host bridge to bus 0000:00
Aug 31 16:49:09 kernel: [    0.385869] pci_bus 0000:00: root bus resource [io  0x0000-0x0cf7 window]
Aug 31 16:49:09 kernel: [    0.385870] pci_bus 0000:00: root bus resource [io  0x0d00-0xffff window]
Aug 31 16:49:09 kernel: [    0.385872] pci_bus 0000:00: root bus resource [mem 0x000a0000-0x000bffff window]
Aug 31 16:49:09 kernel: [    0.385873] pci_bus 0000:00: root bus resource [mem 0xd0000000-0xfebfffff window]
Aug 31 16:49:09 kernel: [    0.385874] pci_bus 0000:00: root bus resource [mem 0xfed40000-0xfed4bfff window]
Aug 31 16:49:09 kernel: [    0.385875] pci_bus 0000:00: root bus resource [bus 00-3f]
Aug 31 16:49:09 kernel: [    0.385882] pci 0000:00:00.0: [8086:1604] type 00 class 0x060000
Aug 31 16:49:09 kernel: [    0.385964] pci 0000:00:02.0: [8086:1616] type 00 class 0x030000
Aug 31 16:49:09 kernel: [    0.385973] pci 0000:00:02.0: reg 0x10: [mem 0xf0000000-0xf0ffffff 64bit]
Aug 31 16:49:09 kernel: [    0.385979] pci 0000:00:02.0: reg 0x18: [mem 0xe0000000-0xefffffff 64bit pref]
Aug 31 16:49:09 kernel: [    0.385983] pci 0000:00:02.0: reg 0x20: [io  0x3000-0x303f]
Aug 31 16:49:09 kernel: [    0.386062] pci 0000:00:03.0: [8086:160c] type 00 class 0x040300
Aug 31 16:49:09 kernel: [    0.386069] pci 0000:00:03.0: reg 0x10: [mem 0xf1230000-0xf1233fff 64bit]
Aug 31 16:49:09 kernel: [    0.386166] pci 0000:00:14.0: [8086:9cb1] type 00 class 0x0c0330
Aug 31 16:49:09 kernel: [    0.386180] pci 0000:00:14.0: reg 0x10: [mem 0xf1220000-0xf122ffff 64bit]
Aug 31 16:49:09 kernel: [    0.386233] pci 0000:00:14.0: PME# supported from D3hot D3cold
Aug 31 16:49:09 kernel: [    0.386264] pci 0000:00:14.0: System wakeup disabled by ACPI
Aug 31 16:49:09 kernel: [    0.386301] pci 0000:00:16.0: [8086:9cba] type 00 class 0x078000
Aug 31 16:49:09 kernel: [    0.386318] pci 0000:00:16.0: reg 0x10: [mem 0xf1239000-0xf123901f 64bit]
Aug 31 16:49:09 kernel: [    0.386381] pci 0000:00:16.0: PME# supported from D0 D3hot D3cold
Aug 31 16:49:09 kernel: [    0.386446] pci 0000:00:19.0: [8086:15a2] type 00 class 0x020000
Aug 31 16:49:09 kernel: [    0.386459] pci 0000:00:19.0: reg 0x10: [mem 0xf1200000-0xf121ffff]
Aug 31 16:49:09 kernel: [    0.386465] pci 0000:00:19.0: reg 0x14: [mem 0xf123e000-0xf123efff]
Aug 31 16:49:09 kernel: [    0.386472] pci 0000:00:19.0: reg 0x18: [io  0x3080-0x309f]
Aug 31 16:49:09 kernel: [    0.386522] pci 0000:00:19.0: PME# supported from D0 D3hot D3cold
Aug 31 16:49:09 kernel: [    0.386552] pci 0000:00:19.0: System wakeup disabled by ACPI
Aug 31 16:49:09 kernel: [    0.386587] pci 0000:00:1b.0: [8086:9ca0] type 00 class 0x040300
Aug 31 16:49:09 kernel: [    0.386601] pci 0000:00:1b.0: reg 0x10: [mem 0xf1234000-0xf1237fff 64bit]
Aug 31 16:49:09 kernel: [    0.386653] pci 0000:00:1b.0: PME# supported from D0 D3hot D3cold
Aug 31 16:49:09 kernel: [    0.386715] pci 0000:00:1c.0: [8086:9c9a] type 01 class 0x060400
Aug 31 16:49:09 kernel: [    0.386773] pci 0000:00:1c.0: PME# supported from D0 D3hot D3cold
Aug 31 16:49:09 kernel: [    0.386879] pci 0000:00:1c.1: [8086:9c94] type 01 class 0x060400
Aug 31 16:49:09 kernel: [    0.386943] pci 0000:00:1c.1: PME# supported from D0 D3hot D3cold
Aug 31 16:49:09 kernel: [    0.387012] pci 0000:00:1c.1: System wakeup disabled by ACPI
Aug 31 16:49:09 kernel: [    0.387053] pci 0000:00:1d.0: [8086:9ca6] type 00 class 0x0c0320
Aug 31 16:49:09 kernel: [    0.387069] pci 0000:00:1d.0: reg 0x10: [mem 0xf123d000-0xf123d3ff]
Aug 31 16:49:09 kernel: [    0.387148] pci 0000:00:1d.0: PME# supported from D0 D3hot D3cold
Aug 31 16:49:09 kernel: [    0.387181] pci 0000:00:1d.0: System wakeup disabled by ACPI
Aug 31 16:49:09 kernel: [    0.387219] pci 0000:00:1f.0: [8086:9cc3] type 00 class 0x060100
Aug 31 16:49:09 kernel: [    0.387380] pci 0000:00:1f.2: [8086:9c83] type 00 class 0x010601
Aug 31 16:49:09 kernel: [    0.387391] pci 0000:00:1f.2: reg 0x10: [io  0x30a8-0x30af]
Aug 31 16:49:09 kernel: [    0.387397] pci 0000:00:1f.2: reg 0x14: [io  0x30b4-0x30b7]
Aug 31 16:49:09 kernel: [    0.387403] pci 0000:00:1f.2: reg 0x18: [io  0x30a0-0x30a7]
Aug 31 16:49:09 kernel: [    0.387409] pci 0000:00:1f.2: reg 0x1c: [io  0x30b0-0x30b3]
Aug 31 16:49:09 kernel: [    0.387415] pci 0000:00:1f.2: reg 0x20: [io  0x3060-0x307f]
Aug 31 16:49:09 kernel: [    0.387421] pci 0000:00:1f.2: reg 0x24: [mem 0xf123c000-0xf123c7ff]
Aug 31 16:49:09 kernel: [    0.387451] pci 0000:00:1f.2: PME# supported from D3hot
Aug 31 16:49:09 kernel: [    0.387509] pci 0000:00:1f.3: [8086:9ca2] type 00 class 0x0c0500
Aug 31 16:49:09 kernel: [    0.387521] pci 0000:00:1f.3: reg 0x10: [mem 0xf1238000-0xf12380ff 64bit]
Aug 31 16:49:09 kernel: [    0.387538] pci 0000:00:1f.3: reg 0x20: [io  0xefa0-0xefbf]
Aug 31 16:49:09 kernel: [    0.387618] pci 0000:00:1f.6: [8086:9ca4] type 00 class 0x118000
Aug 31 16:49:09 kernel: [    0.387644] pci 0000:00:1f.6: reg 0x10: [mem 0xf123b000-0xf123bfff 64bit]
Aug 31 16:49:09 kernel: [    0.387847] pci 0000:02:00.0: [10ec:5227] type 00 class 0xff0000
Aug 31 16:49:09 kernel: [    0.387869] pci 0000:02:00.0: reg 0x10: [mem 0xf1100000-0xf1100fff]
Aug 31 16:49:09 kernel: [    0.388002] pci 0000:02:00.0: supports D1 D2
Aug 31 16:49:09 kernel: [    0.388003] pci 0000:02:00.0: PME# supported from D1 D2 D3hot D3cold
Aug 31 16:49:09 kernel: [    0.396771] pci 0000:00:1c.0: PCI bridge to [bus 02]
Aug 31 16:49:09 kernel: [    0.396775] pci 0000:00:1c.0:   bridge window [mem 0xf1100000-0xf11fffff]
Aug 31 16:49:09 kernel: [    0.397023] pci 0000:03:00.0: [8086:095b] type 00 class 0x028000
Aug 31 16:49:09 kernel: [    0.397107] pci 0000:03:00.0: reg 0x10: [mem 0xf1000000-0xf1001fff 64bit]
Aug 31 16:49:09 kernel: [    0.397386] pci 0000:03:00.0: PME# supported from D0 D3hot D3cold
Aug 31 16:49:09 kernel: [    0.408931] pci 0000:00:1c.1: PCI bridge to [bus 03]
Aug 31 16:49:09 kernel: [    0.408935] pci 0000:00:1c.1:   bridge window [mem 0xf1000000-0xf10fffff]
Aug 31 16:49:09 kernel: [    0.409989] ACPI: Enabled 4 GPEs in block 00 to 7F
Aug 31 16:49:09 kernel: [    0.410062] ACPI : EC: interrupt unblocked
Aug 31 16:49:09 kernel: [    0.410069] ACPI : EC: event unblocked
Aug 31 16:49:09 kernel: [    0.410075] ACPI: \_SB_.PCI0.LPC_.EC__: GPE=0x25, EC_CMD/EC_SC=0x66, EC_DATA=0x62
Aug 31 16:49:09 kernel: [    0.410076] ACPI: \_SB_.PCI0.LPC_.EC__: Used as boot DSDT EC to handle transactions and events
Aug 31 16:49:09 kernel: [    0.410248] vgaarb: setting as boot device: PCI:0000:00:02.0
Aug 31 16:49:09 kernel: [    0.410249] vgaarb: device added: PCI:0000:00:02.0,decodes=io+mem,owns=io+mem,locks=none
Aug 31 16:49:09 kernel: [    0.410251] vgaarb: loaded
Aug 31 16:49:09 kernel: [    0.410252] vgaarb: bridge control possible 0000:00:02.0
Aug 31 16:49:09 kernel: [    0.410322] PCI: Using ACPI for IRQ routing
Aug 31 16:49:09 kernel: [    0.411576] PCI: pci_cache_line_size set to 64 bytes
Aug 31 16:49:09 kernel: [    0.411895] e820: reserve RAM buffer [mem 0x0009d000-0x0009ffff]
Aug 31 16:49:09 kernel: [    0.411896] e820: reserve RAM buffer [mem 0xbf069000-0xbfffffff]
Aug 31 16:49:09 kernel: [    0.411897] e820: reserve RAM buffer [mem 0x22e000000-0x22fffffff]
Aug 31 16:49:09 kernel: [    0.412038] hpet0: at MMIO 0xfed00000, IRQs 2, 8, 0, 0, 0, 0, 0, 0
Aug 31 16:49:09 kernel: [    0.412043] hpet0: 8 comparators, 64-bit 14.318180 MHz counter
Aug 31 16:49:09 kernel: [    0.414061] clocksource: Switched to clocksource hpet
Aug 31 16:49:09 kernel: [    0.420000] VFS: Disk quotas dquot_6.6.0
Aug 31 16:49:09 kernel: [    0.420024] VFS: Dquot-cache hash table entries: 512 (order 0, 4096 bytes)
Aug 31 16:49:09 kernel: [    0.420106] pnp: PnP ACPI init
Aug 31 16:49:09 kernel: [    0.420512] system 00:00: [mem 0x00000000-0x0009ffff] could not be reserved
Aug 31 16:49:09 kernel: [    0.420513] system 00:00: [mem 0x000c0000-0x000c3fff] could not be reserved
Aug 31 16:49:09 kernel: [    0.420514] system 00:00: [mem 0x000c4000-0x000c7fff] could not be reserved
Aug 31 16:49:09 kernel: [    0.420515] system 00:00: [mem 0x000c8000-0x000cbfff] could not be reserved
Aug 31 16:49:09 kernel: [    0.420517] system 00:00: [mem 0x000cc000-0x000cffff] could not be reserved
Aug 31 16:49:09 kernel: [    0.420518] system 00:00: [mem 0x000d0000-0x000d3fff] has been reserved
Aug 31 16:49:09 kernel: [    0.420519] system 00:00: [mem 0x000d4000-0x000d7fff] has been reserved
Aug 31 16:49:09 kernel: [    0.420520] system 00:00: [mem 0x000d8000-0x000dbfff] has been reserved
Aug 31 16:49:09 kernel: [    0.420521] system 00:00: [mem 0x000dc000-0x000dffff] has been reserved
Aug 31 16:49:09 kernel: [    0.420522] system 00:00: [mem 0x000e0000-0x000e3fff] could not be reserved
Aug 31 16:49:09 kernel: [    0.420524] system 00:00: [mem 0x000e4000-0x000e7fff] could not be reserved
Aug 31 16:49:09 kernel: [    0.420525] system 00:00: [mem 0x000e8000-0x000ebfff] could not be reserved
Aug 31 16:49:09 kernel: [    0.420526] system 00:00: [mem 0x000ec000-0x000effff] could not be reserved
Aug 31 16:49:09 kernel: [    0.420527] system 00:00: [mem 0x000f0000-0x000fffff] could not be reserved
Aug 31 16:49:09 kernel: [    0.420528] system 00:00: [mem 0x00100000-0xcfffffff] could not be reserved
Aug 31 16:49:09 kernel: [    0.420530] system 00:00: [mem 0xfec00000-0xfed3ffff] could not be reserved
Aug 31 16:49:09 kernel: [    0.420531] system 00:00: [mem 0xfed4c000-0xffffffff] could not be reserved
Aug 31 16:49:09 kernel: [    0.420534] system 00:00: Plug and Play ACPI device, IDs PNP0c01 (active)
Aug 31 16:49:09 kernel: [    0.420620] pnp 00:01: [Firmware Bug]: PNP resource [mem 0xfed10000-0xfed13fff] covers only part of 0000:00:00.0 Intel MCH; extending to [mem 0xfed10000-0xfed17fff]
Aug 31 16:49:09 kernel: [    0.420641] system 00:01: [io  0x1800-0x189f] has been reserved
Aug 31 16:49:09 kernel: [    0.420642] system 00:01: [io  0x0800-0x087f] has been reserved
Aug 31 16:49:09 kernel: [    0.420643] system 00:01: [io  0x0880-0x08ff] has been reserved
Aug 31 16:49:09 kernel: [    0.420644] system 00:01: [io  0x0900-0x097f] has been reserved
Aug 31 16:49:09 kernel: [    0.420646] system 00:01: [io  0x0980-0x09ff] has been reserved
Aug 31 16:49:09 kernel: [    0.420647] system 00:01: [io  0x0a00-0x0a7f] has been reserved
Aug 31 16:49:09 kernel: [    0.420648] system 00:01: [io  0x0a80-0x0aff] has been reserved
Aug 31 16:49:09 kernel: [    0.420649] system 00:01: [io  0x0b00-0x0b7f] has been reserved
Aug 31 16:49:09 kernel: [    0.420650] system 00:01: [io  0x0b80-0x0bff] has been reserved
Aug 31 16:49:09 kernel: [    0.420652] system 00:01: [io  0x15e0-0x15ef] has been reserved
Aug 31 16:49:09 kernel: [    0.420653] system 00:01: [io  0x1600-0x167f] has been reserved
Aug 31 16:49:09 kernel: [    0.420654] system 00:01: [io  0x1640-0x165f] has been reserved
Aug 31 16:49:09 kernel: [    0.420656] system 00:01: [mem 0xf8000000-0xfbffffff] has been reserved
Aug 31 16:49:09 kernel: [    0.420658] system 00:01: [mem 0xfed1c000-0xfed1ffff] has been reserved
Aug 31 16:49:09 kernel: [    0.420660] system 00:01: [mem 0xfed10000-0xfed17fff] has been reserved
Aug 31 16:49:09 kernel: [    0.420661] system 00:01: [mem 0xfed18000-0xfed18fff] has been reserved
Aug 31 16:49:09 kernel: [    0.420662] system 00:01: [mem 0xfed19000-0xfed19fff] has been reserved
Aug 31 16:49:09 kernel: [    0.420663] system 00:01: [mem 0xfed45000-0xfed4bfff] has been reserved
Aug 31 16:49:09 kernel: [    0.420665] system 00:01: Plug and Play ACPI device, IDs PNP0c02 (active)
Aug 31 16:49:09 kernel: [    0.420729] pnp 00:02: Plug and Play ACPI device, IDs PNP0b00 (active)
Aug 31 16:49:09 kernel: [    0.420751] pnp 00:03: Plug and Play ACPI device, IDs LEN0071 PNP0303 (active)
Aug 31 16:49:09 kernel: [    0.420772] pnp 00:04: Plug and Play ACPI device, IDs LEN0046 PNP0f13 (active)
Aug 31 16:49:09 kernel: [    0.421103] pnp 00:05: Plug and Play ACPI device, IDs SMO1200 PNP0c31 (active)
Aug 31 16:49:09 kernel: [    0.421280] system 00:06: [mem 0xd0010000-0xd001ffff] has been reserved
Aug 31 16:49:09 kernel: [    0.421281] system 00:06: [mem 0xd0000000-0xd000ffff] has been reserved
Aug 31 16:49:09 kernel: [    0.421282] system 00:06: Plug and Play ACPI device, IDs PNP0c02 (active)
Aug 31 16:49:09 kernel: [    0.421312] pnp: PnP ACPI: found 7 devices
Aug 31 16:49:09 kernel: [    0.427349] clocksource: acpi_pm: mask: 0xffffff max_cycles: 0xffffff, max_idle_ns: 2085701024 ns
Aug 31 16:49:09 kernel: [    0.427368] pci 0000:00:1c.0: PCI bridge to [bus 02]
Aug 31 16:49:09 kernel: [    0.427373] pci 0000:00:1c.0:   bridge window [mem 0xf1100000-0xf11fffff]
Aug 31 16:49:09 kernel: [    0.427379] pci 0000:00:1c.1: PCI bridge to [bus 03]
Aug 31 16:49:09 kernel: [    0.427382] pci 0000:00:1c.1:   bridge window [mem 0xf1000000-0xf10fffff]
Aug 31 16:49:09 kernel: [    0.427390] pci_bus 0000:00: resource 4 [io  0x0000-0x0cf7 window]
Aug 31 16:49:09 kernel: [    0.427391] pci_bus 0000:00: resource 5 [io  0x0d00-0xffff window]
Aug 31 16:49:09 kernel: [    0.427392] pci_bus 0000:00: resource 6 [mem 0x000a0000-0x000bffff window]
Aug 31 16:49:09 kernel: [    0.427393] pci_bus 0000:00: resource 7 [mem 0xd0000000-0xfebfffff window]
Aug 31 16:49:09 kernel: [    0.427394] pci_bus 0000:00: resource 8 [mem 0xfed40000-0xfed4bfff window]
Aug 31 16:49:09 kernel: [    0.427395] pci_bus 0000:02: resource 1 [mem 0xf1100000-0xf11fffff]
Aug 31 16:49:09 kernel: [    0.427397] pci_bus 0000:03: resource 1 [mem 0xf1000000-0xf10fffff]
Aug 31 16:49:09 kernel: [    0.427503] NET: Registered protocol family 2
Aug 31 16:49:09 kernel: [    0.427676] TCP established hash table entries: 65536 (order: 7, 524288 bytes)
Aug 31 16:49:09 kernel: [    0.427788] TCP bind hash table entries: 65536 (order: 8, 1048576 bytes)
Aug 31 16:49:09 kernel: [    0.427942] TCP: Hash tables configured (established 65536 bind 65536)
Aug 31 16:49:09 kernel: [    0.427965] UDP hash table entries: 4096 (order: 5, 131072 bytes)
Aug 31 16:49:09 kernel: [    0.427993] UDP-Lite hash table entries: 4096 (order: 5, 131072 bytes)
Aug 31 16:49:09 kernel: [    0.428061] NET: Registered protocol family 1
Aug 31 16:49:09 kernel: [    0.428072] pci 0000:00:02.0: Video device with shadowed ROM at [mem 0x000c0000-0x000dffff]
Aug 31 16:49:09 kernel: [    0.428514] PCI: CLS 64 bytes, default 64
Aug 31 16:49:09 kernel: [    0.428555] Unpacking initramfs...
Aug 31 16:49:09 kernel: [    1.091424] Freeing initrd memory: 38288K (ffff99a43da9c000 - ffff99a440000000)
Aug 31 16:49:09 kernel: [    1.091427] PCI-DMA: Using software bounce buffering for IO (SWIOTLB)
Aug 31 16:49:09 kernel: [    1.091429] software IO TLB [mem 0xbb069000-0xbf069000] (64MB) mapped at [ffff99a47b069000-ffff99a47f068fff]
Aug 31 16:49:09 kernel: [    1.091822] audit: initializing netlink subsys (disabled)
Aug 31 16:49:09 kernel: [    1.091839] audit: type=2000 audit(1504198149.092:1): initialized
Aug 31 16:49:09 kernel: [    1.092253] workingset: timestamp_bits=40 max_order=21 bucket_order=0
Aug 31 16:49:09 kernel: [    1.092285] zbud: loaded
Aug 31 16:49:09 kernel: [    1.092875] Block layer SCSI generic (bsg) driver version 0.4 loaded (major 250)
Aug 31 16:49:09 kernel: [    1.092900] io scheduler noop registered
Aug 31 16:49:09 kernel: [    1.092901] io scheduler deadline registered
Aug 31 16:49:09 kernel: [    1.092912] io scheduler cfq registered (default)
Aug 31 16:49:09 kernel: [    1.093203] pci_hotplug: PCI Hot Plug PCI Core version: 0.5
Aug 31 16:49:09 kernel: [    1.093208] pciehp: PCI Express Hot Plug Controller Driver version: 0.4
Aug 31 16:49:09 kernel: [    1.093220] vesafb: mode is 800x600x16, linelength=1600, pages=33
Aug 31 16:49:09 kernel: [    1.093220] vesafb: scrolling: redraw
Aug 31 16:49:09 kernel: [    1.093221] vesafb: Truecolor: size=0:5:6:5, shift=0:11:5:0
Aug 31 16:49:09 kernel: [    1.093231] vesafb: framebuffer at 0xe0000000, mapped to 0xffffb16c81200000, using 1875k, total 32704k
Aug 31 16:49:09 kernel: [    1.115095] Console: switching to colour frame buffer device 100x37
Aug 31 16:49:09 kernel: [    1.136724] fb0: VESA VGA frame buffer device
Aug 31 16:49:09 kernel: [    1.136740] intel_idle: MWAIT substates: 0x11142120
Aug 31 16:49:09 kernel: [    1.136741] intel_idle: v0.4.1 model 0x3D
Aug 31 16:49:09 kernel: [    1.136947] intel_idle: lapic_timer_reliable_states 0xffffffff
Aug 31 16:49:09 kernel: [    1.137117] GHES: HEST is not enabled!
Aug 31 16:49:09 kernel: [    1.137171] Serial: 8250/16550 driver, 4 ports, IRQ sharing enabled
Aug 31 16:49:09 kernel: [    1.137510] Linux agpgart interface v0.103
Aug 31 16:49:09 kernel: [    1.150075] tpm_tis 00:05: 1.2 TPM (device-id 0x0, rev-id 78)
Aug 31 16:49:09 kernel: [    1.310782] AMD IOMMUv2 driver by Joerg Roedel <jroedel@suse.de>
Aug 31 16:49:09 kernel: [    1.310783] AMD IOMMUv2 functionality not available on this system
Aug 31 16:49:09 kernel: [    1.311134] i8042: PNP: PS/2 Controller [PNP0303:KBD,PNP0f13:MOU] at 0x60,0x64 irq 1,12
Aug 31 16:49:09 kernel: [    1.312990] serio: i8042 KBD port at 0x60,0x64 irq 1
Aug 31 16:49:09 kernel: [    1.312996] serio: i8042 AUX port at 0x60,0x64 irq 12
Aug 31 16:49:09 kernel: [    1.313229] mousedev: PS/2 mouse device common for all mice
Aug 31 16:49:09 kernel: [    1.313269] rtc_cmos 00:02: RTC can wake from S4
Aug 31 16:49:09 kernel: [    1.313424] rtc_cmos 00:02: rtc core: registered rtc_cmos as rtc0
Aug 31 16:49:09 kernel: [    1.313450] rtc_cmos 00:02: alarms up to one month, y3k, 114 bytes nvram, hpet irqs
Aug 31 16:49:09 kernel: [    1.313460] intel_pstate: Intel P-state driver initializing
Aug 31 16:49:09 kernel: [    1.313747] ledtrig-cpu: registered to indicate activity on CPUs
Aug 31 16:49:09 kernel: [    1.314918] NET: Registered protocol family 10
Aug 31 16:49:09 kernel: [    1.315471] mip6: Mobile IPv6
Aug 31 16:49:09 kernel: [    1.315475] NET: Registered protocol family 17
Aug 31 16:49:09 kernel: [    1.315482] mpls_gso: MPLS GSO support
Aug 31 16:49:09 kernel: [    1.315594] input: AT Translated Set 2 keyboard as /devices/platform/i8042/serio0/input/input0
Aug 31 16:49:09 kernel: [    1.316259] microcode: sig=0x306d4, pf=0x40, revision=0x21
Aug 31 16:49:09 kernel: [    1.316522] microcode: Microcode Update Driver: v2.01 <tigran@aivazian.fsnet.co.uk>, Peter Oruba
Aug 31 16:49:09 kernel: [    1.317108] registered taskstats version 1
Aug 31 16:49:09 kernel: [    1.317143] zswap: loaded using pool lzo/zbud
Aug 31 16:49:09 kernel: [    1.494947] rtc_cmos 00:02: setting system clock to 2017-08-31 16:49:09 UTC (1504198149)
Aug 31 16:49:09 kernel: [    1.495082] PM: Hibernation image not present or could not be loaded.
Aug 31 16:49:09 kernel: [    1.497850] Freeing unused kernel memory: 1392K (ffffffffafd1e000 - ffffffffafe7a000)
Aug 31 16:49:09 kernel: [    1.497852] Write protecting the kernel read-only data: 12288k
Aug 31 16:49:09 kernel: [    1.499104] Freeing unused kernel memory: 1988K (ffff99a43100f000 - ffff99a431200000)
Aug 31 16:49:09 kernel: [    1.506267] Freeing unused kernel memory: 1240K (ffff99a4314ca000 - ffff99a431600000)
Aug 31 16:49:09 kernel: [    1.512407] x86/mm: Checked W+X mappings: passed, no W+X pages found.
Aug 31 16:49:09 kernel: [    1.518246] random: systemd-udevd: uninitialized urandom read (16 bytes read)
Aug 31 16:49:09 kernel: [    1.518301] random: systemd-udevd: uninitialized urandom read (16 bytes read)
Aug 31 16:49:09 kernel: [    1.518308] random: systemd-udevd: uninitialized urandom read (16 bytes read)
Aug 31 16:49:09 kernel: [    1.518315] random: systemd-udevd: uninitialized urandom read (16 bytes read)
Aug 31 16:49:09 kernel: [    1.518799] random: udevadm: uninitialized urandom read (16 bytes read)
Aug 31 16:49:09 kernel: [    1.518822] random: udevadm: uninitialized urandom read (16 bytes read)
Aug 31 16:49:09 kernel: [    1.519584] random: udevadm: uninitialized urandom read (16 bytes read)
Aug 31 16:49:09 kernel: [    1.519617] random: udevadm: uninitialized urandom read (16 bytes read)
Aug 31 16:49:09 kernel: [    1.519626] random: udevadm: uninitialized urandom read (16 bytes read)
Aug 31 16:49:09 kernel: [    1.519815] random: udevadm: uninitialized urandom read (16 bytes read)
Aug 31 16:49:09 kernel: [    1.537343] rtsx_pci 0000:02:00.0: rtsx_pci_acquire_irq: pcr->msi_en = 1, pci->irq = 40
Aug 31 16:49:09 kernel: [    1.537749] ACPI: bus type USB registered
Aug 31 16:49:09 kernel: [    1.537774] usbcore: registered new interface driver usbfs
Aug 31 16:49:09 kernel: [    1.537791] usbcore: registered new interface driver hub
Aug 31 16:49:09 kernel: [    1.537812] usbcore: registered new device driver usb
Aug 31 16:49:09 kernel: [    1.538474] thermal LNXTHERM:00: registered as thermal_zone0
Aug 31 16:49:09 kernel: [    1.538475] ACPI: Thermal Zone [THM0] (45 C)
Aug 31 16:49:09 kernel: [    1.538794] ehci_hcd: USB 2.0 'Enhanced' Host Controller (EHCI) Driver
Aug 31 16:49:09 kernel: [    1.539132] ehci-pci: EHCI PCI platform driver
Aug 31 16:49:09 kernel: [    1.539286] ehci-pci 0000:00:1d.0: EHCI Host Controller
Aug 31 16:49:09 kernel: [    1.539293] ehci-pci 0000:00:1d.0: new USB bus registered, assigned bus number 1
Aug 31 16:49:09 kernel: [    1.539304] ehci-pci 0000:00:1d.0: debug port 2
Aug 31 16:49:09 kernel: [    1.543196] ehci-pci 0000:00:1d.0: cache line size of 64 is not supported
Aug 31 16:49:09 kernel: [    1.543207] ehci-pci 0000:00:1d.0: irq 23, io mem 0xf123d000
Aug 31 16:49:09 kernel: [    1.544712] SCSI subsystem initialized
Aug 31 16:49:09 kernel: [    1.546342] libata version 3.00 loaded.
Aug 31 16:49:09 kernel: [    1.557998] ehci-pci 0000:00:1d.0: USB 2.0 started, EHCI 1.00
Aug 31 16:49:09 kernel: [    1.558059] usb usb1: New USB device found, idVendor=1d6b, idProduct=0002
Aug 31 16:49:09 kernel: [    1.558060] usb usb1: New USB device strings: Mfr=3, Product=2, SerialNumber=1
Aug 31 16:49:09 kernel: [    1.558061] usb usb1: Product: EHCI Host Controller
Aug 31 16:49:09 kernel: [    1.558062] usb usb1: Manufacturer: Linux 4.9.0-3-amd64 ehci_hcd
Aug 31 16:49:09 kernel: [    1.558062] usb usb1: SerialNumber: 0000:00:1d.0
Aug 31 16:49:09 kernel: [    1.558186] hub 1-0:1.0: USB hub found
Aug 31 16:49:09 kernel: [    1.558195] hub 1-0:1.0: 3 ports detected
Aug 31 16:49:09 kernel: [    1.558773] xhci_hcd 0000:00:14.0: xHCI Host Controller
Aug 31 16:49:09 kernel: [    1.558780] xhci_hcd 0000:00:14.0: new USB bus registered, assigned bus number 2
Aug 31 16:49:09 kernel: [    1.559843] xhci_hcd 0000:00:14.0: hcc params 0x200077c1 hci version 0x100 quirks 0x0004b810
Aug 31 16:49:09 kernel: [    1.559847] xhci_hcd 0000:00:14.0: cache line size of 64 is not supported
Aug 31 16:49:09 kernel: [    1.559943] usb usb2: New USB device found, idVendor=1d6b, idProduct=0002
Aug 31 16:49:09 kernel: [    1.559945] usb usb2: New USB device strings: Mfr=3, Product=2, SerialNumber=1
Aug 31 16:49:09 kernel: [    1.559946] usb usb2: Product: xHCI Host Controller
Aug 31 16:49:09 kernel: [    1.559946] usb usb2: Manufacturer: Linux 4.9.0-3-amd64 xhci-hcd
Aug 31 16:49:09 kernel: [    1.559947] usb usb2: SerialNumber: 0000:00:14.0
Aug 31 16:49:09 kernel: [    1.560076] hub 2-0:1.0: USB hub found
Aug 31 16:49:09 kernel: [    1.560096] hub 2-0:1.0: 11 ports detected
Aug 31 16:49:09 kernel: [    1.560389] snd_hda_intel 0000:00:03.0: failed to add i915 component master (-19)
Aug 31 16:49:09 kernel: [    1.560390] snd_hda_intel 0000:00:03.0: HSW/BDW HD-audio HDMI/DP requires binding with gfx driver
Aug 31 16:49:09 kernel: [    1.563992] xhci_hcd 0000:00:14.0: xHCI Host Controller
Aug 31 16:49:09 kernel: [    1.563995] xhci_hcd 0000:00:14.0: new USB bus registered, assigned bus number 3
Aug 31 16:49:09 kernel: [    1.564027] usb usb3: New USB device found, idVendor=1d6b, idProduct=0003
Aug 31 16:49:09 kernel: [    1.564028] usb usb3: New USB device strings: Mfr=3, Product=2, SerialNumber=1
Aug 31 16:49:09 kernel: [    1.564029] usb usb3: Product: xHCI Host Controller
Aug 31 16:49:09 kernel: [    1.564030] usb usb3: Manufacturer: Linux 4.9.0-3-amd64 xhci-hcd
Aug 31 16:49:09 kernel: [    1.564031] usb usb3: SerialNumber: 0000:00:14.0
Aug 31 16:49:09 kernel: [    1.564145] hub 3-0:1.0: USB hub found
Aug 31 16:49:09 kernel: [    1.564152] hub 3-0:1.0: 4 ports detected
Aug 31 16:49:09 kernel: [    1.565881] ahci 0000:00:1f.2: version 3.0
Aug 31 16:49:09 kernel: [    1.568102] snd_hda_codec_realtek hdaudioC1D0: autoconfig for ALC3232: line_outs=1 (0x14/0x0/0x0/0x0/0x0) type:speaker
Aug 31 16:49:09 kernel: [    1.568104] snd_hda_codec_realtek hdaudioC1D0:    speaker_outs=0 (0x0/0x0/0x0/0x0/0x0)
Aug 31 16:49:09 kernel: [    1.568105] snd_hda_codec_realtek hdaudioC1D0:    hp_outs=2 (0x16/0x15/0x0/0x0/0x0)
Aug 31 16:49:09 kernel: [    1.568106] snd_hda_codec_realtek hdaudioC1D0:    mono: mono_out=0x0
Aug 31 16:49:09 kernel: [    1.568106] snd_hda_codec_realtek hdaudioC1D0:    inputs:
Aug 31 16:49:09 kernel: [    1.568107] snd_hda_codec_realtek hdaudioC1D0:      Dock Mic=0x19
Aug 31 16:49:09 kernel: [    1.568108] snd_hda_codec_realtek hdaudioC1D0:      Mic=0x1a
Aug 31 16:49:09 kernel: [    1.568109] snd_hda_codec_realtek hdaudioC1D0:      Internal Mic=0x12
Aug 31 16:49:09 kernel: [    1.570988] snd_hda_codec_realtek hdaudioC1D0: Failed to find thinkpad-acpi symbol tpacpi_led_set
Aug 31 16:49:09 kernel: [    1.574553] input: HDA Digital PCBeep as /devices/pci0000:00/0000:00:1b.0/sound/card1/input3
Aug 31 16:49:09 kernel: [    1.574679] input: HDA Intel PCH Dock Mic as /devices/pci0000:00/0000:00:1b.0/sound/card1/input4
Aug 31 16:49:09 kernel: [    1.574750] input: HDA Intel PCH Mic as /devices/pci0000:00/0000:00:1b.0/sound/card1/input5
Aug 31 16:49:09 kernel: [    1.574955] input: HDA Intel PCH Dock Headphone as /devices/pci0000:00/0000:00:1b.0/sound/card1/input6
Aug 31 16:49:09 kernel: [    1.575019] input: HDA Intel PCH Headphone as /devices/pci0000:00/0000:00:1b.0/sound/card1/input7
Aug 31 16:49:09 kernel: [    1.576095] ahci 0000:00:1f.2: AHCI 0001.0300 32 slots 3 ports 6 Gbps 0x1 impl SATA mode
Aug 31 16:49:09 kernel: [    1.576096] ahci 0000:00:1f.2: flags: 64bit ncq pm led clo only pio slum part deso sadm sds apst 
Aug 31 16:49:09 kernel: [    1.576538] scsi host0: ahci
Aug 31 16:49:09 kernel: [    1.576634] scsi host1: ahci
Aug 31 16:49:09 kernel: [    1.576732] scsi host2: ahci
Aug 31 16:49:09 kernel: [    1.576777] ata1: SATA max UDMA/133 abar m2048@0xf123c000 port 0xf123c100 irq 43
Aug 31 16:49:09 kernel: [    1.576777] ata2: DUMMY
Aug 31 16:49:09 kernel: [    1.576778] ata3: DUMMY
Aug 31 16:49:09 kernel: [    1.594140] random: fast init done
Aug 31 16:49:09 kernel: [    1.886072] usb 1-1: new high-speed USB device number 2 using ehci-pci
Aug 31 16:49:09 kernel: [    1.889854] ata1: SATA link up 6.0 Gbps (SStatus 133 SControl 300)
Aug 31 16:49:09 kernel: [    1.890044] usb 2-1: new high-speed USB device number 2 using xhci_hcd
Aug 31 16:49:09 kernel: [    1.890313] ata1.00: ACPI cmd ef/02:00:00:00:00:a0 (SET FEATURES) succeeded
Aug 31 16:49:09 kernel: [    1.890318] ata1.00: ACPI cmd f5/00:00:00:00:00:a0 (SECURITY FREEZE LOCK) filtered out
Aug 31 16:49:09 kernel: [    1.890322] ata1.00: ACPI cmd ef/10:03:00:00:00:a0 (SET FEATURES) filtered out
Aug 31 16:49:09 kernel: [    1.890393] ata1.00: ACPI cmd ef/10:09:00:00:00:a0 (SET FEATURES) succeeded
Aug 31 16:49:09 kernel: [    1.890651] ata1.00: supports DRM functions and may not be fully accessible
Aug 31 16:49:09 kernel: [    1.891452] ata1.00: ATA-9: SAMSUNG MZ7LN256HCHP-000L7, EMT03L6Q, max UDMA/133
Aug 31 16:49:09 kernel: [    1.891456] ata1.00: 500118192 sectors, multi 1: LBA48 NCQ (depth 31/32), AA
Aug 31 16:49:09 kernel: [    1.892257] ata1.00: ACPI cmd ef/02:00:00:00:00:a0 (SET FEATURES) succeeded
Aug 31 16:49:09 kernel: [    1.892263] ata1.00: ACPI cmd f5/00:00:00:00:00:a0 (SECURITY FREEZE LOCK) filtered out
Aug 31 16:49:09 kernel: [    1.892266] ata1.00: ACPI cmd ef/10:03:00:00:00:a0 (SET FEATURES) filtered out
Aug 31 16:49:09 kernel: [    1.892337] ata1.00: ACPI cmd ef/10:09:00:00:00:a0 (SET FEATURES) succeeded
Aug 31 16:49:09 kernel: [    1.892608] ata1.00: supports DRM functions and may not be fully accessible
Aug 31 16:49:09 kernel: [    1.893405] ata1.00: configured for UDMA/133
Aug 31 16:49:09 kernel: [    1.893886] scsi 0:0:0:0: Direct-Access     ATA      SAMSUNG MZ7LN256 3L6Q PQ: 0 ANSI: 5
Aug 31 16:49:09 kernel: [    1.935464] sd 0:0:0:0: [sda] 500118192 512-byte logical blocks: (256 GB/238 GiB)
Aug 31 16:49:09 kernel: [    1.935525] sd 0:0:0:0: [sda] Write Protect is off
Aug 31 16:49:09 kernel: [    1.935527] sd 0:0:0:0: [sda] Mode Sense: 00 3a 00 00
Aug 31 16:49:09 kernel: [    1.935559] sd 0:0:0:0: [sda] Write cache: enabled, read cache: enabled, doesn't support DPO or FUA
Aug 31 16:49:09 kernel: [    1.935921]  sda: sda1 sda2
Aug 31 16:49:09 kernel: [    1.936150] sd 0:0:0:0: [sda] Attached SCSI disk
Aug 31 16:49:10 kernel: [    2.034359] usb 1-1: New USB device found, idVendor=8087, idProduct=8001
Aug 31 16:49:10 kernel: [    2.034361] usb 1-1: New USB device strings: Mfr=0, Product=0, SerialNumber=0
Aug 31 16:49:10 kernel: [    2.034634] hub 1-1:1.0: USB hub found
Aug 31 16:49:10 kernel: [    2.034714] hub 1-1:1.0: 8 ports detected
Aug 31 16:49:10 kernel: [    2.040212] usb 2-1: New USB device found, idVendor=1516, idProduct=8628
Aug 31 16:49:10 kernel: [    2.040214] usb 2-1: New USB device strings: Mfr=1, Product=2, SerialNumber=3
Aug 31 16:49:10 kernel: [    2.040215] usb 2-1: Product: FLASH DISK
Aug 31 16:49:10 kernel: [    2.040217] usb 2-1: Manufacturer: SKYMED
Aug 31 16:49:10 kernel: [    2.040218] usb 2-1: SerialNumber: 000000000000000050C01152
Aug 31 16:49:10 kernel: [    2.041772] usb-storage 2-1:1.0: USB Mass Storage device detected
Aug 31 16:49:10 kernel: [    2.041914] scsi host3: usb-storage 2-1:1.0
Aug 31 16:49:10 kernel: [    2.042019] usbcore: registered new interface driver usb-storage
Aug 31 16:49:10 kernel: [    2.042346] usbcore: registered new interface driver uas
Aug 31 16:49:10 kernel: [    2.113965] tsc: Refined TSC clocksource calibration: 2294.687 MHz
Aug 31 16:49:10 kernel: [    2.113970] clocksource: tsc: mask: 0xffffffffffffffff max_cycles: 0x21139a22526, max_idle_ns: 440795252169 ns
Aug 31 16:49:10 kernel: [    2.157980] usb 2-6: new full-speed USB device number 3 using xhci_hcd
Aug 31 16:49:10 kernel: [    2.304860] usb 2-6: New USB device found, idVendor=138a, idProduct=0017
Aug 31 16:49:10 kernel: [    2.304862] usb 2-6: New USB device strings: Mfr=0, Product=0, SerialNumber=1
Aug 31 16:49:10 kernel: [    2.304863] usb 2-6: SerialNumber: c409c6aaa91a
Aug 31 16:49:10 kernel: [    2.312931] psmouse serio1: synaptics: queried max coordinates: x [..5712], y [..4780]
Aug 31 16:49:10 kernel: [    2.340655] psmouse serio1: synaptics: queried min coordinates: x [1232..], y [1074..]
Aug 31 16:49:10 kernel: [    2.410452] psmouse serio1: synaptics: Touchpad model: 1, fw: 8.1, id: 0x1e2b1, caps: 0xf002a3/0x943300/0x12e800/0x10000, board id: 3075, fw id: 2560
Aug 31 16:49:10 kernel: [    2.410460] psmouse serio1: synaptics: serio: Synaptics pass-through port at isa0060/serio1/input0
Aug 31 16:49:10 kernel: [    2.421959] usb 2-7: new full-speed USB device number 4 using xhci_hcd
Aug 31 16:49:10 init: starting pid 319, tty '': '/sbin/reopen-console /sbin/debian-installer'
Aug 31 16:49:10 init: starting pid 322, tty '/dev/tty4': '/usr/bin/tail -f /var/log/syslog'
Aug 31 16:49:10 kernel: [    2.444492] input: SynPS/2 Synaptics TouchPad as /devices/platform/i8042/serio1/input/input2
Aug 31 16:49:10 kernel: [    2.571330] usb 2-7: New USB device found, idVendor=8087, idProduct=0a2a
Aug 31 16:49:10 kernel: [    2.571332] usb 2-7: New USB device strings: Mfr=0, Product=0, SerialNumber=0
Aug 31 16:49:10 kernel: [    2.689970] usb 2-8: new high-speed USB device number 5 using xhci_hcd
Aug 31 16:49:10 kernel: [    2.839739] usb 2-8: New USB device found, idVendor=5986, idProduct=0366
Aug 31 16:49:10 kernel: [    2.839741] usb 2-8: New USB device strings: Mfr=1, Product=2, SerialNumber=0
Aug 31 16:49:10 kernel: [    2.839742] usb 2-8: Product: Integrated Camera
Aug 31 16:49:10 kernel: [    2.839743] usb 2-8: Manufacturer: SunplusIT Inc
Aug 31 16:49:11 kernel: [    3.068149] psmouse serio2: trackpoint: IBM TrackPoint firmware: 0x0e, buttons: 3/3
Aug 31 16:49:11 kernel: [    3.070682] scsi 3:0:0:0: Direct-Access     SKYMED   FLASH DISK       1.00 PQ: 0 ANSI: 2
Aug 31 16:49:11 kernel: [    3.071951] sd 3:0:0:0: [sdb] 1033472 512-byte logical blocks: (529 MB/505 MiB)
Aug 31 16:49:11 kernel: [    3.072163] sd 3:0:0:0: [sdb] Write Protect is off
Aug 31 16:49:11 kernel: [    3.072168] sd 3:0:0:0: [sdb] Mode Sense: 03 00 00 00
Aug 31 16:49:11 kernel: [    3.072362] sd 3:0:0:0: [sdb] No Caching mode page found
Aug 31 16:49:11 kernel: [    3.072365] sd 3:0:0:0: [sdb] Assuming drive cache: write through
Aug 31 16:49:11 kernel: [    3.074375]  sdb: sdb1 sdb2
Aug 31 16:49:11 kernel: [    3.075860] sd 3:0:0:0: [sdb] Attached SCSI removable disk
Aug 31 16:49:11 kernel: [    3.133995] clocksource: Switched to clocksource tsc
Aug 31 16:49:11 kernel: [    3.262507] input: TPPS/2 IBM TrackPoint as /devices/platform/i8042/serio1/serio2/input/input8
Aug 31 16:49:11 init: process '/sbin/reopen-console /sbin/debian-installer' (pid 319) exited. Scheduling for restart.
Aug 31 16:49:11 init: starting pid 365, tty '': '/sbin/reopen-console /sbin/debian-installer'
Aug 31 16:49:11 debconf: Setting debconf/language to en
Aug 31 16:49:11 main-menu[393]: DEBUG: resolver (libgcc1): package doesn't exist (ignored)
Aug 31 16:49:11 main-menu[393]: INFO: Falling back to the package description for brltty-udeb
Aug 31 16:49:11 main-menu[393]: INFO: Menu item 'localechooser' selected
Aug 31 16:49:11 debconf: Setting debconf/language to en
Aug 31 16:49:11 gtk-set-font: Switching to font 'DejaVu Sans' for 'en'
Aug 31 16:49:47 kernel: [   39.425401] random: crng init done
Aug 31 16:49:47 localechooser: info: Language = 'de'
Aug 31 16:49:47 localechooser: info: line=de;1;DE;de_DE.UTF-8;;console-setup
Aug 31 16:49:47 localechooser: info: Set debian-installer/language = 'de'
Aug 31 16:49:47 localechooser: info: Default country = 'DE'
Aug 31 16:49:47 localechooser: info: Default locale = 'de_DE.UTF-8'
Aug 31 16:49:47 localechooser: info: Set debian-installer/consoledisplay = 'console-setup'
Aug 31 16:49:47 debconf: Setting debconf/language to de
Aug 31 16:49:47 gtk-set-font: Switching to font 'DejaVu Sans' for 'de'
Aug 31 16:49:49 localechooser: info: Set debian-installer/country = 'DE'
Aug 31 16:49:49 localechooser: info: Set debian-installer/locale = 'de_DE.UTF-8'
Aug 31 16:49:49 localechooser: info: System locale (debian-installer/locale) = 'de_DE.UTF-8'
Aug 31 16:49:49 main-menu[393]: DEBUG: resolver (libgcc1): package doesn't exist (ignored)
Aug 31 16:49:49 main-menu[393]: INFO: Falling back to the package description for brltty-udeb
Aug 31 16:49:49 main-menu[393]: INFO: Falling back to the package description for brltty-udeb
Aug 31 16:49:49 main-menu[393]: INFO: Falling back to the package description for brltty-udeb
Aug 31 16:49:49 main-menu[393]: INFO: Menu item 'brltty-udeb' selected
Aug 31 16:49:49 main-menu[393]: WARNING **: Unable to set title for brltty-udeb.
Aug 31 16:49:49 main-menu[393]: DEBUG: resolver (libgcc1): package doesn't exist (ignored)
Aug 31 16:49:49 main-menu[393]: INFO: Falling back to the package description for brltty-udeb
Aug 31 16:49:49 main-menu[393]: INFO: Falling back to the package description for brltty-udeb
Aug 31 16:49:49 main-menu[393]: INFO: Menu item 'espeakup-udeb' selected
Aug 31 16:49:49 main-menu[393]: DEBUG: resolver (libgcc1): package doesn't exist (ignored)
Aug 31 16:49:49 main-menu[393]: INFO: Falling back to the package description for brltty-udeb
Aug 31 16:49:49 main-menu[393]: INFO: Falling back to the package description for brltty-udeb
Aug 31 16:49:49 main-menu[393]: INFO: Menu item 'console-setup-udeb' selected
Aug 31 16:49:50 main-menu[393]: DEBUG: resolver (libgcc1): package doesn't exist (ignored)
Aug 31 16:49:50 main-menu[393]: INFO: Falling back to the package description for brltty-udeb
Aug 31 16:49:50 main-menu[393]: INFO: Falling back to the package description for brltty-udeb
Aug 31 16:49:50 main-menu[393]: INFO: Menu item 'cdrom-detect' selected
Aug 31 16:49:50 net/hw-detect.hotplug: Detected hotpluggable network interface lo
Aug 31 16:49:51 apt-install: Queueing package udev for later installation
Aug 31 16:49:51 apt-install: Queueing package pciutils for later installation
Aug 31 16:49:51 apt-install: Queueing package usbutils for later installation
Aug 31 16:49:52 check-missing-firmware: looking at dmesg for the first time
Aug 31 16:49:52 check-missing-firmware: saving timestamp for a later use: [   39.425401]
Aug 31 16:49:52 check-missing-firmware: /dev/.udev/firmware-missing does not exist, skipping
Aug 31 16:49:52 check-missing-firmware: /run/udev/firmware-missing does not exist, skipping
Aug 31 16:49:52 check-missing-firmware: no missing firmware in loaded kernel modules
Aug 31 16:49:52 cdrom-detect: Searching for Debian installation media...
Aug 31 16:49:52 cdrom-detect: Devices: ''
Aug 31 16:49:53 cdrom-detect: Devices: ''
Aug 31 16:49:54 cdrom-detect: Devices: ''
Aug 31 16:49:55 cdrom-detect: Devices: ''
Aug 31 16:49:56 cdrom-detect: Devices: ''
Aug 31 16:49:57 cdrom-detect: Devices: ''
Aug 31 16:49:58 cdrom-detect: Devices: ''
Aug 31 16:49:59 cdrom-detect: Devices: ''
Aug 31 16:50:00 cdrom-detect: Devices: ''
Aug 31 16:50:01 kernel: [   53.434736] ISO 9660 Extensions: Microsoft Joliet Level 3
Aug 31 16:50:01 cdrom-detect: CD-ROM mount succeeded: device=/dev/sdb1 fstype=iso9660
Aug 31 16:50:01 kernel: [   53.436069] ISO 9660 Extensions: RRIP_1991A
Aug 31 16:50:01 cdrom-detect: Detected CD 'Debian GNU/Linux 9.1.0 "Stretch" - Official amd64 NETINST 20170722-11:28'
Aug 31 16:50:01 cdrom-detect: Detected CD with 'stable' (stretch) distribution
Aug 31 16:50:01 anna-install: Queueing udeb eject-udeb for later installation
Aug 31 16:50:01 anna-install: Queueing udeb apt-mirror-setup for later installation
Aug 31 16:50:01 anna-install: Queueing udeb apt-cdrom-setup for later installation
Aug 31 16:50:01 anna-install: Queueing udeb stretch-support for later installation
Aug 31 16:50:01 main-menu[393]: DEBUG: resolver (libgcc1): package doesn't exist (ignored)
Aug 31 16:50:01 main-menu[393]: INFO: Falling back to the package description for brltty-udeb
Aug 31 16:50:01 main-menu[393]: INFO: Falling back to the package description for brltty-udeb
Aug 31 16:50:01 main-menu[393]: INFO: Menu item 'load-cdrom' selected
Aug 31 16:50:01 cdrom-retriever: warning: File /cdrom/dists/stretch/main/debian-installer/binary-amd64/Packages does not exist.
Aug 31 16:50:01 cdrom-retriever: warning: Unable to find contrib/debian-installer/binary-amd64/Packages in /cdrom/dists/stretch/Release.
Aug 31 16:50:01 cdrom-retriever: warning: Unable to find contrib/debian-installer/binary-amd64/Packages.gz in /cdrom/dists/stretch/Release.
Aug 31 16:50:01 anna[2559]: DEBUG: resolver (fat-modules): package doesn't exist (ignored)
Aug 31 16:50:01 anna[2559]: DEBUG: resolver (scsi-modules): package doesn't exist (ignored)
Aug 31 16:50:01 anna[2559]: DEBUG: resolver (fat-modules): package doesn't exist (ignored)
Aug 31 16:50:01 anna[2559]: DEBUG: resolver (scsi-modules): package doesn't exist (ignored)
Aug 31 16:50:01 anna[2559]: DEBUG: retrieving apt-cdrom-setup 1:0.127
Aug 31 16:50:01 anna[2559]: DEBUG: retrieving apt-mirror-setup 1:0.127
Aug 31 16:50:01 anna[2559]: DEBUG: retrieving apt-setup-udeb 1:0.127
Aug 31 16:50:02 anna[2559]: DEBUG: retrieving base-installer 1.169
Aug 31 16:50:02 anna[2559]: DEBUG: retrieving bootstrap-base 1.169
Aug 31 16:50:02 anna[2559]: DEBUG: retrieving btrfs-progs-udeb 4.7.3-1
Aug 31 16:50:02 anna[2559]: DEBUG: retrieving choose-mirror-bin 2.79
Aug 31 16:50:02 anna[2559]: DEBUG: retrieving clock-setup 0.132
Aug 31 16:50:02 anna[2559]: DEBUG: retrieving debian-archive-keyring-udeb 2017.5
Aug 31 16:50:02 anna[2559]: DEBUG: retrieving di-utils-mapdevfs 1.119
Aug 31 16:50:02 anna[2559]: DEBUG: retrieving debootstrap-udeb 1.0.89
Aug 31 16:50:02 anna[2559]: DEBUG: retrieving dosfstools-udeb 4.1-1
Aug 31 16:50:02 anna[2559]: DEBUG: retrieving e2fsprogs-udeb 1.43.4-2
Aug 31 16:50:02 anna[2559]: DEBUG: retrieving eject-udeb 2.1.5+deb1+cvs20081104-13.2
Aug 31 16:50:03 anna[2559]: DEBUG: retrieving finish-install 2.81
Aug 31 16:50:03 anna[2559]: DEBUG: retrieving fuse-udeb 2.9.7-1
Aug 31 16:50:03 anna[2559]: DEBUG: retrieving libfuse2-udeb 2.9.7-1
Aug 31 16:50:03 anna[2559]: DEBUG: retrieving gpgv-udeb 2.1.18-6
Aug 31 16:50:03 anna[2559]: DEBUG: retrieving grub-installer 1.140+deb9u1
Aug 31 16:50:03 anna[2559]: DEBUG: retrieving grub-mount-udeb 2.02~beta3-5
Aug 31 16:50:03 anna[2559]: DEBUG: retrieving disk-detect 1.123
Aug 31 16:50:03 anna[2559]: DEBUG: retrieving ethdetect 1.123
Aug 31 16:50:04 anna[2559]: DEBUG: retrieving jfsutils-udeb 1.1.15-3
Aug 31 16:50:04 anna[2559]: DEBUG: retrieving kickseed-common 0.62
Aug 31 16:50:04 anna[2559]: DEBUG: retrieving libgcrypt20-udeb 1.7.6-2+deb9u1
Aug 31 16:50:04 anna[2559]: DEBUG: retrieving libgpg-error0-udeb 1.26-2
Aug 31 16:50:04 anna[2559]: DEBUG: retrieving libnl-3-200-udeb 3.2.27-2
Aug 31 16:50:04 anna[2559]: DEBUG: retrieving libnl-genl-3-200-udeb 3.2.27-2
Aug 31 16:50:04 anna[2559]: DEBUG: retrieving lilo-installer 1.52
Aug 31 16:50:04 anna[2559]: DEBUG: retrieving btrfs-modules-4.9.0-3-amd64-di 4.9.30-2+deb9u2
Aug 31 16:50:04 anna[2559]: DEBUG: retrieving crypto-modules-4.9.0-3-amd64-di 4.9.30-2+deb9u2
Aug 31 16:50:04 anna[2559]: DEBUG: retrieving efi-modules-4.9.0-3-amd64-di 4.9.30-2+deb9u2
Aug 31 16:50:04 anna[2559]: DEBUG: retrieving ext4-modules-4.9.0-3-amd64-di 4.9.30-2+deb9u2
Aug 31 16:50:04 anna[2559]: DEBUG: retrieving jfs-modules-4.9.0-3-amd64-di 4.9.30-2+deb9u2
Aug 31 16:50:04 anna[2559]: DEBUG: retrieving loop-modules-4.9.0-3-amd64-di 4.9.30-2+deb9u2
Aug 31 16:50:04 anna[2559]: DEBUG: retrieving md-modules-4.9.0-3-amd64-di 4.9.30-2+deb9u2
Aug 31 16:50:04 anna[2559]: DEBUG: retrieving nic-modules-4.9.0-3-amd64-di 4.9.30-2+deb9u2
Aug 31 16:50:05 anna[2559]: DEBUG: retrieving nic-pcmcia-modules-4.9.0-3-amd64-di 4.9.30-2+deb9u2
Aug 31 16:50:05 anna[2559]: DEBUG: retrieving nic-shared-modules-4.9.0-3-amd64-di 4.9.30-2+deb9u2
Aug 31 16:50:05 anna[2559]: DEBUG: retrieving nic-usb-modules-4.9.0-3-amd64-di 4.9.30-2+deb9u2
Aug 31 16:50:05 anna[2559]: DEBUG: retrieving nic-wireless-modules-4.9.0-3-amd64-di 4.9.30-2+deb9u2
Aug 31 16:50:06 anna[2559]: DEBUG: retrieving xfs-modules-4.9.0-3-amd64-di 4.9.30-2+deb9u2
Aug 31 16:50:06 anna[2559]: DEBUG: retrieving libdevmapper1.02.1-udeb 2:1.02.137-2
Aug 31 16:50:06 anna[2559]: DEBUG: retrieving liblzo2-2-udeb 2.08-1.2+b2
Aug 31 16:50:06 anna[2559]: DEBUG: retrieving mdadm-udeb 3.4-4+b1
Aug 31 16:50:06 anna[2559]: DEBUG: retrieving ndisc6-udeb 1.0.3-3
Aug 31 16:50:06 anna[2559]: DEBUG: retrieving rdnssd-udeb 1.0.3-3
Aug 31 16:50:06 anna[2559]: DEBUG: retrieving netcfg 1.143
Aug 31 16:50:06 anna[2559]: DEBUG: retrieving nobootloader 1.47
Aug 31 16:50:06 anna[2559]: DEBUG: retrieving ntfs-3g-udeb 1:2016.2.22AR.1+dfsg-1
Aug 31 16:50:06 anna[2559]: DEBUG: retrieving open-iscsi-udeb 2.0.874-3~deb9u1
Aug 31 16:50:06 anna[2559]: DEBUG: retrieving libisns-nocrypto0-udeb 0.97-2
Aug 31 16:50:06 anna[2559]: DEBUG: retrieving libcrypto1.0.2-udeb 1.0.2l-2
Aug 31 16:50:07 anna[2559]: DEBUG: retrieving os-prober-udeb 1.76~deb9u1
Aug 31 16:50:07 anna[2559]: DEBUG: retrieving libparted-fs-resize0-udeb 3.2-17
Aug 31 16:50:07 anna[2559]: DEBUG: retrieving libparted2-udeb 3.2-17
Aug 31 16:50:07 anna[2559]: DEBUG: retrieving partman-auto 137
Aug 31 16:50:07 anna[2559]: DEBUG: retrieving partman-auto-raid 31
Aug 31 16:50:07 anna[2559]: DEBUG: retrieving partman-base 191+deb9u1
Aug 31 16:50:07 anna[2559]: DEBUG: retrieving partman-utils 191+deb9u1
Aug 31 16:50:07 anna[2559]: DEBUG: retrieving partman-basicfilesystems 127
Aug 31 16:50:08 anna[2559]: DEBUG: retrieving partman-basicmethods 61
Aug 31 16:50:08 anna[2559]: DEBUG: retrieving partman-btrfs 35
Aug 31 16:50:09 anna[2559]: DEBUG: retrieving partman-efi 75
Aug 31 16:50:09 anna[2559]: DEBUG: retrieving partman-ext3 89
Aug 31 16:50:09 anna[2559]: DEBUG: retrieving partman-iscsi 44
Aug 31 16:50:10 anna[2559]: DEBUG: retrieving partman-jfs 47
Aug 31 16:50:10 anna[2559]: DEBUG: retrieving partman-md 77
Aug 31 16:50:10 anna[2559]: DEBUG: retrieving partman-partitioning 115
Aug 31 16:50:11 anna[2559]: DEBUG: retrieving partman-target 100
Aug 31 16:50:11 anna[2559]: DEBUG: retrieving partman-xfs 58
Aug 31 16:50:11 anna[2559]: DEBUG: retrieving pkgsel 0.45
Aug 31 16:50:12 anna[2559]: DEBUG: retrieving network-preseed 1.85
Aug 31 16:50:12 anna[2559]: DEBUG: retrieving rdate-udeb 1:1.2-6
Aug 31 16:50:12 anna[2559]: DEBUG: retrieving tzsetup-udeb 1:0.94
Aug 31 16:50:13 anna[2559]: DEBUG: retrieving user-setup-udeb 1.67
Aug 31 16:50:13 anna[2559]: DEBUG: retrieving fdisk-udeb 2.29.2-1
Aug 31 16:50:13 anna[2559]: DEBUG: retrieving wide-dhcpv6-client-udeb 20080615-19
Aug 31 16:50:13 anna[2559]: DEBUG: retrieving libiw30-udeb 30~pre9-12+b1
Aug 31 16:50:13 anna[2559]: DEBUG: retrieving wpasupplicant-udeb 2:2.4-1
Aug 31 16:50:13 anna[2559]: DEBUG: retrieving xfsprogs-udeb 4.9.0+nmu1
Aug 31 16:50:14 main-menu[393]: DEBUG: resolver (libgcc1): package doesn't exist (ignored)
Aug 31 16:50:14 main-menu[393]: INFO: Falling back to the package description for brltty-udeb
Aug 31 16:50:14 main-menu[393]: INFO: Falling back to the package description for brltty-udeb
Aug 31 16:50:14 main-menu[393]: INFO: Menu item 'ethdetect' selected
Aug 31 16:50:14 kernel: [   66.734214] pps_core: LinuxPPS API ver. 1 registered
Aug 31 16:50:14 kernel: [   66.734215] pps_core: Software ver. 5.3.6 - Copyright 2005-2007 Rodolfo Giometti <giometti@linux.it>
Aug 31 16:50:14 kernel: [   66.734440] PTP clock support registered
Aug 31 16:50:14 kernel: [   66.735170] e1000e: Intel(R) PRO/1000 Network Driver - 3.2.6-k
Aug 31 16:50:14 kernel: [   66.735171] e1000e: Copyright(c) 1999 - 2015 Intel Corporation.
Aug 31 16:50:14 kernel: [   66.735322] e1000e 0000:00:19.0: Interrupt Throttling Rate (ints/sec) set to dynamic conservative mode
Aug 31 16:50:14 kernel: [   66.743747] Intel(R) Wireless WiFi driver for Linux
Aug 31 16:50:14 kernel: [   66.743748] Copyright(c) 2003- 2015 Intel Corporation
Aug 31 16:50:14 kernel: [   66.746647] iwlwifi 0000:03:00.0: firmware: failed to load iwlwifi-7265D-26.ucode (-2)
Aug 31 16:50:14 kernel: [   66.746649] iwlwifi 0000:03:00.0: Direct firmware load for iwlwifi-7265D-26.ucode failed with error -2
Aug 31 16:50:14 kernel: [   66.746660] iwlwifi 0000:03:00.0: firmware: failed to load iwlwifi-7265D-25.ucode (-2)
Aug 31 16:50:14 kernel: [   66.746661] iwlwifi 0000:03:00.0: Direct firmware load for iwlwifi-7265D-25.ucode failed with error -2
Aug 31 16:50:14 kernel: [   66.746670] iwlwifi 0000:03:00.0: firmware: failed to load iwlwifi-7265D-24.ucode (-2)
Aug 31 16:50:14 kernel: [   66.746671] iwlwifi 0000:03:00.0: Direct firmware load for iwlwifi-7265D-24.ucode failed with error -2
Aug 31 16:50:14 kernel: [   66.746679] iwlwifi 0000:03:00.0: firmware: failed to load iwlwifi-7265D-23.ucode (-2)
Aug 31 16:50:14 kernel: [   66.746681] iwlwifi 0000:03:00.0: Direct firmware load for iwlwifi-7265D-23.ucode failed with error -2
Aug 31 16:50:14 kernel: [   66.746689] iwlwifi 0000:03:00.0: firmware: failed to load iwlwifi-7265D-22.ucode (-2)
Aug 31 16:50:14 kernel: [   66.746690] iwlwifi 0000:03:00.0: Direct firmware load for iwlwifi-7265D-22.ucode failed with error -2
Aug 31 16:50:14 kernel: [   66.746699] iwlwifi 0000:03:00.0: firmware: failed to load iwlwifi-7265D-21.ucode (-2)
Aug 31 16:50:14 kernel: [   66.746700] iwlwifi 0000:03:00.0: Direct firmware load for iwlwifi-7265D-21.ucode failed with error -2
Aug 31 16:50:14 kernel: [   66.746709] iwlwifi 0000:03:00.0: firmware: failed to load iwlwifi-7265D-20.ucode (-2)
Aug 31 16:50:14 kernel: [   66.746710] iwlwifi 0000:03:00.0: Direct firmware load for iwlwifi-7265D-20.ucode failed with error -2
Aug 31 16:50:14 kernel: [   66.746719] iwlwifi 0000:03:00.0: firmware: failed to load iwlwifi-7265D-19.ucode (-2)
Aug 31 16:50:14 kernel: [   66.746720] iwlwifi 0000:03:00.0: Direct firmware load for iwlwifi-7265D-19.ucode failed with error -2
Aug 31 16:50:14 kernel: [   66.746729] iwlwifi 0000:03:00.0: firmware: failed to load iwlwifi-7265D-18.ucode (-2)
Aug 31 16:50:14 kernel: [   66.746730] iwlwifi 0000:03:00.0: Direct firmware load for iwlwifi-7265D-18.ucode failed with error -2
Aug 31 16:50:14 kernel: [   66.746738] iwlwifi 0000:03:00.0: firmware: failed to load iwlwifi-7265D-17.ucode (-2)
Aug 31 16:50:14 kernel: [   66.746739] iwlwifi 0000:03:00.0: Direct firmware load for iwlwifi-7265D-17.ucode failed with error -2
Aug 31 16:50:14 net/hw-detect.hotplug: Detected hotpluggable network interface lo
Aug 31 16:50:14 kernel: [   66.828687] e1000e 0000:00:19.0 0000:00:19.0 (uninitialized): registered PHC clock
Aug 31 16:50:14 kernel: [   66.907481] e1000e 0000:00:19.0 eth0: (PCI Express:2.5GT/s:Width x1) 50:7b:9d:82:6d:d0
Aug 31 16:50:14 kernel: [   66.907482] e1000e 0000:00:19.0 eth0: Intel(R) PRO/1000 Network Connection
Aug 31 16:50:14 kernel: [   66.907520] e1000e 0000:00:19.0 eth0: MAC: 11, PHY: 12, PBA No: 1000FF-0FF
Aug 31 16:50:14 kernel: [   66.908044] e1000e 0000:00:19.0 enp0s25: renamed from eth0
Aug 31 16:50:14 net/hw-detect.hotplug: Detected hotpluggable network interface enp0s25
Aug 31 16:50:15 check-missing-firmware: looking at dmesg again, restarting from \[   39.425401\]
Aug 31 16:50:15 check-missing-firmware: timestamp found, truncating dmesg accordingly
Aug 31 16:50:15 check-missing-firmware: saving timestamp for a later use: [   66.908044]
Aug 31 16:50:15 check-missing-firmware: looking for firmware file iwlwifi-7265D-26.ucode requested by iwlwifi
Aug 31 16:50:15 check-missing-firmware: looking for firmware file iwlwifi-7265D-25.ucode requested by iwlwifi
Aug 31 16:50:15 check-missing-firmware: looking for firmware file iwlwifi-7265D-24.ucode requested by iwlwifi
Aug 31 16:50:16 check-missing-firmware: looking for firmware file iwlwifi-7265D-23.ucode requested by iwlwifi
Aug 31 16:50:16 check-missing-firmware: looking for firmware file iwlwifi-7265D-22.ucode requested by iwlwifi
Aug 31 16:50:16 check-missing-firmware: looking for firmware file iwlwifi-7265D-21.ucode requested by iwlwifi
Aug 31 16:50:16 check-missing-firmware: looking for firmware file iwlwifi-7265D-20.ucode requested by iwlwifi
Aug 31 16:50:16 check-missing-firmware: looking for firmware file iwlwifi-7265D-19.ucode requested by iwlwifi
Aug 31 16:50:16 check-missing-firmware: looking for firmware file iwlwifi-7265D-18.ucode requested by iwlwifi
Aug 31 16:50:16 check-missing-firmware: looking for firmware file iwlwifi-7265D-17.ucode requested by iwlwifi
Aug 31 16:50:16 check-missing-firmware: /dev/.udev/firmware-missing does not exist, skipping
Aug 31 16:50:16 check-missing-firmware: /run/udev/firmware-missing does not exist, skipping
Aug 31 16:50:16 check-missing-firmware: missing firmware files (iwlwifi-7265D-26.ucode iwlwifi-7265D-25.ucode iwlwifi-7265D-24.ucode iwlwifi-7265D-23.ucode iwlwifi-7265D-22.ucode iwlwifi-7265D-21.ucode iwlwifi-7265D-20.ucode iwlwifi-7265D-19.ucode iwlwifi-7265D-18.ucode iwlwifi-7265D-17.ucode) for iwlwifi iwlwifi iwlwifi iwlwifi iwlwifi iwlwifi iwlwifi iwlwifi iwlwifi iwlwifi
Aug 31 16:50:21 check-missing-firmware: removing and loading kernel module iwlwifi
Aug 31 16:50:21 kernel: [   73.771661] Intel(R) Wireless WiFi driver for Linux
Aug 31 16:50:21 kernel: [   73.771662] Copyright(c) 2003- 2015 Intel Corporation
Aug 31 16:50:21 kernel: [   73.773809] iwlwifi 0000:03:00.0: firmware: failed to load iwlwifi-7265D-26.ucode (-2)
Aug 31 16:50:21 kernel: [   73.773810] iwlwifi 0000:03:00.0: Direct firmware load for iwlwifi-7265D-26.ucode failed with error -2
Aug 31 16:50:21 kernel: [   73.773817] iwlwifi 0000:03:00.0: firmware: failed to load iwlwifi-7265D-25.ucode (-2)
Aug 31 16:50:21 kernel: [   73.773818] iwlwifi 0000:03:00.0: Direct firmware load for iwlwifi-7265D-25.ucode failed with error -2
Aug 31 16:50:21 kernel: [   73.773823] iwlwifi 0000:03:00.0: firmware: failed to load iwlwifi-7265D-24.ucode (-2)
Aug 31 16:50:21 kernel: [   73.773824] iwlwifi 0000:03:00.0: Direct firmware load for iwlwifi-7265D-24.ucode failed with error -2
Aug 31 16:50:21 kernel: [   73.773830] iwlwifi 0000:03:00.0: firmware: failed to load iwlwifi-7265D-23.ucode (-2)
Aug 31 16:50:21 kernel: [   73.773830] iwlwifi 0000:03:00.0: Direct firmware load for iwlwifi-7265D-23.ucode failed with error -2
Aug 31 16:50:21 kernel: [   73.773836] iwlwifi 0000:03:00.0: firmware: failed to load iwlwifi-7265D-22.ucode (-2)
Aug 31 16:50:21 kernel: [   73.773836] iwlwifi 0000:03:00.0: Direct firmware load for iwlwifi-7265D-22.ucode failed with error -2
Aug 31 16:50:21 kernel: [   73.773843] iwlwifi 0000:03:00.0: firmware: failed to load iwlwifi-7265D-21.ucode (-2)
Aug 31 16:50:21 kernel: [   73.773844] iwlwifi 0000:03:00.0: Direct firmware load for iwlwifi-7265D-21.ucode failed with error -2
Aug 31 16:50:21 kernel: [   73.773849] iwlwifi 0000:03:00.0: firmware: failed to load iwlwifi-7265D-20.ucode (-2)
Aug 31 16:50:21 kernel: [   73.773850] iwlwifi 0000:03:00.0: Direct firmware load for iwlwifi-7265D-20.ucode failed with error -2
Aug 31 16:50:21 kernel: [   73.773855] iwlwifi 0000:03:00.0: firmware: failed to load iwlwifi-7265D-19.ucode (-2)
Aug 31 16:50:21 kernel: [   73.773856] iwlwifi 0000:03:00.0: Direct firmware load for iwlwifi-7265D-19.ucode failed with error -2
Aug 31 16:50:21 kernel: [   73.773861] iwlwifi 0000:03:00.0: firmware: failed to load iwlwifi-7265D-18.ucode (-2)
Aug 31 16:50:21 kernel: [   73.773862] iwlwifi 0000:03:00.0: Direct firmware load for iwlwifi-7265D-18.ucode failed with error -2
Aug 31 16:50:21 kernel: [   73.773867] iwlwifi 0000:03:00.0: firmware: failed to load iwlwifi-7265D-17.ucode (-2)
Aug 31 16:50:21 kernel: [   73.773868] iwlwifi 0000:03:00.0: Direct firmware load for iwlwifi-7265D-17.ucode failed with error -2
Aug 31 16:50:22 check-missing-firmware: looking at dmesg again, restarting from \[   66.908044\]
Aug 31 16:50:22 check-missing-firmware: timestamp found, truncating dmesg accordingly
Aug 31 16:50:22 check-missing-firmware: saving timestamp for a later use: [   73.773868]
Aug 31 16:50:22 check-missing-firmware: looking for firmware file iwlwifi-7265D-26.ucode requested by iwlwifi
Aug 31 16:50:22 check-missing-firmware: looking for firmware file iwlwifi-7265D-25.ucode requested by iwlwifi
Aug 31 16:50:22 check-missing-firmware: looking for firmware file iwlwifi-7265D-24.ucode requested by iwlwifi
Aug 31 16:50:22 check-missing-firmware: looking for firmware file iwlwifi-7265D-23.ucode requested by iwlwifi
Aug 31 16:50:22 check-missing-firmware: looking for firmware file iwlwifi-7265D-22.ucode requested by iwlwifi
Aug 31 16:50:22 check-missing-firmware: looking for firmware file iwlwifi-7265D-21.ucode requested by iwlwifi
Aug 31 16:50:22 check-missing-firmware: looking for firmware file iwlwifi-7265D-20.ucode requested by iwlwifi
Aug 31 16:50:22 check-missing-firmware: looking for firmware file iwlwifi-7265D-19.ucode requested by iwlwifi
Aug 31 16:50:22 check-missing-firmware: looking for firmware file iwlwifi-7265D-18.ucode requested by iwlwifi
Aug 31 16:50:22 check-missing-firmware: looking for firmware file iwlwifi-7265D-17.ucode requested by iwlwifi
Aug 31 16:50:22 check-missing-firmware: /dev/.udev/firmware-missing does not exist, skipping
Aug 31 16:50:22 check-missing-firmware: /run/udev/firmware-missing does not exist, skipping
Aug 31 16:50:22 check-missing-firmware: missing firmware files (iwlwifi-7265D-26.ucode iwlwifi-7265D-25.ucode iwlwifi-7265D-24.ucode iwlwifi-7265D-23.ucode iwlwifi-7265D-22.ucode iwlwifi-7265D-21.ucode iwlwifi-7265D-20.ucode iwlwifi-7265D-19.ucode iwlwifi-7265D-18.ucode iwlwifi-7265D-17.ucode) for iwlwifi iwlwifi iwlwifi iwlwifi iwlwifi iwlwifi iwlwifi iwlwifi iwlwifi iwlwifi
Aug 31 16:50:45 check-missing-firmware: taking network interface enp0s25 up/down
Aug 31 16:50:46 kernel: [   98.083616] IPv6: ADDRCONF(NETDEV_UP): enp0s25: link is not ready
Aug 31 16:50:46 kernel: [   98.187732] e1000e: enp0s25 NIC Link is Down
Aug 31 16:50:47 check-missing-firmware: looking at dmesg again, restarting from \[   73.773868\]
Aug 31 16:50:47 check-missing-firmware: timestamp found, truncating dmesg accordingly
Aug 31 16:50:47 check-missing-firmware: saving timestamp for a later use: [   98.187732]
Aug 31 16:50:47 check-missing-firmware: /dev/.udev/firmware-missing does not exist, skipping
Aug 31 16:50:47 check-missing-firmware: /run/udev/firmware-missing does not exist, skipping
Aug 31 16:50:47 check-missing-firmware: no missing firmware in loaded kernel modules
Aug 31 16:50:47 main-menu[393]: (process:4809): mount: mounting /dev/sda on /media failed: Invalid argument
Aug 31 16:50:47 main-menu[393]: (process:4809): umount: can't umount /media: Invalid argument
Aug 31 16:50:47 main-menu[393]: (process:4809): mount: mounting /dev/sda on /media failed: Invalid argument
Aug 31 16:50:47 main-menu[393]: (process:4809): mount: mounting /dev/sdb on /media failed: Device or resource busy
Aug 31 16:50:47 main-menu[393]: (process:4809): umount: can't umount /media: Invalid argument
Aug 31 16:50:47 main-menu[393]: (process:4809): mount: mounting /dev/sdb on /media failed: Device or resource busy
Aug 31 16:50:47 main-menu[393]: (process:4809): mount: mounting /dev/sda1 on /media failed: Invalid argument
Aug 31 16:50:47 main-menu[393]: (process:4809): umount: can't umount /media: Invalid argument
Aug 31 16:50:47 main-menu[393]: (process:4809): mount: mounting /dev/sda1 on /media failed: Invalid argument
Aug 31 16:50:47 main-menu[393]: (process:4809): mount: mounting /dev/sda2 on /media failed: Invalid argument
Aug 31 16:50:47 main-menu[393]: (process:4809): umount: can't umount /media: Invalid argument
Aug 31 16:50:47 main-menu[393]: (process:4809): mount: mounting /dev/sda2 on /media failed: Invalid argument
Aug 31 16:50:47 main-menu[393]: (process:4809): mount: mounting /dev/sdb1 on /media failed: Device or resource busy
Aug 31 16:50:47 main-menu[393]: (process:4809): umount: can't umount /media: Invalid argument
Aug 31 16:50:47 main-menu[393]: (process:4809): mount: mounting /dev/sdb1 on /media failed: Device or resource busy
Aug 31 16:50:47 main-menu[393]: (process:4809): mount: mounting /dev/sda on /media failed: Invalid argument
Aug 31 16:50:47 main-menu[393]: (process:4809): umount: can't umount /media: Invalid argument
Aug 31 16:50:47 main-menu[393]: (process:4809): mount: mounting /dev/sda on /media failed: Invalid argument
Aug 31 16:50:47 main-menu[393]: (process:4809): mount: mounting /dev/sdb on /media failed: Device or resource busy
Aug 31 16:50:47 main-menu[393]: (process:4809): umount: can't umount /media: Invalid argument
Aug 31 16:50:47 main-menu[393]: (process:4809): mount: mounting /dev/sdb on /media failed: Device or resource busy
Aug 31 16:50:47 main-menu[393]: (process:4809): mount: mounting /dev/sda1 on /media failed: Invalid argument
Aug 31 16:50:47 main-menu[393]: (process:4809): umount: can't umount /media: Invalid argument
Aug 31 16:50:47 main-menu[393]: (process:4809): mount: mounting /dev/sda1 on /media failed: Invalid argument
Aug 31 16:50:47 main-menu[393]: (process:4809): mount: mounting /dev/sda2 on /media failed: Invalid argument
Aug 31 16:50:47 main-menu[393]: (process:4809): umount: can't umount /media: Invalid argument
Aug 31 16:50:47 main-menu[393]: (process:4809): mount: mounting /dev/sda2 on /media failed: Invalid argument
Aug 31 16:50:47 main-menu[393]: (process:4809): mount: mounting /dev/sdb1 on /media failed: Device or resource busy
Aug 31 16:50:47 main-menu[393]: (process:4809): umount: can't umount /media: Invalid argument
Aug 31 16:50:47 main-menu[393]: (process:4809): mount: mounting /dev/sdb1 on /media failed: Device or resource busy
Aug 31 16:50:47 main-menu[393]: (process:4809): mount: mounting /dev/sda on /media failed: Invalid argument
Aug 31 16:50:47 main-menu[393]: (process:4809): umount: can't umount /media: Invalid argument
Aug 31 16:50:47 main-menu[393]: (process:4809): mount: mounting /dev/sda on /media failed: Invalid argument
Aug 31 16:50:47 main-menu[393]: (process:4809): mount: mounting /dev/sdb on /media failed: Device or resource busy
Aug 31 16:50:47 main-menu[393]: (process:4809): umount: can't umount /media: Invalid argument
Aug 31 16:50:47 main-menu[393]: (process:4809): mount: mounting /dev/sdb on /media failed: Device or resource busy
Aug 31 16:50:47 main-menu[393]: (process:4809): mount: mounting /dev/sda1 on /media failed: Invalid argument
Aug 31 16:50:47 main-menu[393]: (process:4809): umount: can't umount /media: Invalid argument
Aug 31 16:50:47 main-menu[393]: (process:4809): mount: mounting /dev/sda1 on /media failed: Invalid argument
Aug 31 16:50:47 main-menu[393]: (process:4809): mount: mounting /dev/sda2 on /media failed: Invalid argument
Aug 31 16:50:47 main-menu[393]: (process:4809): umount: can't umount /media: Invalid argument
Aug 31 16:50:47 main-menu[393]: (process:4809): mount: mounting /dev/sda2 on /media failed: Invalid argument
Aug 31 16:50:47 main-menu[393]: (process:4809): mount: mounting /dev/sdb1 on /media failed: Device or resource busy
Aug 31 16:50:47 main-menu[393]: (process:4809): umount: can't umount /media: Invalid argument
Aug 31 16:50:47 main-menu[393]: (process:4809): mount: mounting /dev/sdb1 on /media failed: Device or resource busy
Aug 31 16:50:47 main-menu[393]: (process:4809): mount: mounting /dev/fd0 on /media failed: No such file or directory
Aug 31 16:50:47 main-menu[393]: (process:4809): umount: can't umount /media: Invalid argument
Aug 31 16:50:47 main-menu[393]: (process:4809): mount: mounting /dev/fd0 on /media failed: No such file or directory
Aug 31 16:50:47 main-menu[393]: DEBUG: resolver (libgcc1): package doesn't exist (ignored)
Aug 31 16:50:47 main-menu[393]: INFO: Falling back to the package description for brltty-udeb
Aug 31 16:50:47 main-menu[393]: INFO: Falling back to the package description for brltty-udeb
Aug 31 16:50:47 main-menu[393]: INFO: Menu item 'netcfg' selected
Aug 31 16:50:47 netcfg[5598]: INFO: Starting netcfg v.1.143
Aug 31 16:50:47 netcfg[5598]: WARNING **: Couldn't read Wpasupplicant pid file, not trying to kill.
Aug 31 16:50:47 netcfg[5598]: INFO: Could not find valid BOOTIF= entry in /proc/cmdline
Aug 31 16:50:47 netcfg[5598]: INFO: Taking down interface enp0s25
Aug 31 16:50:47 netcfg[5598]: INFO: Taking down interface lo
Aug 31 16:50:47 netcfg[5598]: INFO: Activating interface enp0s25
Aug 31 16:50:47 netcfg[5598]: DEBUG: State is now 0
Aug 31 16:50:47 netcfg[5598]: DEBUG: Want link on enp0s25
Aug 31 16:50:47 netcfg[5598]: INFO: Waiting time set to 3
Aug 31 16:50:47 kernel: [   99.839440] IPv6: ADDRCONF(NETDEV_UP): enp0s25: link is not ready
Aug 31 16:50:48 netcfg[5598]: INFO: ethtool-lite: enp0s25: carrier down
Aug 31 16:50:48 netcfg[5598]: INFO: ethtool-lite: enp0s25: carrier down
Aug 31 16:50:48 netcfg[5598]: INFO: ethtool-lite: enp0s25: carrier down
Aug 31 16:50:48 netcfg[5598]: INFO: ethtool-lite: enp0s25: carrier down
Aug 31 16:50:49 netcfg[5598]: INFO: ethtool-lite: enp0s25: carrier down
Aug 31 16:50:49 netcfg[5598]: INFO: ethtool-lite: enp0s25: carrier down
Aug 31 16:50:49 netcfg[5598]: INFO: ethtool-lite: enp0s25: carrier down
Aug 31 16:50:49 netcfg[5598]: INFO: ethtool-lite: enp0s25: carrier down
Aug 31 16:50:50 netcfg[5598]: INFO: ethtool-lite: enp0s25: carrier down
Aug 31 16:50:50 netcfg[5598]: INFO: ethtool-lite: enp0s25: carrier down
Aug 31 16:50:50 kernel: [  102.589121] e1000e: enp0s25 NIC Link is Up 1000 Mbps Full Duplex, Flow Control: Rx/Tx
Aug 31 16:50:50 kernel: [  102.589156] IPv6: ADDRCONF(NETDEV_CHANGE): enp0s25: link becomes ready
Aug 31 16:50:50 netcfg[5598]: INFO: ethtool-lite: enp0s25: carrier up
Aug 31 16:50:50 netcfg[5598]: INFO: Found link on enp0s25
Aug 31 16:50:50 netcfg[5598]: DEBUG: Commencing network autoconfiguration on enp0s25
Aug 31 16:50:50 netcfg[5598]: DEBUG: rdnssd started; PID: 5614
Aug 31 16:50:50 netcfg[5598]: DEBUG: nc_v6_interface_configured(enp0s25, scope local)
Aug 31 16:50:50 netcfg[5598]: DEBUG: Running ip addr show enp0s25 to look for address
Aug 31 16:50:50 netcfg[5598]: DEBUG: ip line: 2: enp0s25: <BROADCAST,MULTICAST,UP,LOWER_UP> mtu 1500 qdisc pfifo_fast qlen 1000
Aug 31 16:50:50 netcfg[5598]: DEBUG: ip line:     link/ether 50:7b:9d:82:6d:d0 brd ff:ff:ff:ff:ff:ff
Aug 31 16:50:50 netcfg[5598]: DEBUG: ip line:     inet6 fe80::527b:9dff:fe82:6dd0/64 scope link tentative 
Aug 31 16:50:50 netcfg[5598]: DEBUG: ip line:        valid_lft forever preferred_lft forever
Aug 31 16:50:51 netcfg[5598]: DEBUG: nc_v6_interface_configured(enp0s25, scope local)
Aug 31 16:50:51 netcfg[5598]: DEBUG: Running ip addr show enp0s25 to look for address
Aug 31 16:50:51 netcfg[5598]: DEBUG: ip line: 2: enp0s25: <BROADCAST,MULTICAST,UP,LOWER_UP> mtu 1500 qdisc pfifo_fast qlen 1000
Aug 31 16:50:51 netcfg[5598]: DEBUG: ip line:     link/ether 50:7b:9d:82:6d:d0 brd ff:ff:ff:ff:ff:ff
Aug 31 16:50:51 netcfg[5598]: DEBUG: ip line:     inet6 fe80::527b:9dff:fe82:6dd0/64 scope link tentative 
Aug 31 16:50:51 netcfg[5598]: DEBUG: ip line:        valid_lft forever preferred_lft forever
Aug 31 16:50:51 netcfg[5598]: DEBUG: nc_v6_interface_configured(enp0s25, scope local)
Aug 31 16:50:51 netcfg[5598]: DEBUG: Running ip addr show enp0s25 to look for address
Aug 31 16:50:51 netcfg[5598]: DEBUG: ip line: 2: enp0s25: <BROADCAST,MULTICAST,UP,LOWER_UP> mtu 1500 qdisc pfifo_fast qlen 1000
Aug 31 16:50:51 netcfg[5598]: DEBUG: ip line:     link/ether 50:7b:9d:82:6d:d0 brd ff:ff:ff:ff:ff:ff
Aug 31 16:50:51 netcfg[5598]: DEBUG: ip line:     inet6 fe80::527b:9dff:fe82:6dd0/64 scope link tentative 
Aug 31 16:50:51 netcfg[5598]: DEBUG: ip line:        valid_lft forever preferred_lft forever
Aug 31 16:50:51 netcfg[5598]: DEBUG: nc_v6_interface_configured(enp0s25, scope local)
Aug 31 16:50:51 netcfg[5598]: DEBUG: Running ip addr show enp0s25 to look for address
Aug 31 16:50:51 netcfg[5598]: DEBUG: ip line: 2: enp0s25: <BROADCAST,MULTICAST,UP,LOWER_UP> mtu 1500 qdisc pfifo_fast qlen 1000
Aug 31 16:50:51 netcfg[5598]: DEBUG: ip line:     link/ether 50:7b:9d:82:6d:d0 brd ff:ff:ff:ff:ff:ff
Aug 31 16:50:51 netcfg[5598]: DEBUG: ip line:     inet6 fe80::527b:9dff:fe82:6dd0/64 scope link tentative 
Aug 31 16:50:51 netcfg[5598]: DEBUG: ip line:        valid_lft forever preferred_lft forever
Aug 31 16:50:51 netcfg[5598]: DEBUG: nc_v6_interface_configured(enp0s25, scope local)
Aug 31 16:50:51 netcfg[5598]: DEBUG: Running ip addr show enp0s25 to look for address
Aug 31 16:50:51 netcfg[5598]: DEBUG: ip line: 2: enp0s25: <BROADCAST,MULTICAST,UP,LOWER_UP> mtu 1500 qdisc pfifo_fast qlen 1000
Aug 31 16:50:51 netcfg[5598]: DEBUG: ip line:     link/ether 50:7b:9d:82:6d:d0 brd ff:ff:ff:ff:ff:ff
Aug 31 16:50:51 netcfg[5598]: DEBUG: ip line:     inet6 fe80::527b:9dff:fe82:6dd0/64 scope link tentative 
Aug 31 16:50:51 netcfg[5598]: DEBUG: ip line:        valid_lft forever preferred_lft forever
Aug 31 16:50:52 netcfg[5598]: DEBUG: nc_v6_interface_configured(enp0s25, scope local)
Aug 31 16:50:52 netcfg[5598]: DEBUG: Running ip addr show enp0s25 to look for address
Aug 31 16:50:52 netcfg[5598]: DEBUG: ip line: 2: enp0s25: <BROADCAST,MULTICAST,UP,LOWER_UP> mtu 1500 qdisc pfifo_fast qlen 1000
Aug 31 16:50:52 netcfg[5598]: DEBUG: ip line:     link/ether 50:7b:9d:82:6d:d0 brd ff:ff:ff:ff:ff:ff
Aug 31 16:50:52 netcfg[5598]: DEBUG: ip line:     inet6 fe80::527b:9dff:fe82:6dd0/64 scope link tentative 
Aug 31 16:50:52 netcfg[5598]: DEBUG: ip line:        valid_lft forever preferred_lft forever
Aug 31 16:50:52 netcfg[5598]: DEBUG: nc_v6_interface_configured(enp0s25, scope local)
Aug 31 16:50:52 netcfg[5598]: DEBUG: Running ip addr show enp0s25 to look for address
Aug 31 16:50:52 netcfg[5598]: DEBUG: ip line: 2: enp0s25: <BROADCAST,MULTICAST,UP,LOWER_UP> mtu 1500 qdisc pfifo_fast qlen 1000
Aug 31 16:50:52 netcfg[5598]: DEBUG: ip line:     link/ether 50:7b:9d:82:6d:d0 brd ff:ff:ff:ff:ff:ff
Aug 31 16:50:52 netcfg[5598]: DEBUG: ip line:     inet6 2a02:8070:a18f:be00:527b:9dff:fe82:6dd0/64 scope global tentative dynamic 
Aug 31 16:50:52 netcfg[5598]: DEBUG: ip line:        valid_lft 7200sec preferred_lft 3600sec
Aug 31 16:50:52 netcfg[5598]: DEBUG: ip line:     inet6 fe80::527b:9dff:fe82:6dd0/64 scope link 
Aug 31 16:50:52 netcfg[5598]: DEBUG: Configured address found
Aug 31 16:50:52 netcfg[5598]: DEBUG: ip line:        valid_lft forever preferred_lft forever
Aug 31 16:50:52 netcfg[5598]: DEBUG: Running rdisc6 -1 -r 1 -w 500 -n enp0s25 to get IPv6 config flags
Aug 31 16:50:52 netcfg[5598]: DEBUG: rdisc6 line: Soliciting ff02::2 (ff02::2) on enp0s25...
Aug 31 16:50:52 netcfg[5598]: DEBUG: rdisc6 line: 
Aug 31 16:50:52 netcfg[5598]: DEBUG: rdisc6 line: Hop limit                 :          255 (      0xff)
Aug 31 16:50:52 netcfg[5598]: DEBUG: rdisc6 line: Stateful address conf.    :          Yes
Aug 31 16:50:52 netcfg[5598]: DEBUG: Got stateful address line
Aug 31 16:50:52 netcfg[5598]: DEBUG: stateful=1
Aug 31 16:50:52 netcfg[5598]: DEBUG: rdisc6 line: Stateful other conf.      :          Yes
Aug 31 16:50:52 netcfg[5598]: DEBUG: stateless=1
Aug 31 16:50:52 netcfg[5598]: DEBUG: rdisc6 line: Mobile home agent         :           No
Aug 31 16:50:52 netcfg[5598]: DEBUG: rdisc6 line: Router preference         :         high
Aug 31 16:50:52 netcfg[5598]: DEBUG: rdisc6 line: Neighbor discovery proxy  :           No
Aug 31 16:50:52 netcfg[5598]: DEBUG: rdisc6 line: Router lifetime           :         1800 (0x00000708) seconds
Aug 31 16:50:52 netcfg[5598]: DEBUG: rdisc6 line: Reachable time            :  unspecified (0x00000000)
Aug 31 16:50:52 netcfg[5598]: DEBUG: rdisc6 line: Retransmit time           :  unspecified (0x00000000)
Aug 31 16:50:52 netcfg[5598]: DEBUG: rdisc6 line:  Prefix                   : 2a02:8070:a18f:be00::/64
Aug 31 16:50:52 netcfg[5598]: DEBUG: rdisc6 line:   On-link                 :          Yes
Aug 31 16:50:52 netcfg[5598]: DEBUG: rdisc6 line:   Autonomous address conf.:          Yes
Aug 31 16:50:52 netcfg[5598]: DEBUG: rdisc6 line:   Valid time              :         7200 (0x00001c20) seconds
Aug 31 16:50:52 netcfg[5598]: DEBUG: rdisc6 line:   Pref. time              :         3600 (0x00000e10) seconds
Aug 31 16:50:52 netcfg[5598]: DEBUG: rdisc6 line:  Recursive DNS server     : fd00::2665:11ff:fe23:75ac
Aug 31 16:50:52 netcfg[5598]: DEBUG: rdisc6 line:   DNS server lifetime     :         1200 (0x000004b0) seconds
Aug 31 16:50:52 netcfg[5598]: DEBUG: rdisc6 line:  MTU                      :         1500 bytes (valid)
Aug 31 16:50:52 netcfg[5598]: DEBUG: rdisc6 line:  Route                    : ::/0
Aug 31 16:50:52 netcfg[5598]: DEBUG: rdisc6 line:   Route preference        :         high
Aug 31 16:50:52 netcfg[5598]: DEBUG: rdisc6 line:   Route lifetime          :         1800 (0x00000708) seconds
Aug 31 16:50:52 netcfg[5598]: DEBUG: rdisc6 line:  Route                    : 2a02:8070:a18f:be00::/64
Aug 31 16:50:52 netcfg[5598]: DEBUG: rdisc6 line:   Route preference        :         high
Aug 31 16:50:52 netcfg[5598]: DEBUG: rdisc6 line:   Route lifetime          :         1800 (0x00000708) seconds
Aug 31 16:50:52 netcfg[5598]: DEBUG: rdisc6 line:  Source link-layer address: 24:65:11:23:75:AC
Aug 31 16:50:52 netcfg[5598]: DEBUG: rdisc6 line:  from fe80::2665:11ff:fe23:75ac
Aug 31 16:50:52 netcfg[5598]: DEBUG: rdisc6 parsing finished
Aug 31 16:50:52 netcfg[5598]: DEBUG: Reading nameservers from /tmp/rdnssd_resolv
Aug 31 16:50:52 netcfg[5598]: DEBUG: Read nameserver fd00::2665:11ff:fe23:75ac
Aug 31 16:50:52 netcfg[5598]: DEBUG: Not queueing rdnssd installation to make sure not to interfere with network-manager
Aug 31 16:50:52 netcfg[5598]: DEBUG: Stopping rdnssd, PID 5614
Aug 31 16:50:52 netcfg[5598]: DEBUG: IPv6 found
Aug 31 16:50:52 netcfg[5598]: DEBUG: IPv6 stateful autoconfig requested
Aug 31 16:50:52 netcfg[5598]: DEBUG: Stateful DHCPv6 requested
Aug 31 16:50:52 netcfg[5598]: WARNING **: Started DHCPv6 client; PID is 5633
Aug 31 16:50:52 dhcp6c: gethwid: found an interface enp0s25 for DUID
Aug 31 16:50:52 dhcp6c: get_duid: generated a new DUID: 00:01:00:01:21:3a:fa:ec:50:7b:9d:82:6d:d0
Aug 31 16:50:52 dhcp6c: get_duid: saved generated DUID to /var/lib/dhcpv6/dhcp6c_duid
Aug 31 16:50:52 dhcp6c: client6_init: failed initialize control message authentication
Aug 31 16:50:52 dhcp6c: client6_init: skip opening control port
