To : Debian Bug Tracking System <submit@bugs.debian.org>
Subject : Bug#880152: flash-kernel: please echo cmdline before starting the kernel
From : Adam Borowski <kilobyte@angband.pl>
Date : Mon, 30 Oct 2017 02:36:47 +0100
Message-id : 150932740775.3638.4493208307100476606.reportbug@localhost
Reply-to : Adam Borowski <kilobyte@angband.pl>, 880152@bugs.debian.org


Package: flash-kernel
Version: 3.87
Severity: wishlist
Hi!
It would be nice if you could echo kernel cmdline before passing control.
Currently there's:
    echo "Booting Debian from ${devtype} ${devnum}:${partition}..."
I can edit the bootscript myself, but having this by default would help
anyone who sees:
.----
Found U-Boot script /boot.scr
3075 bytes read in 17 ms (175.8 KiB/s)
## Executing script at 50000000
4883208 bytes read in 191 ms (24.4 MiB/s)
54983 bytes read in 28 ms (1.9 MiB/s)
5465464 bytes read in 204 ms (25.5 MiB/s)
Booting Debian 4.14.0-rc7-01315-g371bf91a0a3f from mmc 0:1...
Kernel image @ 0x42000000 [ 0x000000 - 0x4a8308 ]
## Flattened Device Tree blob at 43000000
   Booting using the fdt blob at 0x43000000
   Loading Ramdisk to 4fac9000, end 4ffff578 ... OK
   Loading Device Tree to 4fab8000, end 4fac86c6 ... OK
Starting kernel ...
`----
then nothing.
(This particular board uses bootscript.odroid, but this extra line can't
hurt elsewhere.)
-- System Information:
Debian Release: buster/sid
  APT prefers unstable-debug
  APT policy: (500, 'unstable-debug'), (500, 'unstable'), (500, 'testing'), (1, 'experimental')
Architecture: armhf (armv7l)
Kernel: Linux 4.14.0-rc3-00467-gdcd7e571b12b (SMP w/4 CPU cores; PREEMPT)
Locale: LANG=C.UTF-8, LC_CTYPE=C.UTF-8 (charmap=UTF-8), LANGUAGE=C.UTF-8 (charmap=UTF-8)
Shell: /bin/sh linked to /bin/dash
Init: sysvinit (via /sbin/init)
Versions of packages flash-kernel depends on:
ii  debconf [debconf-2.0]  1.5.64
ii  devio                  1.2-1.2+b1
ii  initramfs-tools        0.130
ii  linux-base             4.5
ii  mtd-utils              1:2.0.1-1
ii  ucf                    3.0036
Versions of packages flash-kernel recommends:
ii  u-boot-tools  2017.09+dfsg1-3
flash-kernel suggests no packages.
-- debconf information:
  flash-kernel/linux_cmdline: quiet